[23:14:04] waiting for the planner's push-and-pull block
[23:14:11] planner up, EE offset array('d', [0.0, 0.155, 0.065])
[23:14:11] waiting for the box (Isaac)
[23:14:46] box up; letting PX4 / the arm stack settle
[23:15:31] flying
[   0.03s] planner: IDLE
[   0.03s] push_pull: NOT IN DIRECT
[   0.48s] box at rest [1.2, 0.25, 0.83]
[   1.28s] reset: success=True push-and-pull progress and plan cleared (the box capture and the typed points kept)
[   1.33s] adjust: success=True start mark and land point moved by [0.100, -0.070] m (the box is measured and not moved); press Plan
[   2.38s] capture_box: success=True captured the box at [1.200, 0.250, 0.830] m, yaw -0.0 deg from /obj_0/mocap (125 samples, spread 1.7 mm); the EE offset is applied in this box frame -- press Plan
[   3.43s] offboard: success=True Offboard mode request sent
[   6.48s] arm: success=True Arm command sent
[   8.48s] climbing to 1.0 m
[  22.07s] planner: HOLD
[  22.07s] push_pull: NOT PLANNED: press Plan
[  22.12s] set_direct_mode(true): success=True Switched to DIRECT mode
[  22.12s] MARK direct
[  37.14s] push_pull: PLANNING
[  37.15s] push_pull: READY next=go_to_start
[  37.19s] plan: success=True planning the five steps from the current hold -- the status reads READY when done
[  37.19s] planned step durations [9.8, 3.2, 13.5, 9.5, 23.9] s
[  37.19s] MARK go_to_start:start
[  37.19s] planner: CALCULATING
[  37.19s] push_pull: FLYING go_to_start
[  37.19s] planner: EXECUTING T=9.8s
[  37.19s] push_pull: FLYING go_to_start T=9.8s
[  37.24s] go_to_start: success=True go_to_start: planning from the current hold; it executes as soon as it is planned
[  37.24s] go_to_start: executing, T = 9.8 s
[  47.01s] planner: HOLD
[  47.01s] push_pull: DONE go_to_start next=ready (the gripper opens first) -- claw 13 mm from the point above the handle (tolerance 50 mm)
[  47.06s] MARK go_to_start:end
[  47.06s] MARK ready:start
[  47.06s] MARK gripper_open:start
[  47.06s] gripper open: at -0.0 deg
[  47.06s] MARK gripper_open:end
[  47.09s] push_pull: DONE go_to_start next=ready (the gripper opens first) -- claw 12 mm from the point above the handle (tolerance 50 mm)
[  47.19s] push_pull: DONE go_to_start next=ready (the gripper opens first) -- claw 11 mm from the point above the handle (tolerance 50 mm)
[  47.29s] push_pull: DONE go_to_start next=ready (the gripper opens first) -- claw 9 mm from the point above the handle (tolerance 50 mm)
[  47.39s] push_pull: DONE go_to_start next=ready (the gripper opens first) -- claw 7 mm from the point above the handle (tolerance 50 mm)
[  47.49s] push_pull: DONE go_to_start next=ready (the gripper opens first) -- claw 6 mm from the point above the handle (tolerance 50 mm)
[  47.59s] push_pull: DONE go_to_start next=ready (the gripper opens first) -- claw 4 mm from the point above the handle (tolerance 50 mm)
[  47.79s] push_pull: DONE go_to_start next=ready (the gripper opens first) -- claw 5 mm from the point above the handle (tolerance 50 mm)
[  47.89s] push_pull: DONE go_to_start next=ready (the gripper opens first) -- claw 3 mm from the point above the handle (tolerance 50 mm)
[  47.99s] push_pull: DONE go_to_start next=ready (the gripper opens first) -- claw 1 mm from the point above the handle (tolerance 50 mm)
[  48.09s] push_pull: DONE go_to_start next=ready (the gripper opens first) -- claw 3 mm from the point above the handle (tolerance 50 mm)
[  48.19s] push_pull: DONE go_to_start next=ready (the gripper opens first) -- claw 2 mm from the point above the handle (tolerance 50 mm)
[  48.49s] push_pull: DONE go_to_start next=ready (the gripper opens first) -- claw 3 mm from the point above the handle (tolerance 50 mm)
[  48.59s] push_pull: DONE go_to_start next=ready (the gripper opens first) -- claw 4 mm from the point above the handle (tolerance 50 mm)
[  48.69s] push_pull: DONE go_to_start next=ready (the gripper opens first) -- claw 2 mm from the point above the handle (tolerance 50 mm)
[  48.79s] push_pull: DONE go_to_start next=ready (the gripper opens first) -- claw 1 mm from the point above the handle (tolerance 50 mm)
[  48.99s] push_pull: DONE go_to_start next=ready (the gripper opens first) -- claw 3 mm from the point above the handle (tolerance 50 mm)
[  49.06s] planner: CALCULATING
[  49.06s] push_pull: FLYING ready
[  49.06s] planner: EXECUTING T=3.2s
[  49.06s] push_pull: FLYING ready T=3.2s
[  49.11s] ready: success=True ready: planning from the current hold; it executes as soon as it is planned (goal trimmed by [1.0, -0.3, 0.6] mm, the hover error)
[  49.11s] ready: executing, T = 3.2 s
[  52.29s] planner: HOLD
[  52.29s] push_pull: DONE ready next=push (CONTACT on: the gripper closes first)
[  52.32s] MARK ready:end
[  52.32s] MARK close:start
[  52.62s] close: claw 2.2 mm from the grasp point, +0.2 mm across the fin after 0.3 s
[  52.62s] MARK gripper_close:start
[  53.98s] gripper close (action): stalled=True reached=False position 0.0012 m, at -30.7 deg
[  53.98s] MARK gripper_close:end
[  53.98s] MARK push:start
[  53.98s] planner: CALCULATING
[  53.98s] push_pull: FLYING push (CONTACT)
[  53.99s] planner: EXECUTING T=13.5s
[  53.99s] push_pull: FLYING push (CONTACT) T=13.5s
[  54.03s] push: success=True push: planning from the current hold; it executes as soon as it is planned -- CONTACT phase on, the push holds 1.5 s, then slides 0.5 m
[  54.03s] push: executing, T = 13.5 s
[  66.39s] planner: CALCULATING
[  66.39s] push_pull: ABORTING (SAFETY GUARD: push force 2947.8 N > 5.0 N) -- gripper open, contact off, climbing 0.30 m, then the arm home
[  66.39s] gripper OPEN (the planner is aborting)
[  66.40s] planner: EXECUTING T=11.0s
[  66.41s] ABORT: push-and-pull ABORTED while push complete: ABORTING (SAFETY GUARD: push force 2947.8 N > 5.0 N) -- gripper open, contact off, climbing 0.30 m, then the arm home
[  71.73s] planner: IDLE
[  71.73s] push_pull: NOT IN DIRECT
[  71.77s] planner abort finished: NOT IN DIRECT
[  79.78s] landing by reference
[  92.79s] disarm: success=True Disarm command sent
saved /home/shiqi/fsc_PegasusSimulator/docs/docs_aerial_manipulator/archive/push_pull_20261003/tools/../runs/pl_20.npz
ABORTED: push-and-pull ABORTED while push complete: ABORTING (SAFETY GUARD: push force 2947.8 N > 5.0 N) -- gripper open, contact off, climbing 0.30 m, then the arm home
[23:17:05] done
