[15:38:02] waiting for the planner's push-and-pull block
[15:38:09] planner up, EE offset array('d', [0.0, 0.0, 0.2255])
[15:38:09] waiting for the box (Isaac)
[15:38:45] box up; letting PX4 / the arm stack settle
[15:39:30] flying
[   0.03s] planner: IDLE
[   0.03s] push_pull: NOT IN DIRECT
[   0.18s] box at rest [1.2, -0.25, 0.8475]
[   0.23s] reset: success=True push-and-pull progress and plan cleared (the box capture and the typed points kept)
[   0.28s] adjust: success=True start mark and land point moved by [0.100, -0.071] m (the box is measured and not moved); press Plan
[   1.33s] capture_box: success=True captured the box at [1.200, -0.250, 0.847] m, yaw -0.0 deg from /obj_0/mocap (125 samples, spread 1.7 mm); the EE offset is applied in this box frame -- press Plan
[   2.38s] offboard: success=True Offboard mode request sent
[   5.43s] arm: success=True Arm command sent
[   7.44s] climbing to 1.3 m
[  19.62s] planner: HOLD
[  19.62s] push_pull: NOT PLANNED: press Plan
[  19.67s] set_direct_mode(true): success=True Switched to DIRECT mode
[  19.67s] MARK direct
[  34.68s] push_pull: PLANNING
[  34.70s] push_pull: READY next=go_to_start
[  34.73s] plan: success=True planning the five steps from the current hold -- the status reads READY when done
[  34.73s] planned step durations [8.3, 3.0, 13.5, 6.0, 23.9] s
[  34.73s] MARK go_to_start:start
[  34.73s] planner: CALCULATING
[  34.73s] push_pull: FLYING go_to_start
[  34.74s] planner: EXECUTING T=8.3s
[  34.74s] push_pull: FLYING go_to_start T=8.3s
[  34.78s] go_to_start: success=True go_to_start: planning from the current hold; it executes as soon as it is planned
[  34.78s] go_to_start: executing, T = 8.3 s
[  43.02s] planner: HOLD
[  43.02s] push_pull: DONE go_to_start next=ready (the gripper opens first) -- claw 9 mm from the point above the handle (tolerance 50 mm)
[  43.05s] MARK go_to_start:end
[  43.05s] MARK ready:start
[  43.05s] MARK gripper_open:start
[  43.05s] gripper open: at -0.0 deg
[  43.05s] MARK gripper_open:end
[  43.09s] push_pull: DONE go_to_start next=ready (the gripper opens first) -- claw 8 mm from the point above the handle (tolerance 50 mm)
[  43.19s] push_pull: DONE go_to_start next=ready (the gripper opens first) -- claw 9 mm from the point above the handle (tolerance 50 mm)
[  43.39s] push_pull: DONE go_to_start next=ready (the gripper opens first) -- claw 6 mm from the point above the handle (tolerance 50 mm)
[  43.49s] push_pull: DONE go_to_start next=ready (the gripper opens first) -- claw 5 mm from the point above the handle (tolerance 50 mm)
[  43.79s] push_pull: DONE go_to_start next=ready (the gripper opens first) -- claw 3 mm from the point above the handle (tolerance 50 mm)
[  43.89s] push_pull: DONE go_to_start next=ready (the gripper opens first) -- claw 2 mm from the point above the handle (tolerance 50 mm)
[  44.09s] push_pull: DONE go_to_start next=ready (the gripper opens first) -- claw 0 mm from the point above the handle (tolerance 50 mm)
[  44.19s] push_pull: DONE go_to_start next=ready (the gripper opens first) -- claw 1 mm from the point above the handle (tolerance 50 mm)
[  44.29s] push_pull: DONE go_to_start next=ready (the gripper opens first) -- claw 3 mm from the point above the handle (tolerance 50 mm)
[  44.49s] push_pull: DONE go_to_start next=ready (the gripper opens first) -- claw 4 mm from the point above the handle (tolerance 50 mm)
[  44.59s] push_pull: DONE go_to_start next=ready (the gripper opens first) -- claw 8 mm from the point above the handle (tolerance 50 mm)
[  44.69s] push_pull: DONE go_to_start next=ready (the gripper opens first) -- claw 2 mm from the point above the handle (tolerance 50 mm)
[  44.79s] push_pull: DONE go_to_start next=ready (the gripper opens first) -- claw 4 mm from the point above the handle (tolerance 50 mm)
[  44.99s] push_pull: DONE go_to_start next=ready (the gripper opens first) -- claw 3 mm from the point above the handle (tolerance 50 mm)
[  45.05s] planner: CALCULATING
[  45.05s] push_pull: FLYING ready
[  45.06s] planner: EXECUTING T=3.0s
[  45.06s] push_pull: FLYING ready T=3.0s
[  45.10s] ready: success=True ready: planning from the current hold; it executes as soon as it is planned (goal trimmed by [0.0, 0.1, 0.1] mm, the hover error)
[  45.10s] ready: executing, T = 3.0 s
[  48.06s] planner: HOLD
[  48.06s] push_pull: DONE ready next=push (CONTACT on: the gripper closes first)
[  48.06s] MARK ready:end
[  48.06s] MARK close:start
[  50.31s] close: claw 3.4 mm from the grasp point, +1.3 mm across the fin after 2.3 s
[  50.31s] MARK gripper_close:start
[  51.81s] gripper close (action): stalled=True reached=False position 0.0057 m, at -23.0 deg
[  51.81s] MARK gripper_close:end
[  51.81s] MARK push:start
[  51.81s] planner: CALCULATING
[  51.81s] push_pull: FLYING push (CONTACT)
[  51.82s] planner: EXECUTING T=13.5s
[  51.82s] push_pull: FLYING push (CONTACT) T=13.5s
[  51.86s] push: success=True push: planning from the current hold; it executes as soon as it is planned -- CONTACT phase on, the push holds 1.5 s, then slides -0.5 m
[  51.86s] push: executing, T = 13.5 s
[  57.66s] planner: CALCULATING
[  57.66s] push_pull: ABORTING (SAFETY GUARD: push force 22.6 N > 5.0 N) -- gripper open, contact off, climbing 0.30 m, then the arm home
[  57.66s] gripper OPEN (the planner is aborting)
[  57.66s] planner: EXECUTING T=7.5s
[  57.68s] ABORT: push-and-pull ABORTED while push complete: ABORTING (SAFETY GUARD: push force 22.6 N > 5.0 N) -- gripper open, contact off, climbing 0.30 m, then the arm home
[  57.82s] planner: IDLE
[  57.82s] push_pull: NOT IN DIRECT
[  57.83s] planner abort finished: NOT IN DIRECT
[  65.83s] landing by reference
[  77.90s] disarm: success=True Disarm command sent
saved /home/shiqi/fsc_PegasusSimulator/docs/docs_aerial_manipulator/archive/push_pull_20261003/tools/../runs/pl_65.npz
ABORTED: push-and-pull ABORTED while push complete: ABORTING (SAFETY GUARD: push force 22.6 N > 5.0 N) -- gripper open, contact off, climbing 0.30 m, then the arm home
[15:40:49] done
