[23:27:27] waiting for the planner's push-and-pull block
[23:27:33] planner up, EE offset array('d', [0.0, 0.155, 0.065])
[23:27:33] waiting for the box (Isaac)
[23:28:09] box up; letting PX4 / the arm stack settle
[23:28:54] flying
[   0.99s] planner: IDLE
[   1.00s] push_pull: NOT IN DIRECT
[   1.03s] box at rest [1.2, 0.25, 0.83]
[   1.08s] reset: success=True push-and-pull progress and plan cleared (the box capture and the typed points kept)
[   1.13s] adjust: success=True start mark and land point moved by [0.101, -0.070] m (the box is measured and not moved); press Plan
[   2.18s] capture_box: success=True captured the box at [1.200, 0.250, 0.830] m, yaw -0.0 deg from /obj_0/mocap (125 samples, spread 1.7 mm); the EE offset is applied in this box frame -- press Plan
[   3.23s] offboard: success=True Offboard mode request sent
[   6.28s] arm: success=True Arm command sent
[   8.28s] climbing to 1.0 m
[  20.67s] planner: HOLD
[  20.67s] push_pull: NOT PLANNED: press Plan
[  20.72s] set_direct_mode(true): success=True Switched to DIRECT mode
[  20.72s] MARK direct
[  35.74s] push_pull: PLANNING
[  35.75s] push_pull: READY next=go_to_start
[  35.78s] plan: success=True planning the five steps from the current hold -- the status reads READY when done
[  35.79s] planned step durations [9.7, 3.2, 13.5, 9.5, 23.9] s
[  35.79s] MARK go_to_start:start
[  35.79s] planner: CALCULATING
[  35.79s] push_pull: FLYING go_to_start
[  35.79s] planner: EXECUTING T=9.7s
[  35.79s] push_pull: FLYING go_to_start T=9.7s
[  35.84s] go_to_start: success=True go_to_start: planning from the current hold; it executes as soon as it is planned
[  35.84s] go_to_start: executing, T = 9.7 s
[  45.53s] planner: HOLD
[  45.53s] push_pull: DONE go_to_start next=ready (the gripper opens first) -- claw 6 mm from the point above the handle (tolerance 50 mm)
[  45.55s] MARK go_to_start:end
[  45.55s] MARK ready:start
[  45.55s] MARK gripper_open:start
[  45.55s] gripper open: at -0.0 deg
[  45.55s] MARK gripper_open:end
[  45.57s] push_pull: DONE go_to_start next=ready (the gripper opens first) -- claw 5 mm from the point above the handle (tolerance 50 mm)
[  45.77s] push_pull: DONE go_to_start next=ready (the gripper opens first) -- claw 6 mm from the point above the handle (tolerance 50 mm)
[  45.87s] push_pull: DONE go_to_start next=ready (the gripper opens first) -- claw 4 mm from the point above the handle (tolerance 50 mm)
[  45.97s] push_pull: DONE go_to_start next=ready (the gripper opens first) -- claw 3 mm from the point above the handle (tolerance 50 mm)
[  46.27s] push_pull: DONE go_to_start next=ready (the gripper opens first) -- claw 1 mm from the point above the handle (tolerance 50 mm)
[  46.37s] push_pull: DONE go_to_start next=ready (the gripper opens first) -- claw 3 mm from the point above the handle (tolerance 50 mm)
[  46.57s] push_pull: DONE go_to_start next=ready (the gripper opens first) -- claw 2 mm from the point above the handle (tolerance 50 mm)
[  46.67s] push_pull: DONE go_to_start next=ready (the gripper opens first) -- claw 3 mm from the point above the handle (tolerance 50 mm)
[  46.77s] push_pull: DONE go_to_start next=ready (the gripper opens first) -- claw 5 mm from the point above the handle (tolerance 50 mm)
[  46.97s] push_pull: DONE go_to_start next=ready (the gripper opens first) -- claw 2 mm from the point above the handle (tolerance 50 mm)
[  47.07s] push_pull: DONE go_to_start next=ready (the gripper opens first) -- claw 3 mm from the point above the handle (tolerance 50 mm)
[  47.17s] push_pull: DONE go_to_start next=ready (the gripper opens first) -- claw 1 mm from the point above the handle (tolerance 50 mm)
[  47.27s] push_pull: DONE go_to_start next=ready (the gripper opens first) -- claw 2 mm from the point above the handle (tolerance 50 mm)
[  47.37s] push_pull: DONE go_to_start next=ready (the gripper opens first) -- claw 3 mm from the point above the handle (tolerance 50 mm)
[  47.47s] push_pull: DONE go_to_start next=ready (the gripper opens first) -- claw 5 mm from the point above the handle (tolerance 50 mm)
[  47.56s] planner: CALCULATING
[  47.56s] push_pull: FLYING ready
[  47.56s] planner: EXECUTING T=3.2s
[  47.56s] push_pull: FLYING ready T=3.2s
[  47.61s] ready: success=True ready: planning from the current hold; it executes as soon as it is planned (goal trimmed by [0.9, -0.3, 1.2] mm, the hover error)
[  47.61s] ready: executing, T = 3.2 s
[  50.79s] planner: HOLD
[  50.79s] push_pull: DONE ready next=push (CONTACT on: the gripper closes first)
[  50.81s] MARK ready:end
[  50.81s] MARK close:start
[  51.11s] close: claw 3.2 mm from the grasp point, +0.1 mm across the fin after 0.3 s
[  51.11s] MARK gripper_close:start
[  52.90s] gripper close (action): stalled=True reached=False position -0.0024 m, at -36.8 deg
[  52.90s] MARK gripper_close:end
[  52.90s] MARK push:start
[  52.90s] planner: CALCULATING
[  52.90s] push_pull: FLYING push (CONTACT)
[  52.90s] planner: EXECUTING T=13.5s
[  52.90s] push_pull: FLYING push (CONTACT) T=13.5s
[  52.95s] push: success=True push: planning from the current hold; it executes as soon as it is planned -- CONTACT phase on, the push holds 1.5 s, then slides 0.5 m
[  52.95s] push: executing, T = 13.5 s
[  66.41s] planner: HOLD
[  66.41s] push_pull: DONE push next=exit (the gripper opens first)
[  66.43s] MARK push:end
[  66.43s] push: the box moved [+18, -498, +0] mm
[  67.43s] MARK release:start
[  67.43s] MARK gripper_release:start
[  69.18s] gripper release: at -2.6 deg
[  69.18s] MARK gripper_release:end
[  70.18s] MARK exit:start
[  70.18s] planner: CALCULATING
[  70.18s] push_pull: FLYING exit
[  70.19s] planner: EXECUTING T=9.5s
[  70.19s] push_pull: FLYING exit T=9.5s
[  70.23s] exit: success=True exit: planning from the current hold; it executes as soon as it is planned
[  70.23s] exit: executing, T = 9.5 s
[  79.74s] planner: HOLD
[  79.74s] push_pull: DONE exit next=go_to_land
[  79.75s] MARK exit:end
[  81.75s] MARK go_to_land:start
[  81.75s] planner: CALCULATING
[  81.75s] push_pull: FLYING go_to_land
[  81.75s] planner: EXECUTING T=23.9s
[  81.75s] push_pull: FLYING go_to_land T=23.9s
[  81.80s] go_to_land: success=True go_to_land: planning from the current hold; it executes as soon as it is planned
[  81.80s] go_to_land: executing, T = 23.9 s
[ 105.70s] planner: HOLD
[ 105.70s] push_pull: COMPLETE -- touch down with SAFETY -> land
[ 105.74s] MARK go_to_land:end
[ 110.75s] mission complete
[ 110.75s] planner: IDLE
[ 110.75s] push_pull: NOT IN DIRECT
[ 110.80s] set_direct_mode(false): success=True Switched to SAFETY mode
[ 116.80s] landing by reference
[ 131.16s] disarm: success=True Disarm command sent
saved /home/shiqi/fsc_PegasusSimulator/docs/docs_aerial_manipulator/archive/push_pull_20261003/tools/../runs/pl_23.npz
completed
[23:31:07] done
