[23:01:59] waiting for the planner's push-and-pull block
[23:02:05] planner up, EE offset array('d', [0.0, 0.155, 0.065])
[23:02:05] waiting for the box (Isaac)
[23:02:42] box up; letting PX4 / the arm stack settle
[23:03:27] flying
[   1.06s] planner: IDLE
[   1.06s] push_pull: NOT IN DIRECT
[   1.08s] box at rest [1.2, 0.25, 0.83]
[   1.13s] reset: success=True push-and-pull progress and plan cleared (the box capture and the typed points kept)
[   1.18s] adjust: success=True start mark and land point moved by [0.103, -0.074] m (the box is measured and not moved); press Plan
[   2.23s] capture_box: success=True captured the box at [1.200, 0.250, 0.830] m, yaw -0.0 deg from /obj_0/mocap (125 samples, spread 1.9 mm); the EE offset is applied in this box frame -- press Plan
[   3.28s] offboard: success=True Offboard mode request sent
[   6.33s] arm: success=True Arm command sent
[   8.33s] climbing to 1.0 m
[  19.96s] planner: HOLD
[  19.96s] push_pull: NOT PLANNED: press Plan
[  20.01s] set_direct_mode(true): success=True Switched to DIRECT mode
[  20.01s] MARK direct
[  35.03s] push_pull: PLANNING
[  35.04s] push_pull: READY next=go_to_start
[  35.08s] plan: success=True planning the five steps from the current hold -- the status reads READY when done
[  35.08s] planned step durations [9.7, 3.2, 13.5, 9.5, 23.9] s
[  35.08s] MARK go_to_start:start
[  35.08s] planner: CALCULATING
[  35.08s] push_pull: FLYING go_to_start
[  35.08s] planner: EXECUTING T=9.7s
[  35.08s] push_pull: FLYING go_to_start T=9.7s
[  35.13s] go_to_start: success=True go_to_start: planning from the current hold; it executes as soon as it is planned
[  35.13s] go_to_start: executing, T = 9.7 s
[  44.79s] planner: HOLD
[  44.79s] push_pull: DONE go_to_start next=ready (the gripper opens first) -- claw 9 mm from the point above the handle (tolerance 50 mm)
[  44.80s] MARK go_to_start:end
[  44.80s] MARK ready:start
[  44.80s] MARK gripper_open:start
[  44.80s] gripper open: at -0.0 deg
[  44.80s] MARK gripper_open:end
[  44.82s] push_pull: DONE go_to_start next=ready (the gripper opens first) -- claw 7 mm from the point above the handle (tolerance 50 mm)
[  44.92s] push_pull: DONE go_to_start next=ready (the gripper opens first) -- claw 4 mm from the point above the handle (tolerance 50 mm)
[  45.02s] push_pull: DONE go_to_start next=ready (the gripper opens first) -- claw 3 mm from the point above the handle (tolerance 50 mm)
[  45.11s] push_pull: DONE go_to_start next=ready (the gripper opens first) -- claw 2 mm from the point above the handle (tolerance 50 mm)
[  45.32s] push_pull: DONE go_to_start next=ready (the gripper opens first) -- claw 3 mm from the point above the handle (tolerance 50 mm)
[  45.52s] push_pull: DONE go_to_start next=ready (the gripper opens first) -- claw 5 mm from the point above the handle (tolerance 50 mm)
[  45.62s] push_pull: DONE go_to_start next=ready (the gripper opens first) -- claw 4 mm from the point above the handle (tolerance 50 mm)
[  45.72s] push_pull: DONE go_to_start next=ready (the gripper opens first) -- claw 3 mm from the point above the handle (tolerance 50 mm)
[  45.92s] push_pull: DONE go_to_start next=ready (the gripper opens first) -- claw 5 mm from the point above the handle (tolerance 50 mm)
[  46.02s] push_pull: DONE go_to_start next=ready (the gripper opens first) -- claw 2 mm from the point above the handle (tolerance 50 mm)
[  46.21s] push_pull: DONE go_to_start next=ready (the gripper opens first) -- claw 3 mm from the point above the handle (tolerance 50 mm)
[  46.32s] push_pull: DONE go_to_start next=ready (the gripper opens first) -- claw 2 mm from the point above the handle (tolerance 50 mm)
[  46.52s] push_pull: DONE go_to_start next=ready (the gripper opens first) -- claw 1 mm from the point above the handle (tolerance 50 mm)
[  46.62s] push_pull: DONE go_to_start next=ready (the gripper opens first) -- claw 3 mm from the point above the handle (tolerance 50 mm)
[  46.72s] push_pull: DONE go_to_start next=ready (the gripper opens first) -- claw 1 mm from the point above the handle (tolerance 50 mm)
[  46.80s] planner: CALCULATING
[  46.80s] push_pull: FLYING ready
[  46.80s] planner: EXECUTING T=3.2s
[  46.80s] push_pull: FLYING ready T=3.2s
[  46.85s] ready: success=True ready: planning from the current hold; it executes as soon as it is planned (goal trimmed by [0.3, -0.3, 1.0] mm, the hover error)
[  46.85s] ready: executing, T = 3.2 s
[  50.02s] planner: HOLD
[  50.02s] push_pull: DONE ready next=push (CONTACT on: the gripper closes first)
[  50.06s] MARK ready:end
[  50.06s] MARK close:start
[  50.36s] close: claw 2.6 mm from the grasp point, +0.7 mm across the fin after 0.3 s
[  50.36s] MARK gripper_close:start
[  51.62s] gripper close (action): stalled=True reached=False position 0.0031 m, at -27.4 deg
[  51.62s] MARK gripper_close:end
[  51.62s] MARK push:start
[  51.62s] planner: CALCULATING
[  51.62s] push_pull: FLYING push (CONTACT)
[  51.62s] planner: EXECUTING T=13.5s
[  51.62s] push_pull: FLYING push (CONTACT) T=13.5s
[  51.67s] push: success=True push: planning from the current hold; it executes as soon as it is planned -- CONTACT phase on, the push holds 1.5 s, then slides 0.5 m
[  51.67s] push: executing, T = 13.5 s
[  54.38s] planner: CALCULATING
[  54.38s] push_pull: ABORTING (SAFETY GUARD: push force 400.0 N > 5.0 N) -- gripper open, contact off, climbing 0.30 m, then the arm home
[  54.38s] gripper OPEN (the planner is aborting)
[  54.39s] planner: EXECUTING T=11.0s
[  54.43s] ABORT: push-and-pull ABORTED while push complete: ABORTING (SAFETY GUARD: push force 400.0 N > 5.0 N) -- gripper open, contact off, climbing 0.30 m, then the arm home
[  55.08s] planner: IDLE
[  55.08s] planner abort finished: ABORTING (SAFETY GUARD: push force 400.0 N > 5.0 N) -- gripper open, contact off, climbing 0.30 m, then the arm home
[  55.08s] push_pull: NOT IN DIRECT
[  63.09s] landing by reference
[  75.15s] disarm: success=True Disarm command sent
saved /home/shiqi/fsc_PegasusSimulator/docs/docs_aerial_manipulator/archive/push_pull_20261003/tools/../runs/pl_17.npz
ABORTED: push-and-pull ABORTED while push complete: ABORTING (SAFETY GUARD: push force 400.0 N > 5.0 N) -- gripper open, contact off, climbing 0.30 m, then the arm home
[23:04:43] done
