[11:08:51] waiting for the planner's push-and-pull block
[11:08:57] planner up, EE offset array('d', [0.0, 0.0, 0.1825])
[11:08:57] waiting for the box (Isaac)
[11:09:33] box up; letting PX4 / the arm stack settle
[11:10:18] flying
[   0.03s] planner: IDLE
[   0.03s] push_pull: NOT IN DIRECT
[   0.48s] box at rest [1.2, 0.25, 0.8475]
[   1.28s] reset: success=True push-and-pull progress and plan cleared (the box capture and the typed points kept)
[   1.33s] adjust: success=True start mark and land point moved by [0.102, -0.072] m (the box is measured and not moved); press Plan
[   2.38s] capture_box: success=True captured the box at [1.200, 0.250, 0.848] m, yaw -0.0 deg from /obj_0/mocap (125 samples, spread 1.7 mm); the EE offset is applied in this box frame -- press Plan
[   3.43s] offboard: success=True Offboard mode request sent
[   6.48s] arm: success=True Arm command sent
[   8.49s] climbing to 1.3 m
[  19.17s] planner: HOLD
[  19.17s] push_pull: NOT PLANNED: press Plan
[  19.22s] set_direct_mode(true): success=True Switched to DIRECT mode
[  19.22s] MARK direct
[  34.23s] push_pull: PLANNING
[  34.24s] push_pull: READY next=go_to_start
[  34.28s] plan: success=True planning the five steps from the current hold -- the status reads READY when done
[  34.28s] planned step durations [9.4, 3.0, 13.5, 6.0, 23.9] s
[  34.28s] MARK go_to_start:start
[  34.28s] planner: CALCULATING
[  34.28s] push_pull: FLYING go_to_start
[  34.28s] planner: EXECUTING T=9.4s
[  34.28s] push_pull: FLYING go_to_start T=9.4s
[  34.33s] go_to_start: success=True go_to_start: planning from the current hold; it executes as soon as it is planned
[  34.33s] go_to_start: executing, T = 9.4 s
[  43.73s] planner: HOLD
[  43.73s] push_pull: DONE go_to_start next=ready (the gripper opens first) -- claw 17 mm from the point above the handle (tolerance 50 mm)
[  43.75s] MARK go_to_start:end
[  43.75s] MARK ready:start
[  43.75s] MARK gripper_open:start
[  43.75s] gripper open: at -0.0 deg
[  43.75s] MARK gripper_open:end
[  43.82s] push_pull: DONE go_to_start next=ready (the gripper opens first) -- claw 15 mm from the point above the handle (tolerance 50 mm)
[  43.92s] push_pull: DONE go_to_start next=ready (the gripper opens first) -- claw 13 mm from the point above the handle (tolerance 50 mm)
[  44.02s] push_pull: DONE go_to_start next=ready (the gripper opens first) -- claw 11 mm from the point above the handle (tolerance 50 mm)
[  44.12s] push_pull: DONE go_to_start next=ready (the gripper opens first) -- claw 9 mm from the point above the handle (tolerance 50 mm)
[  44.22s] push_pull: DONE go_to_start next=ready (the gripper opens first) -- claw 8 mm from the point above the handle (tolerance 50 mm)
[  44.32s] push_pull: DONE go_to_start next=ready (the gripper opens first) -- claw 6 mm from the point above the handle (tolerance 50 mm)
[  44.42s] push_pull: DONE go_to_start next=ready (the gripper opens first) -- claw 7 mm from the point above the handle (tolerance 50 mm)
[  44.52s] push_pull: DONE go_to_start next=ready (the gripper opens first) -- claw 6 mm from the point above the handle (tolerance 50 mm)
[  44.62s] push_pull: DONE go_to_start next=ready (the gripper opens first) -- claw 4 mm from the point above the handle (tolerance 50 mm)
[  44.82s] push_pull: DONE go_to_start next=ready (the gripper opens first) -- claw 3 mm from the point above the handle (tolerance 50 mm)
[  45.02s] push_pull: DONE go_to_start next=ready (the gripper opens first) -- claw 2 mm from the point above the handle (tolerance 50 mm)
[  45.12s] push_pull: DONE go_to_start next=ready (the gripper opens first) -- claw 7 mm from the point above the handle (tolerance 50 mm)
[  45.22s] push_pull: DONE go_to_start next=ready (the gripper opens first) -- claw 3 mm from the point above the handle (tolerance 50 mm)
[  45.32s] push_pull: DONE go_to_start next=ready (the gripper opens first) -- claw 2 mm from the point above the handle (tolerance 50 mm)
[  45.42s] push_pull: DONE go_to_start next=ready (the gripper opens first) -- claw 6 mm from the point above the handle (tolerance 50 mm)
[  45.51s] push_pull: DONE go_to_start next=ready (the gripper opens first) -- claw 3 mm from the point above the handle (tolerance 50 mm)
[  45.62s] push_pull: DONE go_to_start next=ready (the gripper opens first) -- claw 4 mm from the point above the handle (tolerance 50 mm)
[  45.72s] push_pull: DONE go_to_start next=ready (the gripper opens first) -- claw 3 mm from the point above the handle (tolerance 50 mm)
[  45.75s] planner: CALCULATING
[  45.75s] push_pull: FLYING ready
[  45.76s] planner: EXECUTING T=3.0s
[  45.76s] push_pull: FLYING ready T=3.0s
[  45.80s] ready: success=True ready: planning from the current hold; it executes as soon as it is planned (goal trimmed by [1.0, 1.0, 0.4] mm, the hover error)
[  45.80s] ready: executing, T = 3.0 s
[  48.76s] planner: HOLD
[  48.76s] push_pull: DONE ready next=push (CONTACT on: the gripper closes first)
[  48.81s] MARK ready:end
[  48.81s] MARK close:start
[  49.11s] close: claw 2.6 mm from the grasp point, -1.8 mm across the fin after 0.3 s
[  49.11s] MARK gripper_close:start
[  50.57s] gripper close (action): stalled=True reached=False position -0.0003 m, at -33.3 deg
[  50.57s] MARK gripper_close:end
[  50.57s] MARK push:start
[  50.58s] planner: CALCULATING
[  50.58s] push_pull: FLYING push (CONTACT)
[  50.58s] planner: EXECUTING T=13.5s
[  50.58s] push_pull: FLYING push (CONTACT) T=13.5s
[  50.62s] push: success=True push: planning from the current hold; it executes as soon as it is planned -- CONTACT phase on, the push holds 1.5 s, then slides 0.5 m
[  50.63s] push: executing, T = 13.5 s
[  61.13s] planner: CALCULATING
[  61.13s] push_pull: ABORTING (SAFETY GUARD: push force 6.3 N > 5.0 N) -- gripper open, contact off, climbing 0.30 m, then the arm home
[  61.13s] gripper OPEN (the planner is aborting)
[  61.14s] planner: EXECUTING T=7.5s
[  61.15s] ABORT: push-and-pull ABORTED while push complete: ABORTING (SAFETY GUARD: push force 6.3 N > 5.0 N) -- gripper open, contact off, climbing 0.30 m, then the arm home
[  61.77s] planner: IDLE
[  61.77s] push_pull: NOT IN DIRECT
[  61.80s] planner abort finished: NOT IN DIRECT
[  69.81s] landing by reference
[  81.97s] disarm: success=True Disarm command sent
saved /home/shiqi/fsc_PegasusSimulator/docs/docs_aerial_manipulator/archive/push_pull_20261003/tools/../runs/pl_47.npz
ABORTED: push-and-pull ABORTED while push complete: ABORTING (SAFETY GUARD: push force 6.3 N > 5.0 N) -- gripper open, contact off, climbing 0.30 m, then the arm home
[11:11:41] done
