[23:31:34] waiting for the planner's push-and-pull block
[23:31:40] planner up, EE offset array('d', [0.0, 0.155, 0.065])
[23:31:40] waiting for the box (Isaac)
[23:32:17] box up; letting PX4 / the arm stack settle
[23:33:02] flying
[   0.03s] planner: IDLE
[   0.03s] push_pull: NOT IN DIRECT
[   0.43s] box at rest [1.2, 0.25, 0.83]
[   0.48s] reset: success=True push-and-pull progress and plan cleared (the box capture and the typed points kept)
[   0.53s] adjust: success=True start mark and land point moved by [0.100, -0.071] m (the box is measured and not moved); press Plan
[   1.58s] capture_box: success=True captured the box at [1.200, 0.250, 0.830] m, yaw -0.0 deg from /obj_0/mocap (125 samples, spread 1.7 mm); the EE offset is applied in this box frame -- press Plan
[   2.63s] offboard: success=True Offboard mode request sent
[   5.68s] arm: success=True Arm command sent
[   7.68s] climbing to 1.0 m
[  19.67s] planner: HOLD
[  19.67s] push_pull: NOT PLANNED: press Plan
[  19.71s] set_direct_mode(true): success=True Switched to DIRECT mode
[  19.71s] MARK direct
[  34.73s] push_pull: PLANNING
[  34.74s] push_pull: READY next=go_to_start
[  34.78s] plan: success=True planning the five steps from the current hold -- the status reads READY when done
[  34.78s] planned step durations [9.7, 3.2, 13.5, 9.5, 23.9] s
[  34.78s] MARK go_to_start:start
[  34.78s] planner: CALCULATING
[  34.78s] push_pull: FLYING go_to_start
[  34.78s] planner: EXECUTING T=9.7s
[  34.78s] push_pull: FLYING go_to_start T=9.7s
[  34.83s] go_to_start: success=True go_to_start: planning from the current hold; it executes as soon as it is planned
[  34.83s] go_to_start: executing, T = 9.7 s
[  38.01s] planner: IDLE
[  38.01s] push_pull: NOT IN DIRECT
[  38.04s] ABORT: left DIRECT while go_to_start complete
[  44.04s] landing by reference
[  56.10s] disarm: success=True Disarm command sent
saved /home/shiqi/fsc_PegasusSimulator/docs/docs_aerial_manipulator/archive/push_pull_20261003/tools/../runs/pl_24.npz
ABORTED: left DIRECT while go_to_start complete
[23:33:59] done
