[10:31:59] waiting for the planner's push-and-pull block
[10:32:06] planner up, EE offset array('d', [0.0, 0.155, 0.065])
[10:32:06] waiting for the box (Isaac)
[10:32:42] box up; letting PX4 / the arm stack settle
[10:33:27] flying
[   0.03s] planner: IDLE
[   0.03s] push_pull: NOT IN DIRECT
[   0.38s] box at rest [1.2, 0.25, 0.83]
[   0.43s] reset: success=True push-and-pull progress and plan cleared (the box capture and the typed points kept)
[   0.48s] adjust: success=True start mark and land point moved by [0.102, -0.070] m (the box is measured and not moved); press Plan
[   1.53s] capture_box: success=True captured the box at [1.200, 0.250, 0.830] m, yaw -0.0 deg from /obj_0/mocap (125 samples, spread 1.7 mm); the EE offset is applied in this box frame -- press Plan
[   2.58s] offboard: success=True Offboard mode request sent
[   5.63s] arm: success=True Arm command sent
[   7.63s] climbing to 1.0 m
[  20.02s] planner: HOLD
[  20.02s] push_pull: NOT PLANNED: press Plan
[  20.07s] set_direct_mode(true): success=True Switched to DIRECT mode
[  20.07s] MARK direct
[  35.08s] push_pull: PLANNING
[  35.09s] push_pull: READY next=go_to_start
[  35.13s] plan: success=True planning the five steps from the current hold -- the status reads READY when done
[  35.13s] planned step durations [9.7, 3.2, 13.5, 9.5, 23.9] s
[  35.13s] MARK go_to_start:start
[  35.13s] planner: CALCULATING
[  35.13s] push_pull: FLYING go_to_start
[  35.13s] planner: EXECUTING T=9.7s
[  35.13s] push_pull: FLYING go_to_start T=9.7s
[  35.18s] go_to_start: success=True go_to_start: planning from the current hold; it executes as soon as it is planned
[  35.18s] go_to_start: executing, T = 9.7 s
[  44.89s] planner: HOLD
[  44.89s] push_pull: DONE go_to_start next=ready (the gripper opens first) -- claw 9 mm from the point above the handle (tolerance 50 mm)
[  44.90s] MARK go_to_start:end
[  44.90s] MARK ready:start
[  44.90s] MARK gripper_open:start
[  44.90s] gripper open: at -0.0 deg
[  44.90s] MARK gripper_open:end
[  44.93s] push_pull: DONE go_to_start next=ready (the gripper opens first) -- claw 7 mm from the point above the handle (tolerance 50 mm)
[  45.03s] push_pull: DONE go_to_start next=ready (the gripper opens first) -- claw 4 mm from the point above the handle (tolerance 50 mm)
[  45.13s] push_pull: DONE go_to_start next=ready (the gripper opens first) -- claw 3 mm from the point above the handle (tolerance 50 mm)
[  45.23s] push_pull: DONE go_to_start next=ready (the gripper opens first) -- claw 4 mm from the point above the handle (tolerance 50 mm)
[  45.43s] push_pull: DONE go_to_start next=ready (the gripper opens first) -- claw 6 mm from the point above the handle (tolerance 50 mm)
[  45.53s] push_pull: DONE go_to_start next=ready (the gripper opens first) -- claw 5 mm from the point above the handle (tolerance 50 mm)
[  45.63s] push_pull: DONE go_to_start next=ready (the gripper opens first) -- claw 2 mm from the point above the handle (tolerance 50 mm)
[  45.73s] push_pull: DONE go_to_start next=ready (the gripper opens first) -- claw 3 mm from the point above the handle (tolerance 50 mm)
[  45.93s] push_pull: DONE go_to_start next=ready (the gripper opens first) -- claw 2 mm from the point above the handle (tolerance 50 mm)
[  46.03s] push_pull: DONE go_to_start next=ready (the gripper opens first) -- claw 3 mm from the point above the handle (tolerance 50 mm)
[  46.13s] push_pull: DONE go_to_start next=ready (the gripper opens first) -- claw 4 mm from the point above the handle (tolerance 50 mm)
[  46.23s] push_pull: DONE go_to_start next=ready (the gripper opens first) -- claw 5 mm from the point above the handle (tolerance 50 mm)
[  46.33s] push_pull: DONE go_to_start next=ready (the gripper opens first) -- claw 3 mm from the point above the handle (tolerance 50 mm)
[  46.53s] push_pull: DONE go_to_start next=ready (the gripper opens first) -- claw 1 mm from the point above the handle (tolerance 50 mm)
[  46.63s] push_pull: DONE go_to_start next=ready (the gripper opens first) -- claw 3 mm from the point above the handle (tolerance 50 mm)
[  46.73s] push_pull: DONE go_to_start next=ready (the gripper opens first) -- claw 5 mm from the point above the handle (tolerance 50 mm)
[  46.83s] push_pull: DONE go_to_start next=ready (the gripper opens first) -- claw 6 mm from the point above the handle (tolerance 50 mm)
[  46.90s] planner: CALCULATING
[  46.90s] push_pull: FLYING ready
[  46.90s] planner: EXECUTING T=3.2s
[  46.90s] push_pull: FLYING ready T=3.2s
[  46.95s] ready: success=True ready: planning from the current hold; it executes as soon as it is planned (goal trimmed by [0.8, 0.0, 0.8] mm, the hover error)
[  46.95s] ready: executing, T = 3.2 s
[  50.13s] planner: HOLD
[  50.13s] push_pull: DONE ready next=push (CONTACT on: the gripper closes first)
[  50.16s] MARK ready:end
[  50.16s] MARK close:start
[  51.34s] close: claw 17.6 mm from the grasp point, -1.8 mm across the fin after 1.2 s
[  51.34s] MARK gripper_close:start
[  53.03s] gripper close (action): stalled=True reached=False position -0.0044 m, at -40.3 deg
[  53.03s] MARK gripper_close:end
[  53.03s] MARK push:start
[  53.03s] planner: CALCULATING
[  53.03s] push_pull: FLYING push (CONTACT)
[  53.03s] planner: EXECUTING T=13.5s
[  53.03s] push_pull: FLYING push (CONTACT) T=13.5s
[  53.08s] push: success=True push: planning from the current hold; it executes as soon as it is planned -- CONTACT phase on, the push holds 1.5 s, then slides 0.5 m
[  53.08s] push: executing, T = 13.5 s
[  59.31s] planner: CALCULATING
[  59.31s] push_pull: ABORTING (SAFETY GUARD: push force 1258.5 N > 5.0 N) -- gripper open, contact off, climbing 0.30 m, then the arm home
[  59.31s] planner: EXECUTING T=11.0s
[  59.32s] planner: IDLE
[  59.32s] push_pull: NOT IN DIRECT
[  59.34s] ABORT: left DIRECT while push complete
[  65.35s] landing by reference
[  77.45s] disarm: success=True Disarm command sent
saved /home/shiqi/fsc_PegasusSimulator/docs/docs_aerial_manipulator/archive/push_pull_20261003/tools/../runs/pl_4.npz
ABORTED: left DIRECT while push complete
[10:34:45] done
