[11:02:00] waiting for the planner's push-and-pull block
[11:02:07] planner up, EE offset array('d', [0.0, 0.0, 0.1825])
[11:02:07] waiting for the box (Isaac)
[11:02:42] box up; letting PX4 / the arm stack settle
[11:03:27] flying
[   0.03s] planner: IDLE
[   0.03s] push_pull: NOT IN DIRECT
[   0.48s] box at rest [1.2, 0.25, 0.8475]
[   0.53s] reset: success=True push-and-pull progress and plan cleared (the box capture and the typed points kept)
[   0.58s] adjust: success=True start mark and land point moved by [0.100, -0.068] m (the box is measured and not moved); press Plan
[   1.63s] capture_box: success=True captured the box at [1.200, 0.250, 0.848] m, yaw -0.0 deg from /obj_0/mocap (125 samples, spread 1.7 mm); the EE offset is applied in this box frame -- press Plan
[   2.68s] offboard: success=True Offboard mode request sent
[   5.73s] arm: success=True Arm command sent
[   7.73s] climbing to 1.3 m
[  18.26s] planner: HOLD
[  18.26s] push_pull: NOT PLANNED: press Plan
[  18.31s] set_direct_mode(true): success=True Switched to DIRECT mode
[  18.31s] MARK direct
[  33.33s] push_pull: PLANNING
[  33.34s] push_pull: READY next=go_to_start
[  33.38s] plan: success=True planning the five steps from the current hold -- the status reads READY when done
[  33.38s] planned step durations [9.5, 3.0, 13.5, 6.0, 23.9] s
[  33.38s] MARK go_to_start:start
[  33.38s] planner: CALCULATING
[  33.38s] push_pull: FLYING go_to_start
[  33.38s] planner: EXECUTING T=9.5s
[  33.38s] push_pull: FLYING go_to_start T=9.5s
[  33.43s] go_to_start: success=True go_to_start: planning from the current hold; it executes as soon as it is planned
[  33.43s] go_to_start: executing, T = 9.5 s
[  42.93s] planner: HOLD
[  42.93s] push_pull: DONE go_to_start next=ready (the gripper opens first) -- claw 9 mm from the point above the handle (tolerance 50 mm)
[  42.95s] MARK go_to_start:end
[  42.95s] MARK ready:start
[  42.95s] MARK gripper_open:start
[  42.95s] gripper open: at -0.0 deg
[  42.95s] MARK gripper_open:end
[  43.00s] push_pull: DONE go_to_start next=ready (the gripper opens first) -- claw 11 mm from the point above the handle (tolerance 50 mm)
[  43.10s] push_pull: DONE go_to_start next=ready (the gripper opens first) -- claw 10 mm from the point above the handle (tolerance 50 mm)
[  43.20s] push_pull: DONE go_to_start next=ready (the gripper opens first) -- claw 9 mm from the point above the handle (tolerance 50 mm)
[  43.30s] push_pull: DONE go_to_start next=ready (the gripper opens first) -- claw 8 mm from the point above the handle (tolerance 50 mm)
[  43.40s] push_pull: DONE go_to_start next=ready (the gripper opens first) -- claw 7 mm from the point above the handle (tolerance 50 mm)
[  43.50s] push_pull: DONE go_to_start next=ready (the gripper opens first) -- claw 6 mm from the point above the handle (tolerance 50 mm)
[  43.60s] push_pull: DONE go_to_start next=ready (the gripper opens first) -- claw 5 mm from the point above the handle (tolerance 50 mm)
[  43.70s] push_pull: DONE go_to_start next=ready (the gripper opens first) -- claw 4 mm from the point above the handle (tolerance 50 mm)
[  43.90s] push_pull: DONE go_to_start next=ready (the gripper opens first) -- claw 1 mm from the point above the handle (tolerance 50 mm)
[  44.00s] push_pull: DONE go_to_start next=ready (the gripper opens first) -- claw 2 mm from the point above the handle (tolerance 50 mm)
[  44.40s] push_pull: DONE go_to_start next=ready (the gripper opens first) -- claw 3 mm from the point above the handle (tolerance 50 mm)
[  44.50s] push_pull: DONE go_to_start next=ready (the gripper opens first) -- claw 1 mm from the point above the handle (tolerance 50 mm)
[  44.70s] push_pull: DONE go_to_start next=ready (the gripper opens first) -- claw 2 mm from the point above the handle (tolerance 50 mm)
[  44.90s] push_pull: DONE go_to_start next=ready (the gripper opens first) -- claw 4 mm from the point above the handle (tolerance 50 mm)
[  44.95s] planner: CALCULATING
[  44.95s] push_pull: FLYING ready
[  44.95s] planner: EXECUTING T=3.0s
[  44.95s] push_pull: FLYING ready T=3.0s
[  45.00s] ready: success=True ready: planning from the current hold; it executes as soon as it is planned (goal trimmed by [0.6, 0.7, 0.2] mm, the hover error)
[  45.00s] ready: executing, T = 3.0 s
[  47.95s] planner: HOLD
[  47.95s] push_pull: DONE ready next=push (CONTACT on: the gripper closes first)
[  47.95s] MARK ready:end
[  47.95s] MARK close:start
[  48.26s] close: claw 4.1 mm from the grasp point, +1.4 mm across the fin after 0.3 s
[  48.26s] MARK gripper_close:start
[  49.72s] gripper close (action): stalled=True reached=False position -0.0002 m, at -33.1 deg
[  49.72s] MARK gripper_close:end
[  49.72s] MARK push:start
[  49.72s] planner: CALCULATING
[  49.72s] push_pull: FLYING push (CONTACT)
[  49.72s] planner: EXECUTING T=13.5s
[  49.72s] push_pull: FLYING push (CONTACT) T=13.5s
[  49.77s] push: success=True push: planning from the current hold; it executes as soon as it is planned -- CONTACT phase on, the push holds 1.5 s, then slides 0.5 m
[  49.77s] push: executing, T = 13.5 s
[  61.43s] planner: CALCULATING
[  61.43s] push_pull: ABORTING (SAFETY GUARD: push force 5.3 N > 5.0 N) -- gripper open, contact off, climbing 0.30 m, then the arm home
[  61.43s] gripper OPEN (the planner is aborting)
[  61.43s] planner: EXECUTING T=7.5s
[  61.44s] ABORT: push-and-pull ABORTED while push complete: ABORTING (SAFETY GUARD: push force 5.3 N > 5.0 N) -- gripper open, contact off, climbing 0.30 m, then the arm home
[  68.89s] planner: HOLD
[  68.89s] push_pull: ABORTED (SAFETY GUARD: push force 5.3 N > 5.0 N) -- holding higher, arm home, contact off; Get the box and press Plan
[  68.91s] planner abort finished: ABORTED (SAFETY GUARD: push force 5.3 N > 5.0 N) -- holding higher, arm home, contact off; Get the box and press Plan
[  70.91s] planner: IDLE
[  70.91s] push_pull: NOT IN DIRECT
[  70.96s] set_direct_mode(false): success=True Switched to SAFETY mode
[  76.96s] landing by reference
[  94.49s] disarm: success=True Disarm command sent
saved /home/shiqi/fsc_PegasusSimulator/docs/docs_aerial_manipulator/archive/push_pull_20261003/tools/../runs/pl_45.npz
ABORTED: push-and-pull ABORTED while push complete: ABORTING (SAFETY GUARD: push force 5.3 N > 5.0 N) -- gripper open, contact off, climbing 0.30 m, then the arm home
[11:05:03] done
