[14:05:55] waiting for the planner's push-and-pull block
[14:06:01] planner up, EE offset array('d', [0.0, 0.0, 0.2255])
[14:06:01] waiting for the box (Isaac)
[14:06:38] box up; letting PX4 / the arm stack settle
[14:07:23] flying
[   0.03s] planner: IDLE
[   0.03s] push_pull: NOT IN DIRECT
[   0.13s] box at rest [1.2, 0.25, 0.8475]
[   0.18s] reset: success=True push-and-pull progress and plan cleared (the box capture and the typed points kept)
[   0.23s] adjust: success=True start mark and land point moved by [0.101, -0.070] m (the box is measured and not moved); press Plan
[   1.28s] capture_box: success=True captured the box at [1.200, 0.250, 0.848] m, yaw 0.0 deg from /obj_0/mocap (125 samples, spread 1.7 mm); the EE offset is applied in this box frame -- press Plan
[   2.33s] offboard: success=True Offboard mode request sent
[   5.38s] arm: success=True Arm command sent
[   7.38s] climbing to 1.3 m
[  19.52s] planner: HOLD
[  19.52s] push_pull: NOT PLANNED: press Plan
[  19.57s] set_direct_mode(true): success=True Switched to DIRECT mode
[  19.57s] MARK direct
[  34.58s] push_pull: PLANNING
[  34.60s] push_pull: READY next=go_to_start
[  34.63s] plan: success=True planning the five steps from the current hold -- the status reads READY when done
[  34.63s] planned step durations [9.6, 3.0, 13.5, 6.0, 23.9] s
[  34.63s] MARK go_to_start:start
[  34.63s] planner: CALCULATING
[  34.63s] push_pull: FLYING go_to_start
[  34.64s] planner: EXECUTING T=9.6s
[  34.64s] push_pull: FLYING go_to_start T=9.6s
[  34.68s] go_to_start: success=True go_to_start: planning from the current hold; it executes as soon as it is planned
[  34.68s] go_to_start: executing, T = 9.6 s
[  44.21s] planner: HOLD
[  44.21s] push_pull: DONE go_to_start next=ready (the gripper opens first) -- claw 7 mm from the point above the handle (tolerance 50 mm)
[  44.26s] MARK go_to_start:end
[  44.26s] MARK ready:start
[  44.26s] MARK gripper_open:start
[  44.26s] gripper open: at -0.0 deg
[  44.26s] MARK gripper_open:end
[  44.28s] push_pull: DONE go_to_start next=ready (the gripper opens first) -- claw 6 mm from the point above the handle (tolerance 50 mm)
[  44.38s] push_pull: DONE go_to_start next=ready (the gripper opens first) -- claw 5 mm from the point above the handle (tolerance 50 mm)
[  44.68s] push_pull: DONE go_to_start next=ready (the gripper opens first) -- claw 7 mm from the point above the handle (tolerance 50 mm)
[  44.78s] push_pull: DONE go_to_start next=ready (the gripper opens first) -- claw 5 mm from the point above the handle (tolerance 50 mm)
[  44.88s] push_pull: DONE go_to_start next=ready (the gripper opens first) -- claw 2 mm from the point above the handle (tolerance 50 mm)
[  44.98s] push_pull: DONE go_to_start next=ready (the gripper opens first) -- claw 1 mm from the point above the handle (tolerance 50 mm)
[  45.08s] push_pull: DONE go_to_start next=ready (the gripper opens first) -- claw 3 mm from the point above the handle (tolerance 50 mm)
[  45.18s] push_pull: DONE go_to_start next=ready (the gripper opens first) -- claw 4 mm from the point above the handle (tolerance 50 mm)
[  45.28s] push_pull: DONE go_to_start next=ready (the gripper opens first) -- claw 2 mm from the point above the handle (tolerance 50 mm)
[  45.38s] push_pull: DONE go_to_start next=ready (the gripper opens first) -- claw 5 mm from the point above the handle (tolerance 50 mm)
[  45.48s] push_pull: DONE go_to_start next=ready (the gripper opens first) -- claw 2 mm from the point above the handle (tolerance 50 mm)
[  45.58s] push_pull: DONE go_to_start next=ready (the gripper opens first) -- claw 4 mm from the point above the handle (tolerance 50 mm)
[  45.68s] push_pull: DONE go_to_start next=ready (the gripper opens first) -- claw 8 mm from the point above the handle (tolerance 50 mm)
[  45.78s] push_pull: DONE go_to_start next=ready (the gripper opens first) -- claw 6 mm from the point above the handle (tolerance 50 mm)
[  46.08s] push_pull: DONE go_to_start next=ready (the gripper opens first) -- claw 7 mm from the point above the handle (tolerance 50 mm)
[  46.18s] push_pull: DONE go_to_start next=ready (the gripper opens first) -- claw 6 mm from the point above the handle (tolerance 50 mm)
[  46.26s] planner: CALCULATING
[  46.26s] push_pull: FLYING ready
[  46.26s] planner: EXECUTING T=3.0s
[  46.26s] push_pull: FLYING ready T=3.0s
[  46.31s] ready: success=True ready: planning from the current hold; it executes as soon as it is planned (goal trimmed by [0.8, 0.7, 1.8] mm, the hover error)
[  46.31s] ready: executing, T = 3.0 s
[  49.27s] planner: HOLD
[  49.27s] push_pull: DONE ready next=push (CONTACT on: the gripper closes first)
[  49.31s] MARK ready:end
[  49.31s] MARK close:start
[  49.62s] close: claw 3.5 mm from the grasp point, +1.2 mm across the fin after 0.3 s
[  49.62s] MARK gripper_close:start
[  51.06s] gripper close (action): stalled=True reached=False position -0.0001 m, at -32.9 deg
[  51.06s] MARK gripper_close:end
[  51.06s] MARK push:start
[  51.06s] planner: CALCULATING
[  51.06s] push_pull: FLYING push (CONTACT)
[  51.07s] planner: EXECUTING T=13.5s
[  51.07s] push_pull: FLYING push (CONTACT) T=13.5s
[  51.11s] push: success=True push: planning from the current hold; it executes as soon as it is planned -- CONTACT phase on, the push holds 1.5 s, then slides 0.5 m
[  51.11s] push: executing, T = 13.5 s
[  64.57s] planner: HOLD
[  64.57s] push_pull: DONE push next=exit (the gripper opens first)
[  64.60s] MARK push:end
[  64.60s] push: the box moved [+1, -518, -0] mm
[  65.60s] MARK release:start
[  65.60s] MARK gripper_release:start
[  67.33s] gripper release: at -2.8 deg
[  67.33s] MARK gripper_release:end
[  68.33s] MARK exit:start
[  68.33s] planner: CALCULATING
[  68.33s] push_pull: FLYING exit
[  68.34s] planner: EXECUTING T=6.0s
[  68.34s] push_pull: FLYING exit T=6.0s
[  68.38s] exit: success=True exit: planning from the current hold; it executes as soon as it is planned
[  68.38s] exit: executing, T = 6.0 s
[  74.34s] planner: HOLD
[  74.34s] push_pull: DONE exit next=go_to_land
[  74.35s] MARK exit:end
[  76.35s] MARK go_to_land:start
[  76.35s] planner: CALCULATING
[  76.35s] push_pull: FLYING go_to_land
[  76.35s] planner: EXECUTING T=23.9s
[  76.35s] push_pull: FLYING go_to_land T=23.9s
[  76.40s] go_to_land: success=True go_to_land: planning from the current hold; it executes as soon as it is planned
[  76.40s] go_to_land: executing, T = 23.9 s
[ 100.30s] planner: HOLD
[ 100.30s] push_pull: COMPLETE -- touch down with SAFETY -> land
[ 100.31s] MARK go_to_land:end
[ 105.31s] mission complete
[ 105.31s] planner: IDLE
[ 105.31s] push_pull: NOT IN DIRECT
[ 105.36s] set_direct_mode(false): success=True Switched to SAFETY mode
[ 111.37s] landing by reference
[ 126.06s] disarm: success=True Disarm command sent
saved /home/shiqi/fsc_PegasusSimulator/docs/docs_aerial_manipulator/archive/push_pull_20261003/tools/../runs/pl_56.npz
completed
[14:09:30] done
