[10:54:37] waiting for the planner's push-and-pull block
[10:54:43] planner up, EE offset array('d', [0.0, 0.0, 0.1825])
[10:54:43] waiting for the box (Isaac)
[10:55:19] box up; letting PX4 / the arm stack settle
[10:56:04] flying
[   0.99s] planner: IDLE
[   0.99s] push_pull: NOT IN DIRECT
[   1.03s] box at rest [1.2, 0.25, 0.8475]
[   1.08s] reset: success=True push-and-pull progress and plan cleared (the box capture and the typed points kept)
[   1.13s] adjust: success=True start mark and land point moved by [0.102, -0.074] m (the box is measured and not moved); press Plan
[   2.18s] capture_box: success=True captured the box at [1.200, 0.250, 0.847] m, yaw -0.0 deg from /obj_0/mocap (125 samples, spread 1.7 mm); the EE offset is applied in this box frame -- press Plan
[   3.23s] offboard: success=True Offboard mode request sent
[   6.28s] arm: success=True Arm command sent
[   8.28s] climbing to 1.3 m
[  19.57s] planner: HOLD
[  19.57s] push_pull: NOT PLANNED: press Plan
[  19.61s] set_direct_mode(true): success=True Switched to DIRECT mode
[  19.61s] MARK direct
[  34.63s] push_pull: PLANNING
[  34.64s] push_pull: READY next=go_to_start
[  34.68s] plan: success=True planning the five steps from the current hold -- the status reads READY when done
[  34.68s] planned step durations [9.4, 3.0, 13.5, 6.0, 23.9] s
[  34.68s] MARK go_to_start:start
[  34.68s] planner: CALCULATING
[  34.68s] push_pull: FLYING go_to_start
[  34.68s] planner: EXECUTING T=9.4s
[  34.68s] push_pull: FLYING go_to_start T=9.4s
[  34.73s] go_to_start: success=True go_to_start: planning from the current hold; it executes as soon as it is planned
[  34.73s] go_to_start: executing, T = 9.4 s
[  44.11s] planner: HOLD
[  44.11s] push_pull: DONE go_to_start next=ready (the gripper opens first) -- claw 18 mm from the point above the handle (tolerance 50 mm)
[  44.15s] MARK go_to_start:end
[  44.15s] MARK ready:start
[  44.15s] MARK gripper_open:start
[  44.15s] gripper open: at -0.0 deg
[  44.15s] MARK gripper_open:end
[  44.20s] push_pull: DONE go_to_start next=ready (the gripper opens first) -- claw 14 mm from the point above the handle (tolerance 50 mm)
[  44.30s] push_pull: DONE go_to_start next=ready (the gripper opens first) -- claw 12 mm from the point above the handle (tolerance 50 mm)
[  44.40s] push_pull: DONE go_to_start next=ready (the gripper opens first) -- claw 11 mm from the point above the handle (tolerance 50 mm)
[  44.50s] push_pull: DONE go_to_start next=ready (the gripper opens first) -- claw 13 mm from the point above the handle (tolerance 50 mm)
[  44.60s] push_pull: DONE go_to_start next=ready (the gripper opens first) -- claw 9 mm from the point above the handle (tolerance 50 mm)
[  44.80s] push_pull: DONE go_to_start next=ready (the gripper opens first) -- claw 8 mm from the point above the handle (tolerance 50 mm)
[  44.90s] push_pull: DONE go_to_start next=ready (the gripper opens first) -- claw 5 mm from the point above the handle (tolerance 50 mm)
[  45.00s] push_pull: DONE go_to_start next=ready (the gripper opens first) -- claw 3 mm from the point above the handle (tolerance 50 mm)
[  45.10s] push_pull: DONE go_to_start next=ready (the gripper opens first) -- claw 4 mm from the point above the handle (tolerance 50 mm)
[  45.40s] push_pull: DONE go_to_start next=ready (the gripper opens first) -- claw 1 mm from the point above the handle (tolerance 50 mm)
[  45.50s] push_pull: DONE go_to_start next=ready (the gripper opens first) -- claw 6 mm from the point above the handle (tolerance 50 mm)
[  45.60s] push_pull: DONE go_to_start next=ready (the gripper opens first) -- claw 5 mm from the point above the handle (tolerance 50 mm)
[  45.70s] push_pull: DONE go_to_start next=ready (the gripper opens first) -- claw 4 mm from the point above the handle (tolerance 50 mm)
[  45.80s] push_pull: DONE go_to_start next=ready (the gripper opens first) -- claw 6 mm from the point above the handle (tolerance 50 mm)
[  45.90s] push_pull: DONE go_to_start next=ready (the gripper opens first) -- claw 3 mm from the point above the handle (tolerance 50 mm)
[  46.10s] push_pull: DONE go_to_start next=ready (the gripper opens first) -- claw 5 mm from the point above the handle (tolerance 50 mm)
[  46.15s] planner: CALCULATING
[  46.15s] push_pull: FLYING ready
[  46.15s] planner: EXECUTING T=3.0s
[  46.15s] push_pull: FLYING ready T=3.0s
[  46.20s] ready: success=True ready: planning from the current hold; it executes as soon as it is planned (goal trimmed by [1.3, -0.6, 0.5] mm, the hover error)
[  46.20s] ready: executing, T = 3.0 s
[  49.16s] planner: HOLD
[  49.16s] push_pull: DONE ready next=push (CONTACT on: the gripper closes first)
[  49.20s] ABORT: the box was disturbed 51.9 mm by the descent -- not closing
[  49.21s] planner: IDLE
[  49.21s] push_pull: NOT IN DIRECT
[  49.26s] set_direct_mode(false): success=True Switched to SAFETY mode
[  55.26s] landing by reference
[  71.06s] disarm: success=True Disarm command sent
saved /home/shiqi/fsc_PegasusSimulator/docs/docs_aerial_manipulator/archive/push_pull_20261003/tools/../runs/pl_41.npz
ABORTED: the box was disturbed 51.9 mm by the descent -- not closing
[10:57:16] done
