[10:36:58] waiting for the planner's push-and-pull block
[10:37:04] planner up, EE offset array('d', [0.0, 0.155, 0.065])
[10:37:04] waiting for the box (Isaac)
[10:37:40] box up; letting PX4 / the arm stack settle
[10:38:25] flying
[   0.03s] planner: IDLE
[   0.03s] push_pull: NOT IN DIRECT
[   0.48s] box at rest [1.2, 0.25, 0.83]
[   0.53s] reset: success=True push-and-pull progress and plan cleared (the box capture and the typed points kept)
[   0.58s] adjust: success=True start mark and land point moved by [0.101, -0.070] m (the box is measured and not moved); press Plan
[   1.63s] capture_box: success=True captured the box at [1.200, 0.250, 0.830] m, yaw -0.0 deg from /obj_0/mocap (125 samples, spread 1.7 mm); the EE offset is applied in this box frame -- press Plan
[   2.68s] offboard: success=True Offboard mode request sent
[   5.73s] arm: success=True Arm command sent
[   7.74s] climbing to 1.0 m
[  20.02s] planner: HOLD
[  20.02s] push_pull: NOT PLANNED: press Plan
[  20.07s] set_direct_mode(true): success=True Switched to DIRECT mode
[  20.07s] MARK direct
[  35.08s] push_pull: PLANNING
[  35.10s] push_pull: READY next=go_to_start
[  35.13s] plan: success=True planning the five steps from the current hold -- the status reads READY when done
[  35.13s] planned step durations [9.7, 3.2, 13.5, 9.5, 23.9] s
[  35.13s] MARK go_to_start:start
[  35.13s] planner: CALCULATING
[  35.13s] push_pull: FLYING go_to_start
[  35.14s] planner: EXECUTING T=9.7s
[  35.14s] push_pull: FLYING go_to_start T=9.7s
[  35.18s] go_to_start: success=True go_to_start: planning from the current hold; it executes as soon as it is planned
[  35.18s] go_to_start: executing, T = 9.7 s
[  44.88s] planner: HOLD
[  44.88s] push_pull: DONE go_to_start next=ready (the gripper opens first) -- claw 9 mm from the point above the handle (tolerance 50 mm)
[  44.90s] MARK go_to_start:end
[  44.90s] MARK ready:start
[  44.90s] MARK gripper_open:start
[  44.90s] gripper open: at -0.0 deg
[  44.90s] MARK gripper_open:end
[  45.14s] push_pull: DONE go_to_start next=ready (the gripper opens first) -- claw 8 mm from the point above the handle (tolerance 50 mm)
[  45.24s] push_pull: DONE go_to_start next=ready (the gripper opens first) -- claw 5 mm from the point above the handle (tolerance 50 mm)
[  45.34s] push_pull: DONE go_to_start next=ready (the gripper opens first) -- claw 4 mm from the point above the handle (tolerance 50 mm)
[  45.54s] push_pull: DONE go_to_start next=ready (the gripper opens first) -- claw 3 mm from the point above the handle (tolerance 50 mm)
[  45.74s] push_pull: DONE go_to_start next=ready (the gripper opens first) -- claw 2 mm from the point above the handle (tolerance 50 mm)
[  45.94s] push_pull: DONE go_to_start next=ready (the gripper opens first) -- claw 4 mm from the point above the handle (tolerance 50 mm)
[  46.04s] push_pull: DONE go_to_start next=ready (the gripper opens first) -- claw 2 mm from the point above the handle (tolerance 50 mm)
[  46.14s] push_pull: DONE go_to_start next=ready (the gripper opens first) -- claw 4 mm from the point above the handle (tolerance 50 mm)
[  46.24s] push_pull: DONE go_to_start next=ready (the gripper opens first) -- claw 2 mm from the point above the handle (tolerance 50 mm)
[  46.34s] push_pull: DONE go_to_start next=ready (the gripper opens first) -- claw 3 mm from the point above the handle (tolerance 50 mm)
[  46.44s] push_pull: DONE go_to_start next=ready (the gripper opens first) -- claw 4 mm from the point above the handle (tolerance 50 mm)
[  46.54s] push_pull: DONE go_to_start next=ready (the gripper opens first) -- claw 3 mm from the point above the handle (tolerance 50 mm)
[  46.64s] push_pull: DONE go_to_start next=ready (the gripper opens first) -- claw 1 mm from the point above the handle (tolerance 50 mm)
[  46.84s] push_pull: DONE go_to_start next=ready (the gripper opens first) -- claw 2 mm from the point above the handle (tolerance 50 mm)
[  46.90s] planner: CALCULATING
[  46.90s] push_pull: FLYING ready
[  46.91s] planner: EXECUTING T=3.2s
[  46.91s] push_pull: FLYING ready T=3.2s
[  46.95s] ready: success=True ready: planning from the current hold; it executes as soon as it is planned (goal trimmed by [0.2, -0.4, 0.5] mm, the hover error)
[  46.95s] ready: executing, T = 3.2 s
[  50.14s] planner: HOLD
[  50.14s] push_pull: DONE ready next=push (CONTACT on: the gripper closes first)
[  50.16s] MARK ready:end
[  50.16s] MARK close:start
[  50.46s] close: claw 8.0 mm from the grasp point, +0.5 mm across the fin after 0.3 s
[  50.46s] MARK gripper_close:start
[  52.03s] gripper close (action): stalled=True reached=False position -0.0020 m, at -36.3 deg
[  52.03s] MARK gripper_close:end
[  52.03s] MARK push:start
[  52.03s] planner: CALCULATING
[  52.03s] push_pull: FLYING push (CONTACT)
[  52.03s] planner: EXECUTING T=13.5s
[  52.03s] push_pull: FLYING push (CONTACT) T=13.5s
[  52.08s] push: success=True push: planning from the current hold; it executes as soon as it is planned -- CONTACT phase on, the push holds 1.5 s, then slides 0.5 m
[  52.08s] push: executing, T = 13.5 s
[  58.01s] planner: CALCULATING
[  58.01s] push_pull: ABORTING (SAFETY GUARD: push force 5.3 N > 5.0 N) -- gripper open, contact off, climbing 0.30 m, then the arm home
[  58.01s] planner: EXECUTING T=11.0s
[  58.04s] ABORT: push-and-pull ABORTED while push complete: ABORTING (SAFETY GUARD: push force 5.3 N > 5.0 N) -- gripper open, contact off, climbing 0.30 m, then the arm home
[  58.04s] planner: IDLE
[  58.04s] push_pull: NOT IN DIRECT
[  58.09s] set_direct_mode(false): success=True Switched to SAFETY mode
[  64.09s] landing by reference
[  76.24s] disarm: success=True Disarm command sent
saved /home/shiqi/fsc_PegasusSimulator/docs/docs_aerial_manipulator/archive/push_pull_20261003/tools/../runs/pl_5.npz
ABORTED: push-and-pull ABORTED while push complete: ABORTING (SAFETY GUARD: push force 5.3 N > 5.0 N) -- gripper open, contact off, climbing 0.30 m, then the arm home
[10:39:42] done
