[15:48:09] waiting for the planner's push-and-pull block
[15:48:15] planner up, EE offset array('d', [0.0, 0.0, 0.2255])
[15:48:15] waiting for the box (Isaac)
[15:48:51] box up; letting PX4 / the arm stack settle
[15:49:36] flying
[   0.99s] planner: IDLE
[   0.99s] push_pull: NOT IN DIRECT
[   1.03s] box at rest [1.2, 0.25, 0.8475]
[   1.08s] reset: success=True push-and-pull progress and plan cleared (the box capture and the typed points kept)
[   1.13s] adjust: success=True start mark and land point moved by [0.100, -0.071] m (the box is measured and not moved); press Plan
[   2.18s] capture_box: success=True captured the box at [1.200, 0.250, 0.848] m, yaw 0.0 deg from /obj_0/mocap (125 samples, spread 2.0 mm); the EE offset is applied in this box frame -- press Plan
[   3.23s] offboard: success=True Offboard mode request sent
[   6.28s] arm: success=True Arm command sent
[   8.29s] climbing to 1.3 m
[  20.27s] planner: HOLD
[  20.27s] push_pull: NOT PLANNED: press Plan
[  20.32s] set_direct_mode(true): success=True Switched to DIRECT mode
[  20.32s] MARK direct
[  35.33s] push_pull: PLANNING
[  35.35s] push_pull: READY next=go_to_start
[  35.38s] plan: success=True planning the five steps from the current hold -- the status reads READY when done
[  35.38s] planned step durations [9.6, 3.0, 13.5, 6.0, 23.9] s
[  35.38s] MARK go_to_start:start
[  35.38s] planner: CALCULATING
[  35.39s] push_pull: FLYING go_to_start
[  35.39s] planner: EXECUTING T=9.6s
[  35.39s] push_pull: FLYING go_to_start T=9.6s
[  35.43s] go_to_start: success=True go_to_start: planning from the current hold; it executes as soon as it is planned
[  35.43s] go_to_start: executing, T = 9.6 s
[  44.98s] planner: HOLD
[  44.98s] push_pull: DONE go_to_start next=ready (the gripper opens first) -- claw 9 mm from the point above the handle (tolerance 50 mm)
[  45.01s] MARK go_to_start:end
[  45.01s] MARK ready:start
[  45.01s] MARK gripper_open:start
[  45.01s] gripper open: at -0.0 deg
[  45.01s] MARK gripper_open:end
[  45.10s] push_pull: DONE go_to_start next=ready (the gripper opens first) -- claw 7 mm from the point above the handle (tolerance 50 mm)
[  45.20s] push_pull: DONE go_to_start next=ready (the gripper opens first) -- claw 5 mm from the point above the handle (tolerance 50 mm)
[  45.30s] push_pull: DONE go_to_start next=ready (the gripper opens first) -- claw 2 mm from the point above the handle (tolerance 50 mm)
[  45.40s] push_pull: DONE go_to_start next=ready (the gripper opens first) -- claw 3 mm from the point above the handle (tolerance 50 mm)
[  45.50s] push_pull: DONE go_to_start next=ready (the gripper opens first) -- claw 5 mm from the point above the handle (tolerance 50 mm)
[  45.90s] push_pull: DONE go_to_start next=ready (the gripper opens first) -- claw 2 mm from the point above the handle (tolerance 50 mm)
[  46.00s] push_pull: DONE go_to_start next=ready (the gripper opens first) -- claw 0 mm from the point above the handle (tolerance 50 mm)
[  46.10s] push_pull: DONE go_to_start next=ready (the gripper opens first) -- claw 2 mm from the point above the handle (tolerance 50 mm)
[  46.20s] push_pull: DONE go_to_start next=ready (the gripper opens first) -- claw 4 mm from the point above the handle (tolerance 50 mm)
[  46.40s] push_pull: DONE go_to_start next=ready (the gripper opens first) -- claw 3 mm from the point above the handle (tolerance 50 mm)
[  46.50s] push_pull: DONE go_to_start next=ready (the gripper opens first) -- claw 4 mm from the point above the handle (tolerance 50 mm)
[  46.60s] push_pull: DONE go_to_start next=ready (the gripper opens first) -- claw 2 mm from the point above the handle (tolerance 50 mm)
[  46.70s] push_pull: DONE go_to_start next=ready (the gripper opens first) -- claw 3 mm from the point above the handle (tolerance 50 mm)
[  46.80s] push_pull: DONE go_to_start next=ready (the gripper opens first) -- claw 2 mm from the point above the handle (tolerance 50 mm)
[  46.90s] push_pull: DONE go_to_start next=ready (the gripper opens first) -- claw 3 mm from the point above the handle (tolerance 50 mm)
[  47.00s] push_pull: DONE go_to_start next=ready (the gripper opens first) -- claw 14 mm from the point above the handle (tolerance 50 mm)
[  47.01s] planner: CALCULATING
[  47.01s] push_pull: FLYING ready
[  47.01s] planner: EXECUTING T=3.0s
[  47.01s] push_pull: FLYING ready T=3.0s
[  47.06s] ready: success=True ready: planning from the current hold; it executes as soon as it is planned (goal trimmed by [0.4, -0.5, 1.6] mm, the hover error)
[  47.06s] ready: executing, T = 3.0 s
[  50.02s] planner: HOLD
[  50.02s] push_pull: DONE ready next=push (CONTACT on: the gripper closes first)
[  50.07s] MARK ready:end
[  50.07s] MARK close:start
[  50.61s] close: claw 6.0 mm from the grasp point, -2.2 mm across the fin after 0.5 s
[  50.61s] MARK gripper_close:start
[  52.03s] gripper close (action): stalled=True reached=False position 0.0003 m, at -32.2 deg
[  52.03s] MARK gripper_close:end
[  52.03s] MARK push:start
[  52.03s] planner: CALCULATING
[  52.03s] push_pull: FLYING push (CONTACT)
[  52.04s] planner: EXECUTING T=13.5s
[  52.04s] push_pull: FLYING push (CONTACT) T=13.5s
[  52.08s] push: success=True push: planning from the current hold; it executes as soon as it is planned -- CONTACT phase on, the push holds 1.5 s, then slides 0.5 m
[  52.08s] push: executing, T = 13.5 s
[  61.43s] planner: CALCULATING
[  61.43s] push_pull: ABORTING (SAFETY GUARD: push force 20.0 N > 5.0 N) -- gripper open, contact off, climbing 0.30 m, then the arm home
[  61.43s] gripper OPEN (the planner is aborting)
[  61.44s] planner: EXECUTING T=7.5s
[  61.45s] ABORT: push-and-pull ABORTED while push complete: ABORTING (SAFETY GUARD: push force 20.0 N > 5.0 N) -- gripper open, contact off, climbing 0.30 m, then the arm home
[  61.63s] planner: IDLE
[  61.63s] push_pull: NOT IN DIRECT
[  61.65s] planner abort finished: NOT IN DIRECT
[  69.66s] landing by reference
[  81.72s] disarm: success=True Disarm command sent
saved /home/shiqi/fsc_PegasusSimulator/docs/docs_aerial_manipulator/archive/push_pull_20261003/tools/../runs/pl_63.npz
ABORTED: push-and-pull ABORTED while push complete: ABORTING (SAFETY GUARD: push force 20.0 N > 5.0 N) -- gripper open, contact off, climbing 0.30 m, then the arm home
[15:50:58] done
