[15:34:44] waiting for the planner's push-and-pull block
[15:34:51] planner up, EE offset array('d', [0.0, 0.0, 0.2255])
[15:34:51] waiting for the box (Isaac)
[15:35:29] box up; letting PX4 / the arm stack settle
[15:36:14] flying
[   0.03s] planner: IDLE
[   0.03s] push_pull: NOT IN DIRECT
[   0.33s] box at rest [1.2, -0.25, 0.8475]
[   0.38s] reset: success=True push-and-pull progress and plan cleared (the box capture and the typed points kept)
[   0.43s] adjust: success=True start mark and land point moved by [0.101, -0.070] m (the box is measured and not moved); press Plan
[   1.48s] capture_box: success=True captured the box at [1.200, -0.250, 0.847] m, yaw -0.0 deg from /obj_0/mocap (125 samples, spread 1.9 mm); the EE offset is applied in this box frame -- press Plan
[   2.53s] offboard: success=True Offboard mode request sent
[   5.58s] arm: success=True Arm command sent
[   7.58s] climbing to 1.3 m
[  18.91s] planner: HOLD
[  18.91s] push_pull: NOT PLANNED: press Plan
[  18.96s] set_direct_mode(true): success=True Switched to DIRECT mode
[  18.96s] MARK direct
[  33.98s] push_pull: PLANNING
[  33.99s] push_pull: READY next=go_to_start
[  34.03s] plan: success=True planning the five steps from the current hold -- the status reads READY when done
[  34.03s] planned step durations [8.1, 3.0, 13.5, 6.0, 23.9] s
[  34.03s] MARK go_to_start:start
[  34.03s] planner: CALCULATING
[  34.03s] push_pull: FLYING go_to_start
[  34.03s] planner: EXECUTING T=8.1s
[  34.03s] push_pull: FLYING go_to_start T=8.1s
[  34.08s] go_to_start: success=True go_to_start: planning from the current hold; it executes as soon as it is planned
[  34.08s] go_to_start: executing, T = 8.1 s
[  42.17s] planner: HOLD
[  42.17s] push_pull: DONE go_to_start next=ready (the gripper opens first) -- claw 10 mm from the point above the handle (tolerance 50 mm)
[  42.19s] MARK go_to_start:end
[  42.19s] MARK ready:start
[  42.19s] MARK gripper_open:start
[  42.19s] gripper open: at -0.0 deg
[  42.19s] MARK gripper_open:end
[  42.35s] push_pull: DONE go_to_start next=ready (the gripper opens first) -- claw 11 mm from the point above the handle (tolerance 50 mm)
[  42.55s] push_pull: DONE go_to_start next=ready (the gripper opens first) -- claw 9 mm from the point above the handle (tolerance 50 mm)
[  42.65s] push_pull: DONE go_to_start next=ready (the gripper opens first) -- claw 8 mm from the point above the handle (tolerance 50 mm)
[  42.75s] push_pull: DONE go_to_start next=ready (the gripper opens first) -- claw 6 mm from the point above the handle (tolerance 50 mm)
[  42.85s] push_pull: DONE go_to_start next=ready (the gripper opens first) -- claw 4 mm from the point above the handle (tolerance 50 mm)
[  42.95s] push_pull: DONE go_to_start next=ready (the gripper opens first) -- claw 2 mm from the point above the handle (tolerance 50 mm)
[  43.05s] push_pull: DONE go_to_start next=ready (the gripper opens first) -- claw 4 mm from the point above the handle (tolerance 50 mm)
[  43.25s] push_pull: DONE go_to_start next=ready (the gripper opens first) -- claw 2 mm from the point above the handle (tolerance 50 mm)
[  43.35s] push_pull: DONE go_to_start next=ready (the gripper opens first) -- claw 5 mm from the point above the handle (tolerance 50 mm)
[  43.55s] push_pull: DONE go_to_start next=ready (the gripper opens first) -- claw 4 mm from the point above the handle (tolerance 50 mm)
[  43.75s] push_pull: DONE go_to_start next=ready (the gripper opens first) -- claw 5 mm from the point above the handle (tolerance 50 mm)
[  43.85s] push_pull: DONE go_to_start next=ready (the gripper opens first) -- claw 11 mm from the point above the handle (tolerance 50 mm)
[  43.95s] push_pull: DONE go_to_start next=ready (the gripper opens first) -- claw 5 mm from the point above the handle (tolerance 50 mm)
[  44.05s] push_pull: DONE go_to_start next=ready (the gripper opens first) -- claw 3 mm from the point above the handle (tolerance 50 mm)
[  44.15s] push_pull: DONE go_to_start next=ready (the gripper opens first) -- claw 14 mm from the point above the handle (tolerance 50 mm)
[  44.20s] planner: CALCULATING
[  44.20s] push_pull: FLYING ready
[  44.20s] planner: EXECUTING T=3.0s
[  44.20s] push_pull: FLYING ready T=3.0s
[  44.25s] ready: success=True ready: planning from the current hold; it executes as soon as it is planned (goal trimmed by [0.8, -0.7, 1.3] mm, the hover error)
[  44.25s] ready: executing, T = 3.0 s
[  47.20s] planner: HOLD
[  47.20s] push_pull: DONE ready next=push (CONTACT on: the gripper closes first)
[  47.25s] MARK ready:end
[  47.25s] MARK close:start
[  47.55s] close: claw 2.2 mm from the grasp point, +0.4 mm across the fin after 0.3 s
[  47.55s] MARK gripper_close:start
[  48.79s] gripper close (action): stalled=True reached=False position 0.0035 m, at -26.7 deg
[  48.79s] MARK gripper_close:end
[  48.79s] MARK push:start
[  48.79s] planner: CALCULATING
[  48.79s] push_pull: FLYING push (CONTACT)
[  48.80s] planner: EXECUTING T=13.5s
[  48.80s] push_pull: FLYING push (CONTACT) T=13.5s
[  48.84s] push: success=True push: planning from the current hold; it executes as soon as it is planned -- CONTACT phase on, the push holds 1.5 s, then slides -0.5 m
[  48.84s] push: executing, T = 13.5 s
[  55.68s] planner: CALCULATING
[  55.68s] push_pull: ABORTING (SAFETY GUARD: push force 20.2 N > 5.0 N) -- gripper open, contact off, climbing 0.30 m, then the arm home
[  55.68s] gripper OPEN (the planner is aborting)
[  55.69s] planner: EXECUTING T=7.5s
[  55.71s] ABORT: push-and-pull ABORTED while push complete: ABORTING (SAFETY GUARD: push force 20.2 N > 5.0 N) -- gripper open, contact off, climbing 0.30 m, then the arm home
[  55.82s] planner: IDLE
[  55.82s] push_pull: NOT IN DIRECT
[  55.86s] planner abort finished: NOT IN DIRECT
[  63.87s] landing by reference
[  80.51s] disarm: success=True Disarm command sent
saved /home/shiqi/fsc_PegasusSimulator/docs/docs_aerial_manipulator/archive/push_pull_20261003/tools/../runs/pl_64.npz
ABORTED: push-and-pull ABORTED while push complete: ABORTING (SAFETY GUARD: push force 20.2 N > 5.0 N) -- gripper open, contact off, climbing 0.30 m, then the arm home
[15:37:35] done
