[13:57:43] waiting for the planner's push-and-pull block
[13:57:49] planner up, EE offset array('d', [0.0, 0.0, 0.2255])
[13:57:49] waiting for the box (Isaac)
[13:58:57] box up; letting PX4 / the arm stack settle
[13:59:42] flying
[   0.03s] planner: IDLE
[   0.03s] push_pull: NOT IN DIRECT
[   1.08s] box at rest [1.2, 0.25, 0.8475]
[   1.13s] reset: success=True push-and-pull progress and plan cleared (the box capture and the typed points kept)
[   1.18s] adjust: success=True start mark and land point moved by [0.102, -0.069] m (the box is measured and not moved); press Plan
[   2.23s] capture_box: success=True captured the box at [1.200, 0.250, 0.847] m, yaw 0.0 deg from /obj_0/mocap (125 samples, spread 1.7 mm); the EE offset is applied in this box frame -- press Plan
[   3.28s] offboard: success=True Offboard mode request sent
[   6.33s] arm: success=True Arm command sent
[   8.34s] climbing to 1.3 m
[  20.02s] planner: HOLD
[  20.02s] push_pull: NOT PLANNED: press Plan
[  20.07s] set_direct_mode(true): success=True Switched to DIRECT mode
[  20.07s] MARK direct
[  35.08s] push_pull: PLANNING
[  35.10s] push_pull: READY next=go_to_start
[  35.13s] plan: success=True planning the five steps from the current hold -- the status reads READY when done
[  35.13s] planned step durations [9.6, 3.0, 13.5, 3.0, 23.9] s
[  35.13s] MARK go_to_start:start
[  35.13s] planner: CALCULATING
[  35.13s] push_pull: FLYING go_to_start
[  35.14s] planner: EXECUTING T=9.6s
[  35.14s] push_pull: FLYING go_to_start T=9.6s
[  35.18s] go_to_start: success=True go_to_start: planning from the current hold; it executes as soon as it is planned
[  35.18s] go_to_start: executing, T = 9.6 s
[  44.79s] planner: HOLD
[  44.79s] push_pull: DONE go_to_start next=ready (the gripper opens first) -- claw 14 mm from the point above the handle (tolerance 50 mm)
[  44.81s] MARK go_to_start:end
[  44.81s] MARK ready:start
[  44.81s] MARK gripper_open:start
[  44.81s] gripper open: at -0.0 deg
[  44.81s] MARK gripper_open:end
[  44.86s] push_pull: DONE go_to_start next=ready (the gripper opens first) -- claw 11 mm from the point above the handle (tolerance 50 mm)
[  45.06s] push_pull: DONE go_to_start next=ready (the gripper opens first) -- claw 10 mm from the point above the handle (tolerance 50 mm)
[  45.16s] push_pull: DONE go_to_start next=ready (the gripper opens first) -- claw 8 mm from the point above the handle (tolerance 50 mm)
[  45.26s] push_pull: DONE go_to_start next=ready (the gripper opens first) -- claw 6 mm from the point above the handle (tolerance 50 mm)
[  45.36s] push_pull: DONE go_to_start next=ready (the gripper opens first) -- claw 5 mm from the point above the handle (tolerance 50 mm)
[  45.46s] push_pull: DONE go_to_start next=ready (the gripper opens first) -- claw 4 mm from the point above the handle (tolerance 50 mm)
[  45.66s] push_pull: DONE go_to_start next=ready (the gripper opens first) -- claw 3 mm from the point above the handle (tolerance 50 mm)
[  45.76s] push_pull: DONE go_to_start next=ready (the gripper opens first) -- claw 2 mm from the point above the handle (tolerance 50 mm)
[  45.86s] push_pull: DONE go_to_start next=ready (the gripper opens first) -- claw 1 mm from the point above the handle (tolerance 50 mm)
[  45.96s] push_pull: DONE go_to_start next=ready (the gripper opens first) -- claw 2 mm from the point above the handle (tolerance 50 mm)
[  46.06s] push_pull: DONE go_to_start next=ready (the gripper opens first) -- claw 3 mm from the point above the handle (tolerance 50 mm)
[  46.16s] push_pull: DONE go_to_start next=ready (the gripper opens first) -- claw 2 mm from the point above the handle (tolerance 50 mm)
[  46.26s] push_pull: DONE go_to_start next=ready (the gripper opens first) -- claw 3 mm from the point above the handle (tolerance 50 mm)
[  46.36s] push_pull: DONE go_to_start next=ready (the gripper opens first) -- claw 4 mm from the point above the handle (tolerance 50 mm)
[  46.46s] push_pull: DONE go_to_start next=ready (the gripper opens first) -- claw 2 mm from the point above the handle (tolerance 50 mm)
[  46.56s] push_pull: DONE go_to_start next=ready (the gripper opens first) -- claw 4 mm from the point above the handle (tolerance 50 mm)
[  46.76s] push_pull: DONE go_to_start next=ready (the gripper opens first) -- claw 2 mm from the point above the handle (tolerance 50 mm)
[  46.81s] planner: CALCULATING
[  46.81s] push_pull: FLYING ready
[  46.81s] planner: EXECUTING T=3.0s
[  46.81s] push_pull: FLYING ready T=3.0s
[  46.86s] ready: success=True ready: planning from the current hold; it executes as soon as it is planned (goal trimmed by [0.9, 0.4, -0.2] mm, the hover error)
[  46.86s] ready: executing, T = 3.0 s
[  49.81s] planner: HOLD
[  49.82s] push_pull: DONE ready next=push (CONTACT on: the gripper closes first)
[  49.82s] MARK ready:end
[  49.82s] MARK close:start
[  50.12s] close: claw 3.5 mm from the grasp point, -0.5 mm across the fin after 0.3 s
[  50.12s] MARK gripper_close:start
[  51.39s] gripper close (action): stalled=True reached=False position 0.0023 m, at -28.8 deg
[  51.39s] MARK gripper_close:end
[  51.40s] MARK push:start
[  51.40s] planner: CALCULATING
[  51.40s] push_pull: FLYING push (CONTACT)
[  51.40s] planner: EXECUTING T=13.5s
[  51.40s] push_pull: FLYING push (CONTACT) T=13.5s
[  51.45s] push: success=True push: planning from the current hold; it executes as soon as it is planned -- CONTACT phase on, the push holds 1.5 s, then slides 0.5 m
[  51.45s] push: executing, T = 13.5 s
[  53.11s] planner: CALCULATING
[  53.11s] push_pull: ABORTING (SAFETY GUARD: push force 5.5 N > 5.0 N) -- gripper open, contact off, climbing 0.30 m, then the arm home
[  53.11s] gripper OPEN (the planner is aborting)
[  53.11s] planner: EXECUTING T=4.5s
[  53.15s] ABORT: push-and-pull ABORTED while push complete: ABORTING (SAFETY GUARD: push force 5.5 N > 5.0 N) -- gripper open, contact off, climbing 0.30 m, then the arm home
[  57.57s] planner: HOLD
[  57.58s] push_pull: ABORTED (SAFETY GUARD: push force 5.5 N > 5.0 N) -- holding higher, arm home, contact off; Get the box and press Plan
[  57.61s] planner abort finished: ABORTED (SAFETY GUARD: push force 5.5 N > 5.0 N) -- holding higher, arm home, contact off; Get the box and press Plan
[  59.61s] planner: IDLE
[  59.61s] push_pull: NOT IN DIRECT
[  59.66s] set_direct_mode(false): success=True Switched to SAFETY mode
[  65.67s] landing by reference
[  83.26s] disarm: success=True Disarm command sent
saved /home/shiqi/fsc_PegasusSimulator/docs/docs_aerial_manipulator/archive/push_pull_20261003/tools/../runs/pl_54.npz
ABORTED: push-and-pull ABORTED while push complete: ABORTING (SAFETY GUARD: push force 5.5 N > 5.0 N) -- gripper open, contact off, climbing 0.30 m, then the arm home
[14:01:06] done
