[13:46:23] waiting for the planner's push-and-pull block
[13:46:29] planner up, EE offset array('d', [0.0, 0.0, 0.2255])
[13:46:29] waiting for the box (Isaac)
[13:47:07] box up; letting PX4 / the arm stack settle
[13:47:52] flying
[   1.06s] planner: IDLE
[   1.06s] push_pull: NOT IN DIRECT
[   1.08s] box at rest [1.2, 0.25, 0.8475]
[   1.13s] reset: success=True push-and-pull progress and plan cleared (the box capture and the typed points kept)
[   1.18s] adjust: success=True start mark and land point moved by [0.100, -0.070] m (the box is measured and not moved); press Plan
[   2.23s] capture_box: success=True captured the box at [1.200, 0.250, 0.848] m, yaw 0.0 deg from /obj_0/mocap (125 samples, spread 1.7 mm); the EE offset is applied in this box frame -- press Plan
[   3.28s] offboard: success=True Offboard mode request sent
[   6.34s] arm: success=True Arm command sent
[   8.34s] climbing to 1.3 m
[  20.27s] planner: HOLD
[  20.27s] push_pull: NOT PLANNED: press Plan
[  20.32s] set_direct_mode(true): success=True Switched to DIRECT mode
[  20.32s] MARK direct
[  35.34s] push_pull: PLANNING
[  35.35s] push_pull: READY next=go_to_start
[  35.39s] plan: success=True planning the five steps from the current hold -- the status reads READY when done
[  35.39s] planned step durations [9.6, 3.0, 13.5, 6.0, 23.9] s
[  35.39s] MARK go_to_start:start
[  35.39s] planner: CALCULATING
[  35.39s] push_pull: FLYING go_to_start
[  35.39s] planner: EXECUTING T=9.6s
[  35.39s] push_pull: FLYING go_to_start T=9.6s
[  35.44s] go_to_start: success=True go_to_start: planning from the current hold; it executes as soon as it is planned
[  35.44s] go_to_start: executing, T = 9.6 s
[  45.00s] planner: HOLD
[  45.00s] push_pull: DONE go_to_start next=ready (the gripper opens first) -- claw 6 mm from the point above the handle (tolerance 50 mm)
[  45.01s] MARK go_to_start:end
[  45.01s] MARK ready:start
[  45.01s] MARK gripper_open:start
[  45.01s] gripper open: at -0.0 deg
[  45.01s] MARK gripper_open:end
[  45.06s] push_pull: DONE go_to_start next=ready (the gripper opens first) -- claw 7 mm from the point above the handle (tolerance 50 mm)
[  45.16s] push_pull: DONE go_to_start next=ready (the gripper opens first) -- claw 6 mm from the point above the handle (tolerance 50 mm)
[  45.46s] push_pull: DONE go_to_start next=ready (the gripper opens first) -- claw 5 mm from the point above the handle (tolerance 50 mm)
[  45.56s] push_pull: DONE go_to_start next=ready (the gripper opens first) -- claw 4 mm from the point above the handle (tolerance 50 mm)
[  45.86s] push_pull: DONE go_to_start next=ready (the gripper opens first) -- claw 1 mm from the point above the handle (tolerance 50 mm)
[  45.96s] push_pull: DONE go_to_start next=ready (the gripper opens first) -- claw 2 mm from the point above the handle (tolerance 50 mm)
[  46.16s] push_pull: DONE go_to_start next=ready (the gripper opens first) -- claw 3 mm from the point above the handle (tolerance 50 mm)
[  46.36s] push_pull: DONE go_to_start next=ready (the gripper opens first) -- claw 1 mm from the point above the handle (tolerance 50 mm)
[  46.46s] push_pull: DONE go_to_start next=ready (the gripper opens first) -- claw 3 mm from the point above the handle (tolerance 50 mm)
[  46.56s] push_pull: DONE go_to_start next=ready (the gripper opens first) -- claw 2 mm from the point above the handle (tolerance 50 mm)
[  46.76s] push_pull: DONE go_to_start next=ready (the gripper opens first) -- claw 4 mm from the point above the handle (tolerance 50 mm)
[  46.86s] push_pull: DONE go_to_start next=ready (the gripper opens first) -- claw 3 mm from the point above the handle (tolerance 50 mm)
[  46.96s] push_pull: DONE go_to_start next=ready (the gripper opens first) -- claw 11 mm from the point above the handle (tolerance 50 mm)
[  47.01s] planner: CALCULATING
[  47.01s] push_pull: FLYING ready
[  47.02s] planner: EXECUTING T=3.0s
[  47.02s] push_pull: FLYING ready T=3.0s
[  47.06s] ready: success=True ready: planning from the current hold; it executes as soon as it is planned (goal trimmed by [0.9, 0.0, 1.4] mm, the hover error)
[  47.06s] ready: executing, T = 3.0 s
[  50.02s] planner: HOLD
[  50.02s] push_pull: DONE ready next=push (CONTACT on: the gripper closes first)
[  50.07s] MARK ready:end
[  50.07s] MARK close:start
[  50.37s] close: claw 2.5 mm from the grasp point, -0.3 mm across the fin after 0.3 s
[  50.37s] MARK gripper_close:start
[  51.70s] gripper close (action): stalled=True reached=False position 0.0022 m, at -29.0 deg
[  51.70s] MARK gripper_close:end
[  51.70s] MARK push:start
[  51.70s] planner: CALCULATING
[  51.70s] push_pull: FLYING push (CONTACT)
[  51.70s] planner: EXECUTING T=13.5s
[  51.70s] push_pull: FLYING push (CONTACT) T=13.5s
[  51.75s] push: success=True push: planning from the current hold; it executes as soon as it is planned -- CONTACT phase on, the push holds 1.5 s, then slides 0.5 m
[  51.75s] push: executing, T = 13.5 s
[  65.21s] planner: HOLD
[  65.21s] push_pull: DONE push next=exit (the gripper opens first)
[  65.23s] MARK push:end
[  65.23s] push: the box moved [+3, -497, +0] mm
[  66.23s] MARK release:start
[  66.23s] MARK gripper_release:start
[  67.90s] gripper release: at -2.9 deg
[  67.90s] MARK gripper_release:end
[  68.90s] MARK exit:start
[  68.90s] planner: CALCULATING
[  68.90s] push_pull: FLYING exit
[  68.90s] planner: EXECUTING T=6.0s
[  68.90s] push_pull: FLYING exit T=6.0s
[  68.95s] exit: success=True exit: planning from the current hold; it executes as soon as it is planned
[  68.95s] exit: executing, T = 6.0 s
[  74.91s] planner: HOLD
[  74.91s] push_pull: DONE exit next=go_to_land
[  74.96s] MARK exit:end
[  76.96s] MARK go_to_land:start
[  76.96s] planner: CALCULATING
[  76.96s] push_pull: FLYING go_to_land
[  76.96s] planner: EXECUTING T=23.9s
[  76.96s] push_pull: FLYING go_to_land T=23.9s
[  77.01s] go_to_land: success=True go_to_land: planning from the current hold; it executes as soon as it is planned
[  77.01s] go_to_land: executing, T = 23.9 s
[ 100.91s] planner: HOLD
[ 100.91s] push_pull: COMPLETE -- touch down with SAFETY -> land
[ 100.96s] MARK go_to_land:end
[ 105.96s] mission complete
[ 105.96s] planner: IDLE
[ 105.96s] push_pull: NOT IN DIRECT
[ 106.01s] set_direct_mode(false): success=True Switched to SAFETY mode
[ 112.02s] landing by reference
[ 126.71s] disarm: success=True Disarm command sent
saved /home/shiqi/fsc_PegasusSimulator/docs/docs_aerial_manipulator/archive/push_pull_20261003/tools/../runs/pl_52.npz
completed
[13:50:00] done
