[09:59:50] waiting for the planner's push-and-pull block
[09:59:56] planner up, EE offset array('d', [0.0, 0.155, 0.065])
[09:59:56] waiting for the box (Isaac)
[10:02:41] box up; letting PX4 / the arm stack settle
[10:03:26] flying
[   0.03s] planner: IDLE
[   0.03s] push_pull: NOT IN DIRECT
[   0.23s] box at rest [1.2, 0.25, 0.83]
[   0.28s] reset: success=True push-and-pull progress and plan cleared (the box capture and the typed points kept)
[   0.33s] adjust: success=True start mark and land point moved by [0.101, -0.070] m (the box is measured and not moved); press Plan
[   1.38s] capture_box: success=True captured the box at [1.200, 0.250, 0.830] m, yaw -0.0 deg from /obj_0/mocap (125 samples, spread 1.7 mm); the EE offset is applied in this box frame -- press Plan
[   2.43s] offboard: success=True Offboard mode request sent
[   5.49s] arm: success=True Arm command sent
[   7.49s] climbing to 1.0 m
[  19.92s] planner: HOLD
[  19.92s] push_pull: NOT PLANNED: press Plan
[  19.97s] set_direct_mode(true): success=True Switched to DIRECT mode
[  19.97s] MARK direct
[  34.98s] push_pull: PLANNING
[  35.00s] push_pull: READY next=go_to_start
[  35.03s] plan: success=True planning the five steps from the current hold -- the status reads READY when done
[  35.03s] planned step durations [9.8, 3.2, 13.5, 9.5, 23.9] s
[  35.03s] MARK go_to_start:start
[  35.03s] planner: CALCULATING
[  35.03s] push_pull: FLYING go_to_start
[  35.04s] planner: EXECUTING T=9.8s
[  35.04s] push_pull: FLYING go_to_start T=9.8s
[  35.08s] go_to_start: success=True go_to_start: planning from the current hold; it executes as soon as it is planned
[  35.08s] go_to_start: executing, T = 9.8 s
[  44.82s] planner: HOLD
[  44.82s] push_pull: DONE go_to_start next=ready (the gripper opens first) -- claw 10 mm from the point above the handle (tolerance 50 mm)
[  44.85s] MARK go_to_start:end
[  44.85s] MARK ready:start
[  44.85s] MARK gripper_open:start
[  44.85s] gripper open: at -0.0 deg
[  44.85s] MARK gripper_open:end
[  44.88s] push_pull: DONE go_to_start next=ready (the gripper opens first) -- claw 11 mm from the point above the handle (tolerance 50 mm)
[  44.98s] push_pull: DONE go_to_start next=ready (the gripper opens first) -- claw 12 mm from the point above the handle (tolerance 50 mm)
[  45.18s] push_pull: DONE go_to_start next=ready (the gripper opens first) -- claw 9 mm from the point above the handle (tolerance 50 mm)
[  45.38s] push_pull: DONE go_to_start next=ready (the gripper opens first) -- claw 8 mm from the point above the handle (tolerance 50 mm)
[  45.48s] push_pull: DONE go_to_start next=ready (the gripper opens first) -- claw 6 mm from the point above the handle (tolerance 50 mm)
[  45.58s] push_pull: DONE go_to_start next=ready (the gripper opens first) -- claw 3 mm from the point above the handle (tolerance 50 mm)
[  45.68s] push_pull: DONE go_to_start next=ready (the gripper opens first) -- claw 4 mm from the point above the handle (tolerance 50 mm)
[  45.78s] push_pull: DONE go_to_start next=ready (the gripper opens first) -- claw 3 mm from the point above the handle (tolerance 50 mm)
[  45.88s] push_pull: DONE go_to_start next=ready (the gripper opens first) -- claw 4 mm from the point above the handle (tolerance 50 mm)
[  45.98s] push_pull: DONE go_to_start next=ready (the gripper opens first) -- claw 2 mm from the point above the handle (tolerance 50 mm)
[  46.08s] push_pull: DONE go_to_start next=ready (the gripper opens first) -- claw 5 mm from the point above the handle (tolerance 50 mm)
[  46.18s] push_pull: DONE go_to_start next=ready (the gripper opens first) -- claw 3 mm from the point above the handle (tolerance 50 mm)
[  46.28s] push_pull: DONE go_to_start next=ready (the gripper opens first) -- claw 1 mm from the point above the handle (tolerance 50 mm)
[  46.38s] push_pull: DONE go_to_start next=ready (the gripper opens first) -- claw 3 mm from the point above the handle (tolerance 50 mm)
[  46.48s] push_pull: DONE go_to_start next=ready (the gripper opens first) -- claw 4 mm from the point above the handle (tolerance 50 mm)
[  46.58s] push_pull: DONE go_to_start next=ready (the gripper opens first) -- claw 5 mm from the point above the handle (tolerance 50 mm)
[  46.68s] push_pull: DONE go_to_start next=ready (the gripper opens first) -- claw 4 mm from the point above the handle (tolerance 50 mm)
[  46.78s] push_pull: DONE go_to_start next=ready (the gripper opens first) -- claw 3 mm from the point above the handle (tolerance 50 mm)
[  46.85s] planner: CALCULATING
[  46.85s] push_pull: FLYING ready
[  46.86s] planner: EXECUTING T=3.2s
[  46.86s] push_pull: FLYING ready T=3.2s
[  46.90s] ready: success=True ready: planning from the current hold; it executes as soon as it is planned (goal trimmed by [1.2, -0.7, 1.0] mm, the hover error)
[  46.90s] ready: executing, T = 3.2 s
[  50.08s] planner: HOLD
[  50.08s] push_pull: DONE ready next=push (the gripper closes first; CONTACT from the press)
[  50.11s] MARK ready:end
[  50.11s] MARK close:start
[  50.41s] close: claw 4.2 mm from the grasp point, -2.0 mm across the fin after 0.3 s
[  50.41s] MARK gripper_close:start
[  51.87s] gripper close (action): stalled=True reached=False position -0.0003 m, at -33.2 deg
[  51.87s] MARK gripper_close:end
[  51.87s] MARK push:start
[  51.87s] planner: CALCULATING
[  51.87s] push_pull: FLYING push (CONTACT)
[  51.88s] planner: EXECUTING T=13.5s
[  51.88s] push_pull: FLYING push (CONTACT) T=13.5s
[  51.92s] push: success=True push: planning from the current hold; it executes as soon as it is planned -- CONTACT phase on, the push holds 1.5 s, then slides 0.5 m
[  51.92s] push: executing, T = 13.5 s
[  59.58s] planner: IDLE
[  59.58s] push_pull: NOT IN DIRECT
[  59.59s] ABORT: left DIRECT while push complete
[  65.59s] landing by reference
[  77.65s] disarm: success=True Disarm command sent
saved /home/shiqi/fsc_PegasusSimulator/docs/docs_aerial_manipulator/archive/push_pull_20261003/tools/../runs/pl_1.npz
ABORTED: left DIRECT while push complete
[10:04:45] done
