[15:41:16] waiting for the planner's push-and-pull block
[15:41:23] planner up, EE offset array('d', [0.0, 0.0, 0.2255])
[15:41:23] waiting for the box (Isaac)
[15:41:58] box up; letting PX4 / the arm stack settle
[15:42:43] flying
[   0.03s] planner: IDLE
[   0.03s] push_pull: NOT IN DIRECT
[   0.48s] box at rest [1.2, 0.25, 0.8475]
[   0.53s] reset: success=True push-and-pull progress and plan cleared (the box capture and the typed points kept)
[   0.58s] adjust: success=True start mark and land point moved by [0.100, -0.070] m (the box is measured and not moved); press Plan
[   1.63s] capture_box: success=True captured the box at [1.200, 0.250, 0.848] m, yaw 0.0 deg from /obj_0/mocap (125 samples, spread 1.7 mm); the EE offset is applied in this box frame -- press Plan
[   2.68s] offboard: success=True Offboard mode request sent
[   5.73s] arm: success=True Arm command sent
[   7.73s] climbing to 1.3 m
[  22.08s] planner: HOLD
[  22.08s] push_pull: NOT PLANNED: press Plan
[  22.13s] set_direct_mode(true): success=True Switched to DIRECT mode
[  22.13s] MARK direct
[  37.14s] push_pull: PLANNING
[  37.16s] push_pull: READY next=go_to_start
[  37.19s] plan: success=True planning the five steps from the current hold -- the status reads READY when done
[  37.19s] planned step durations [9.6, 3.0, 13.5, 6.0, 23.9] s
[  37.19s] MARK go_to_start:start
[  37.19s] planner: CALCULATING
[  37.19s] push_pull: FLYING go_to_start
[  37.19s] planner: EXECUTING T=9.6s
[  37.19s] push_pull: FLYING go_to_start T=9.6s
[  37.24s] go_to_start: success=True go_to_start: planning from the current hold; it executes as soon as it is planned
[  37.24s] go_to_start: executing, T = 9.6 s
[  46.83s] planner: HOLD
[  46.83s] push_pull: DONE go_to_start next=ready (the gripper opens first) -- claw 8 mm from the point above the handle (tolerance 50 mm)
[  46.86s] MARK go_to_start:end
[  46.86s] MARK ready:start
[  46.86s] MARK gripper_open:start
[  46.86s] gripper open: at -0.0 deg
[  46.86s] MARK gripper_open:end
[  46.99s] push_pull: DONE go_to_start next=ready (the gripper opens first) -- claw 9 mm from the point above the handle (tolerance 50 mm)
[  47.09s] push_pull: DONE go_to_start next=ready (the gripper opens first) -- claw 11 mm from the point above the handle (tolerance 50 mm)
[  47.19s] push_pull: DONE go_to_start next=ready (the gripper opens first) -- claw 8 mm from the point above the handle (tolerance 50 mm)
[  47.29s] push_pull: DONE go_to_start next=ready (the gripper opens first) -- claw 7 mm from the point above the handle (tolerance 50 mm)
[  47.39s] push_pull: DONE go_to_start next=ready (the gripper opens first) -- claw 5 mm from the point above the handle (tolerance 50 mm)
[  47.69s] push_pull: DONE go_to_start next=ready (the gripper opens first) -- claw 3 mm from the point above the handle (tolerance 50 mm)
[  47.79s] push_pull: DONE go_to_start next=ready (the gripper opens first) -- claw 5 mm from the point above the handle (tolerance 50 mm)
[  47.89s] push_pull: DONE go_to_start next=ready (the gripper opens first) -- claw 6 mm from the point above the handle (tolerance 50 mm)
[  47.99s] push_pull: DONE go_to_start next=ready (the gripper opens first) -- claw 2 mm from the point above the handle (tolerance 50 mm)
[  48.09s] push_pull: DONE go_to_start next=ready (the gripper opens first) -- claw 3 mm from the point above the handle (tolerance 50 mm)
[  48.19s] push_pull: DONE go_to_start next=ready (the gripper opens first) -- claw 6 mm from the point above the handle (tolerance 50 mm)
[  48.29s] push_pull: DONE go_to_start next=ready (the gripper opens first) -- claw 4 mm from the point above the handle (tolerance 50 mm)
[  48.39s] push_pull: DONE go_to_start next=ready (the gripper opens first) -- claw 5 mm from the point above the handle (tolerance 50 mm)
[  48.49s] push_pull: DONE go_to_start next=ready (the gripper opens first) -- claw 1 mm from the point above the handle (tolerance 50 mm)
[  48.59s] push_pull: DONE go_to_start next=ready (the gripper opens first) -- claw 4 mm from the point above the handle (tolerance 50 mm)
[  48.69s] push_pull: DONE go_to_start next=ready (the gripper opens first) -- claw 5 mm from the point above the handle (tolerance 50 mm)
[  48.79s] push_pull: DONE go_to_start next=ready (the gripper opens first) -- claw 3 mm from the point above the handle (tolerance 50 mm)
[  48.86s] planner: CALCULATING
[  48.86s] push_pull: FLYING ready
[  48.87s] planner: EXECUTING T=3.0s
[  48.87s] push_pull: FLYING ready T=3.0s
[  48.91s] ready: success=True ready: planning from the current hold; it executes as soon as it is planned (goal trimmed by [0.8, -0.2, 0.4] mm, the hover error)
[  48.91s] ready: executing, T = 3.0 s
[  51.87s] planner: HOLD
[  51.87s] push_pull: DONE ready next=push (CONTACT on: the gripper closes first)
[  51.87s] MARK ready:end
[  51.87s] MARK close:start
[  52.17s] close: claw 2.3 mm from the grasp point, -1.0 mm across the fin after 0.3 s
[  52.17s] MARK gripper_close:start
[  53.34s] gripper close (action): stalled=True reached=False position 0.0041 m, at -25.6 deg
[  53.34s] MARK gripper_close:end
[  53.34s] MARK push:start
[  53.34s] planner: CALCULATING
[  53.34s] push_pull: FLYING push (CONTACT)
[  53.34s] planner: EXECUTING T=13.5s
[  53.34s] push_pull: FLYING push (CONTACT) T=13.5s
[  53.39s] push: success=True push: planning from the current hold; it executes as soon as it is planned -- CONTACT phase on, the push holds 1.5 s, then slides 0.5 m
[  53.39s] push: executing, T = 13.5 s
[  54.86s] planner: CALCULATING
[  54.86s] push_pull: ABORTING (SAFETY GUARD: push force 6.3 N > 5.0 N) -- gripper open, contact off, climbing 0.30 m, then the arm home
[  54.86s] gripper OPEN (the planner is aborting)
[  54.86s] planner: EXECUTING T=7.5s
[  54.89s] ABORT: push-and-pull ABORTED while push complete: ABORTING (SAFETY GUARD: push force 6.3 N > 5.0 N) -- gripper open, contact off, climbing 0.30 m, then the arm home
[  62.32s] planner: HOLD
[  62.32s] push_pull: ABORTED (SAFETY GUARD: push force 6.3 N > 5.0 N) -- holding higher, arm home, contact off; Get the box and press Plan
[  62.36s] planner abort finished: ABORTED (SAFETY GUARD: push force 6.3 N > 5.0 N) -- holding higher, arm home, contact off; Get the box and press Plan
[  64.36s] planner: IDLE
[  64.36s] push_pull: NOT IN DIRECT
[  64.41s] set_direct_mode(false): success=True Switched to SAFETY mode
[  70.42s] landing by reference
[  88.21s] disarm: success=True Disarm command sent
saved /home/shiqi/fsc_PegasusSimulator/docs/docs_aerial_manipulator/archive/push_pull_20261003/tools/../runs/pl_66.npz
ABORTED: push-and-pull ABORTED while push complete: ABORTING (SAFETY GUARD: push force 6.3 N > 5.0 N) -- gripper open, contact off, climbing 0.30 m, then the arm home
[15:44:13] done
