[23:05:10] waiting for the planner's push-and-pull block
[23:05:16] planner up, EE offset array('d', [0.0, 0.155, 0.065])
[23:05:16] waiting for the box (Isaac)
[23:05:53] box up; letting PX4 / the arm stack settle
[23:06:38] flying
[   0.03s] planner: IDLE
[   0.03s] push_pull: NOT IN DIRECT
[   1.03s] box at rest [1.2, 0.25, 0.83]
[   1.08s] reset: success=True push-and-pull progress and plan cleared (the box capture and the typed points kept)
[   1.13s] adjust: success=True start mark and land point moved by [0.101, -0.070] m (the box is measured and not moved); press Plan
[   2.18s] capture_box: success=True captured the box at [1.200, 0.250, 0.830] m, yaw -0.0 deg from /obj_0/mocap (125 samples, spread 1.6 mm); the EE offset is applied in this box frame -- press Plan
[   3.23s] offboard: success=True Offboard mode request sent
[   6.29s] arm: success=True Arm command sent
[   8.29s] climbing to 1.0 m
[  20.37s] planner: HOLD
[  20.37s] push_pull: NOT PLANNED: press Plan
[  20.42s] set_direct_mode(true): success=True Switched to DIRECT mode
[  20.42s] MARK direct
[  35.43s] push_pull: PLANNING
[  35.45s] push_pull: READY next=go_to_start
[  35.48s] plan: success=True planning the five steps from the current hold -- the status reads READY when done
[  35.48s] planned step durations [9.8, 3.2, 13.5, 9.5, 23.9] s
[  35.48s] MARK go_to_start:start
[  35.48s] planner: CALCULATING
[  35.48s] push_pull: FLYING go_to_start
[  35.49s] planner: EXECUTING T=9.8s
[  35.49s] push_pull: FLYING go_to_start T=9.8s
[  35.53s] go_to_start: success=True go_to_start: planning from the current hold; it executes as soon as it is planned
[  35.53s] go_to_start: executing, T = 9.8 s
[  45.29s] planner: HOLD
[  45.29s] push_pull: DONE go_to_start next=ready (the gripper opens first) -- claw 12 mm from the point above the handle (tolerance 50 mm)
[  45.30s] MARK go_to_start:end
[  45.30s] MARK ready:start
[  45.30s] MARK gripper_open:start
[  45.30s] gripper open: at -0.0 deg
[  45.30s] MARK gripper_open:end
[  45.33s] push_pull: DONE go_to_start next=ready (the gripper opens first) -- claw 10 mm from the point above the handle (tolerance 50 mm)
[  45.43s] push_pull: DONE go_to_start next=ready (the gripper opens first) -- claw 9 mm from the point above the handle (tolerance 50 mm)
[  45.53s] push_pull: DONE go_to_start next=ready (the gripper opens first) -- claw 8 mm from the point above the handle (tolerance 50 mm)
[  45.73s] push_pull: DONE go_to_start next=ready (the gripper opens first) -- claw 7 mm from the point above the handle (tolerance 50 mm)
[  46.03s] push_pull: DONE go_to_start next=ready (the gripper opens first) -- claw 4 mm from the point above the handle (tolerance 50 mm)
[  46.13s] push_pull: DONE go_to_start next=ready (the gripper opens first) -- claw 5 mm from the point above the handle (tolerance 50 mm)
[  46.23s] push_pull: DONE go_to_start next=ready (the gripper opens first) -- claw 4 mm from the point above the handle (tolerance 50 mm)
[  46.43s] push_pull: DONE go_to_start next=ready (the gripper opens first) -- claw 3 mm from the point above the handle (tolerance 50 mm)
[  46.53s] push_pull: DONE go_to_start next=ready (the gripper opens first) -- claw 1 mm from the point above the handle (tolerance 50 mm)
[  46.63s] push_pull: DONE go_to_start next=ready (the gripper opens first) -- claw 2 mm from the point above the handle (tolerance 50 mm)
[  46.73s] push_pull: DONE go_to_start next=ready (the gripper opens first) -- claw 6 mm from the point above the handle (tolerance 50 mm)
[  46.83s] push_pull: DONE go_to_start next=ready (the gripper opens first) -- claw 2 mm from the point above the handle (tolerance 50 mm)
[  46.93s] push_pull: DONE go_to_start next=ready (the gripper opens first) -- claw 5 mm from the point above the handle (tolerance 50 mm)
[  47.03s] push_pull: DONE go_to_start next=ready (the gripper opens first) -- claw 3 mm from the point above the handle (tolerance 50 mm)
[  47.13s] push_pull: DONE go_to_start next=ready (the gripper opens first) -- claw 2 mm from the point above the handle (tolerance 50 mm)
[  47.23s] push_pull: DONE go_to_start next=ready (the gripper opens first) -- claw 3 mm from the point above the handle (tolerance 50 mm)
[  47.30s] planner: CALCULATING
[  47.30s] push_pull: FLYING ready
[  47.31s] planner: EXECUTING T=3.2s
[  47.31s] push_pull: FLYING ready T=3.2s
[  47.35s] ready: success=True ready: planning from the current hold; it executes as soon as it is planned (goal trimmed by [0.8, 1.2, 0.7] mm, the hover error)
[  47.35s] ready: executing, T = 3.2 s
[  50.53s] planner: HOLD
[  50.53s] push_pull: DONE ready next=push (CONTACT on: the gripper closes first)
[  50.56s] MARK ready:end
[  50.56s] MARK close:start
[  50.86s] close: claw 4.4 mm from the grasp point, -0.3 mm across the fin after 0.3 s
[  50.86s] MARK gripper_close:start
[  52.22s] gripper close (action): stalled=True reached=False position 0.0013 m, at -30.5 deg
[  52.22s] MARK gripper_close:end
[  52.22s] MARK push:start
[  52.22s] planner: CALCULATING
[  52.22s] push_pull: FLYING push (CONTACT)
[  52.23s] planner: EXECUTING T=13.5s
[  52.23s] push_pull: FLYING push (CONTACT) T=13.5s
[  52.27s] push: success=True push: planning from the current hold; it executes as soon as it is planned -- CONTACT phase on, the push holds 1.5 s, then slides 0.5 m
[  52.27s] push: executing, T = 13.5 s
[  65.35s] planner: IDLE
[  65.35s] push_pull: NOT IN DIRECT
[  65.35s] ABORT: left DIRECT while push complete
[  71.36s] landing by reference
[  84.16s] disarm: success=True Disarm command sent
saved /home/shiqi/fsc_PegasusSimulator/docs/docs_aerial_manipulator/archive/push_pull_20261003/tools/../runs/pl_18.npz
ABORTED: left DIRECT while push complete
[23:08:03] done
