[11:05:30] waiting for the planner's push-and-pull block
[11:05:36] planner up, EE offset array('d', [0.0, 0.0, 0.1825])
[11:05:36] waiting for the box (Isaac)
[11:06:17] box up; letting PX4 / the arm stack settle
[11:07:02] flying
[   0.03s] planner: IDLE
[   0.03s] push_pull: NOT IN DIRECT
[   1.03s] box at rest [1.2, 0.25, 0.8475]
[   1.08s] reset: success=True push-and-pull progress and plan cleared (the box capture and the typed points kept)
[   1.13s] adjust: success=True start mark and land point moved by [0.097, -0.067] m (the box is measured and not moved); press Plan
[   2.18s] capture_box: success=True captured the box at [1.200, 0.250, 0.847] m, yaw -0.0 deg from /obj_0/mocap (125 samples, spread 1.8 mm); the EE offset is applied in this box frame -- press Plan
[   3.23s] offboard: success=True Offboard mode request sent
[   6.28s] arm: success=True Arm command sent
[   8.28s] climbing to 1.3 m
[  19.87s] planner: HOLD
[  19.87s] push_pull: NOT PLANNED: press Plan
[  19.91s] set_direct_mode(true): success=True Switched to DIRECT mode
[  19.91s] MARK direct
[  34.93s] push_pull: PLANNING
[  34.94s] push_pull: READY next=go_to_start
[  34.98s] plan: success=True planning the five steps from the current hold -- the status reads READY when done
[  34.98s] planned step durations [9.4, 3.0, 13.5, 6.0, 23.9] s
[  34.98s] MARK go_to_start:start
[  34.98s] planner: CALCULATING
[  34.98s] push_pull: FLYING go_to_start
[  34.98s] planner: EXECUTING T=9.4s
[  34.98s] push_pull: FLYING go_to_start T=9.4s
[  35.03s] go_to_start: success=True go_to_start: planning from the current hold; it executes as soon as it is planned
[  35.03s] go_to_start: executing, T = 9.4 s
[  44.36s] planner: HOLD
[  44.36s] push_pull: DONE go_to_start next=ready (the gripper opens first) -- claw 15 mm from the point above the handle (tolerance 50 mm)
[  44.37s] push_pull: DONE go_to_start next=ready (the gripper opens first) -- claw 14 mm from the point above the handle (tolerance 50 mm)
[  44.40s] MARK go_to_start:end
[  44.40s] MARK ready:start
[  44.40s] MARK gripper_open:start
[  44.40s] gripper open: at -0.0 deg
[  44.40s] MARK gripper_open:end
[  44.67s] push_pull: DONE go_to_start next=ready (the gripper opens first) -- claw 11 mm from the point above the handle (tolerance 50 mm)
[  44.77s] push_pull: DONE go_to_start next=ready (the gripper opens first) -- claw 9 mm from the point above the handle (tolerance 50 mm)
[  44.87s] push_pull: DONE go_to_start next=ready (the gripper opens first) -- claw 8 mm from the point above the handle (tolerance 50 mm)
[  44.97s] push_pull: DONE go_to_start next=ready (the gripper opens first) -- claw 6 mm from the point above the handle (tolerance 50 mm)
[  45.07s] push_pull: DONE go_to_start next=ready (the gripper opens first) -- claw 4 mm from the point above the handle (tolerance 50 mm)
[  45.17s] push_pull: DONE go_to_start next=ready (the gripper opens first) -- claw 2 mm from the point above the handle (tolerance 50 mm)
[  45.27s] push_pull: DONE go_to_start next=ready (the gripper opens first) -- claw 3 mm from the point above the handle (tolerance 50 mm)
[  45.37s] push_pull: DONE go_to_start next=ready (the gripper opens first) -- claw 2 mm from the point above the handle (tolerance 50 mm)
[  45.57s] push_pull: DONE go_to_start next=ready (the gripper opens first) -- claw 3 mm from the point above the handle (tolerance 50 mm)
[  45.67s] push_pull: DONE go_to_start next=ready (the gripper opens first) -- claw 2 mm from the point above the handle (tolerance 50 mm)
[  45.97s] push_pull: DONE go_to_start next=ready (the gripper opens first) -- claw 3 mm from the point above the handle (tolerance 50 mm)
[  46.07s] push_pull: DONE go_to_start next=ready (the gripper opens first) -- claw 2 mm from the point above the handle (tolerance 50 mm)
[  46.27s] push_pull: DONE go_to_start next=ready (the gripper opens first) -- claw 4 mm from the point above the handle (tolerance 50 mm)
[  46.37s] push_pull: DONE go_to_start next=ready (the gripper opens first) -- claw 5 mm from the point above the handle (tolerance 50 mm)
[  46.40s] planner: CALCULATING
[  46.40s] push_pull: FLYING ready
[  46.40s] planner: EXECUTING T=3.0s
[  46.40s] push_pull: FLYING ready T=3.0s
[  46.45s] ready: success=True ready: planning from the current hold; it executes as soon as it is planned (goal trimmed by [-0.4, 0.5, 1.1] mm, the hover error)
[  46.45s] ready: executing, T = 3.0 s
[  49.40s] planner: HOLD
[  49.40s] push_pull: DONE ready next=push (CONTACT on: the gripper closes first)
[  49.41s] MARK ready:end
[  49.41s] MARK close:start
[  49.71s] close: claw 1.3 mm from the grasp point, -0.7 mm across the fin after 0.3 s
[  49.71s] MARK gripper_close:start
[  51.05s] gripper close (action): stalled=True reached=False position 0.0018 m, at -29.7 deg
[  51.05s] MARK gripper_close:end
[  51.05s] MARK push:start
[  51.05s] planner: CALCULATING
[  51.05s] push_pull: FLYING push (CONTACT)
[  51.05s] planner: EXECUTING T=13.5s
[  51.05s] push_pull: FLYING push (CONTACT) T=13.5s
[  51.10s] push: success=True push: planning from the current hold; it executes as soon as it is planned -- CONTACT phase on, the push holds 1.5 s, then slides 0.5 m
[  51.10s] push: executing, T = 13.5 s
[  60.01s] planner: CALCULATING
[  60.01s] push_pull: ABORTING (SAFETY GUARD: push force 6.0 N > 5.0 N) -- gripper open, contact off, climbing 0.30 m, then the arm home
[  60.01s] gripper OPEN (the planner is aborting)
[  60.01s] planner: EXECUTING T=7.5s
[  60.02s] ABORT: push-and-pull ABORTED while push complete: ABORTING (SAFETY GUARD: push force 6.0 N > 5.0 N) -- gripper open, contact off, climbing 0.30 m, then the arm home
[  60.59s] planner: IDLE
[  60.59s] push_pull: NOT IN DIRECT
[  60.62s] planner abort finished: NOT IN DIRECT
[  68.63s] landing by reference
[  80.69s] disarm: success=True Disarm command sent
saved /home/shiqi/fsc_PegasusSimulator/docs/docs_aerial_manipulator/archive/push_pull_20261003/tools/../runs/pl_46.npz
ABORTED: push-and-pull ABORTED while push complete: ABORTING (SAFETY GUARD: push force 6.0 N > 5.0 N) -- gripper open, contact off, climbing 0.30 m, then the arm home
[11:08:24] done
