[23:49:37] waiting for the planner's push-and-pull block
[23:49:43] planner up, EE offset array('d', [0.0, 0.155, 0.065])
[23:49:43] waiting for the box (Isaac)
[23:50:20] box up; letting PX4 / the arm stack settle
[23:51:05] flying
[   0.02s] planner: IDLE
[   1.07s] push_pull: NOT IN DIRECT
[   1.08s] box at rest [1.2, 0.25, 0.83]
[   2.08s] reset: success=True push-and-pull progress and plan cleared (the box capture and the typed points kept)
[   2.13s] adjust: success=True start mark and land point moved by [0.100, -0.070] m (the box is measured and not moved); press Plan
[   3.18s] capture_box: success=True captured the box at [1.200, 0.250, 0.830] m, yaw -0.0 deg from /obj_0/mocap (125 samples, spread 1.6 mm); the EE offset is applied in this box frame -- press Plan
[   4.23s] offboard: success=True Offboard mode request sent
[   7.28s] arm: success=True Arm command sent
[   9.29s] climbing to 1.0 m
[  19.62s] planner: HOLD
[  19.62s] push_pull: NOT PLANNED: press Plan
[  19.67s] set_direct_mode(true): success=True Switched to DIRECT mode
[  19.67s] MARK direct
[  34.68s] push_pull: PLANNING
[  34.70s] push_pull: READY next=go_to_start
[  34.73s] plan: success=True planning the five steps from the current hold -- the status reads READY when done
[  34.73s] planned step durations [9.7, 3.2, 13.5, 9.5, 23.9] s
[  34.73s] MARK go_to_start:start
[  34.73s] planner: CALCULATING
[  34.73s] push_pull: FLYING go_to_start
[  34.73s] planner: EXECUTING T=9.7s
[  34.73s] push_pull: FLYING go_to_start T=9.7s
[  34.78s] go_to_start: success=True go_to_start: planning from the current hold; it executes as soon as it is planned
[  34.78s] go_to_start: executing, T = 9.7 s
[  44.47s] planner: HOLD
[  44.47s] push_pull: DONE go_to_start next=ready (the gripper opens first) -- claw 6 mm from the point above the handle (tolerance 50 mm)
[  44.50s] MARK go_to_start:end
[  44.50s] MARK ready:start
[  44.50s] MARK gripper_open:start
[  44.50s] gripper open: at -0.0 deg
[  44.50s] MARK gripper_open:end
[  44.54s] push_pull: DONE go_to_start next=ready (the gripper opens first) -- claw 7 mm from the point above the handle (tolerance 50 mm)
[  44.64s] push_pull: DONE go_to_start next=ready (the gripper opens first) -- claw 5 mm from the point above the handle (tolerance 50 mm)
[  44.74s] push_pull: DONE go_to_start next=ready (the gripper opens first) -- claw 4 mm from the point above the handle (tolerance 50 mm)
[  44.94s] push_pull: DONE go_to_start next=ready (the gripper opens first) -- claw 2 mm from the point above the handle (tolerance 50 mm)
[  45.24s] push_pull: DONE go_to_start next=ready (the gripper opens first) -- claw 3 mm from the point above the handle (tolerance 50 mm)
[  45.44s] push_pull: DONE go_to_start next=ready (the gripper opens first) -- claw 4 mm from the point above the handle (tolerance 50 mm)
[  45.54s] push_pull: DONE go_to_start next=ready (the gripper opens first) -- claw 2 mm from the point above the handle (tolerance 50 mm)
[  45.64s] push_pull: DONE go_to_start next=ready (the gripper opens first) -- claw 1 mm from the point above the handle (tolerance 50 mm)
[  45.74s] push_pull: DONE go_to_start next=ready (the gripper opens first) -- claw 4 mm from the point above the handle (tolerance 50 mm)
[  45.84s] push_pull: DONE go_to_start next=ready (the gripper opens first) -- claw 2 mm from the point above the handle (tolerance 50 mm)
[  45.94s] push_pull: DONE go_to_start next=ready (the gripper opens first) -- claw 5 mm from the point above the handle (tolerance 50 mm)
[  46.04s] push_pull: DONE go_to_start next=ready (the gripper opens first) -- claw 2 mm from the point above the handle (tolerance 50 mm)
[  46.51s] planner: CALCULATING
[  46.51s] push_pull: FLYING ready
[  46.51s] planner: EXECUTING T=3.2s
[  46.51s] push_pull: FLYING ready T=3.2s
[  46.56s] ready: success=True ready: planning from the current hold; it executes as soon as it is planned (goal trimmed by [-0.2, -0.2, 0.8] mm, the hover error)
[  46.56s] ready: executing, T = 3.2 s
[  49.74s] planner: HOLD
[  49.74s] push_pull: DONE ready next=push (CONTACT on: the gripper closes first)
[  49.76s] MARK ready:end
[  49.76s] MARK close:start
[  50.06s] close: claw 5.8 mm from the grasp point, -2.7 mm across the fin after 0.3 s
[  50.06s] MARK gripper_close:start
[  51.56s] gripper close (action): stalled=True reached=False position -0.0008 m, at -34.2 deg
[  51.56s] MARK gripper_close:end
[  51.56s] MARK push:start
[  51.56s] planner: CALCULATING
[  51.56s] push_pull: FLYING push (CONTACT)
[  51.57s] planner: EXECUTING T=13.5s
[  51.57s] push_pull: FLYING push (CONTACT) T=13.5s
[  51.61s] push: success=True push: planning from the current hold; it executes as soon as it is planned -- CONTACT phase on, the push holds 1.5 s, then slides 0.5 m
[  51.61s] push: executing, T = 13.5 s
[  59.02s] planner: IDLE
[  59.02s] push_pull: NOT IN DIRECT
[  59.03s] ABORT: left DIRECT while push complete
[  65.03s] landing by reference
[  77.09s] disarm: success=True Disarm command sent
saved /home/shiqi/fsc_PegasusSimulator/docs/docs_aerial_manipulator/archive/push_pull_20261003/tools/../runs/pl_28.npz
ABORTED: left DIRECT while push complete
[23:52:23] done
