[09:28:10] waiting for the planner's push-and-pull block
[09:28:16] planner up, EE offset array('d', [0.0, 0.155, 0.065])
[09:28:16] waiting for the box (Isaac)
[09:28:53] box up; letting PX4 / the arm stack settle
[09:29:38] flying
[   0.03s] planner: IDLE
[   0.03s] push_pull: NOT IN DIRECT
[   0.48s] box at rest [1.2, 0.25, 0.83]
[   0.53s] reset: success=True push-and-pull progress and plan cleared (the box capture and the typed points kept)
[   0.58s] adjust: success=True start mark and land point moved by [0.103, -0.073] m (the box is measured and not moved); press Plan
[   1.63s] capture_box: success=True captured the box at [1.200, 0.250, 0.830] m, yaw -0.0 deg from /obj_0/mocap (125 samples, spread 1.7 mm); the EE offset is applied in this box frame -- press Plan
[   2.68s] offboard: success=True Offboard mode request sent
[   5.73s] arm: success=True Arm command sent
[   7.73s] climbing to 1.0 m
[  20.42s] planner: HOLD
[  20.42s] push_pull: NOT PLANNED: press Plan
[  20.47s] set_direct_mode(true): success=True Switched to DIRECT mode
[  20.47s] MARK direct
[  35.48s] push_pull: PLANNING
[  35.50s] push_pull: READY next=go_to_start
[  35.53s] plan: success=True planning the five steps from the current hold -- the status reads READY when done
[  35.54s] planned step durations [9.7, 3.2, 13.5, 9.5, 23.9] s
[  35.54s] MARK go_to_start:start
[  35.54s] planner: CALCULATING
[  35.54s] push_pull: FLYING go_to_start
[  35.54s] planner: EXECUTING T=9.7s
[  35.54s] push_pull: FLYING go_to_start T=9.7s
[  35.59s] go_to_start: success=True go_to_start: planning from the current hold; it executes as soon as it is planned
[  35.59s] go_to_start: executing, T = 9.7 s
[  45.20s] planner: HOLD
[  45.21s] push_pull: DONE go_to_start next=ready (the gripper opens first) -- claw 13 mm from the point above the handle (tolerance 50 mm)
[  45.21s] MARK go_to_start:end
[  45.21s] MARK ready:start
[  45.21s] MARK gripper_open:start
[  45.21s] gripper open: at -0.0 deg
[  45.21s] MARK gripper_open:end
[  45.21s] push_pull: DONE go_to_start next=ready (the gripper opens first) -- claw 11 mm from the point above the handle (tolerance 50 mm)
[  45.31s] push_pull: DONE go_to_start next=ready (the gripper opens first) -- claw 9 mm from the point above the handle (tolerance 50 mm)
[  45.61s] push_pull: DONE go_to_start next=ready (the gripper opens first) -- claw 8 mm from the point above the handle (tolerance 50 mm)
[  45.71s] push_pull: DONE go_to_start next=ready (the gripper opens first) -- claw 7 mm from the point above the handle (tolerance 50 mm)
[  45.91s] push_pull: DONE go_to_start next=ready (the gripper opens first) -- claw 6 mm from the point above the handle (tolerance 50 mm)
[  46.01s] push_pull: DONE go_to_start next=ready (the gripper opens first) -- claw 4 mm from the point above the handle (tolerance 50 mm)
[  46.11s] push_pull: DONE go_to_start next=ready (the gripper opens first) -- claw 2 mm from the point above the handle (tolerance 50 mm)
[  46.21s] push_pull: DONE go_to_start next=ready (the gripper opens first) -- claw 7 mm from the point above the handle (tolerance 50 mm)
[  46.31s] push_pull: DONE go_to_start next=ready (the gripper opens first) -- claw 4 mm from the point above the handle (tolerance 50 mm)
[  46.51s] push_pull: DONE go_to_start next=ready (the gripper opens first) -- claw 3 mm from the point above the handle (tolerance 50 mm)
[  46.61s] push_pull: DONE go_to_start next=ready (the gripper opens first) -- claw 2 mm from the point above the handle (tolerance 50 mm)
[  46.71s] push_pull: DONE go_to_start next=ready (the gripper opens first) -- claw 6 mm from the point above the handle (tolerance 50 mm)
[  46.81s] push_pull: DONE go_to_start next=ready (the gripper opens first) -- claw 3 mm from the point above the handle (tolerance 50 mm)
[  46.91s] push_pull: DONE go_to_start next=ready (the gripper opens first) -- claw 8 mm from the point above the handle (tolerance 50 mm)
[  47.01s] push_pull: DONE go_to_start next=ready (the gripper opens first) -- claw 3 mm from the point above the handle (tolerance 50 mm)
[  47.11s] push_pull: DONE go_to_start next=ready (the gripper opens first) -- claw 6 mm from the point above the handle (tolerance 50 mm)
[  47.21s] planner: CALCULATING
[  47.21s] push_pull: FLYING ready
[  47.21s] planner: EXECUTING T=3.2s
[  47.21s] push_pull: FLYING ready T=3.2s
[  47.26s] ready: success=True ready: planning from the current hold; it executes as soon as it is planned (goal trimmed by [-0.2, -1.3, 1.0] mm, the hover error)
[  47.26s] ready: executing, T = 3.2 s
[  50.44s] planner: HOLD
[  50.44s] push_pull: DONE ready next=push (CONTACT on: the gripper closes first)
[  50.47s] MARK ready:end
[  50.47s] MARK close:start
[  50.77s] close: claw 9.5 mm from the grasp point, -1.0 mm across the fin after 0.3 s
[  50.77s] MARK gripper_close:start
[  52.29s] gripper close (action): stalled=True reached=False position -0.0011 m, at -34.6 deg
[  52.29s] MARK gripper_close:end
[  52.29s] MARK push:start
[  52.29s] planner: CALCULATING
[  52.29s] push_pull: FLYING push (CONTACT)
[  52.30s] planner: EXECUTING T=13.5s
[  52.30s] push_pull: FLYING push (CONTACT) T=13.5s
[  52.34s] push: success=True push: planning from the current hold; it executes as soon as it is planned -- CONTACT phase on, the push holds 1.5 s, then slides 0.5 m
[  52.34s] push: executing, T = 13.5 s
[  65.80s] planner: HOLD
[  65.80s] push_pull: DONE push next=exit (the gripper opens first)
[  65.82s] MARK push:end
[  65.82s] push: the box moved [+6, -481, +1] mm
[  66.82s] MARK release:start
[  66.82s] MARK gripper_release:start
[  67.44s] planner: CALCULATING
[  67.44s] push_pull: ABORTING (SAFETY GUARD: push force 60.5 N > 5.0 N) -- gripper open, contact off, climbing 0.30 m, then the arm home
[  67.44s] gripper OPEN (the planner is aborting)
[  67.44s] planner: EXECUTING T=11.0s
[  68.53s] gripper release: at -2.8 deg
[  68.53s] MARK gripper_release:end
[  69.06s] planner: IDLE
[  69.06s] push_pull: NOT IN DIRECT
[  69.53s] MARK exit:start
[  69.53s] ABORT: left DIRECT while exit response
[  75.54s] landing by reference
[  87.60s] disarm: success=True Disarm command sent
saved /home/shiqi/fsc_PegasusSimulator/docs/docs_aerial_manipulator/archive/push_pull_20261003/tools/../runs/pl_34.npz
ABORTED: left DIRECT while exit response
[09:31:06] done
