[11:12:08] waiting for the planner's push-and-pull block
[11:12:14] planner up, EE offset array('d', [0.0, 0.0, 0.1825])
[11:12:14] waiting for the box (Isaac)
[11:12:51] box up; letting PX4 / the arm stack settle
[11:13:36] flying
[   0.03s] planner: IDLE
[   0.03s] push_pull: NOT IN DIRECT
[   0.48s] box at rest [1.2, 0.25, 0.8475]
[   1.28s] reset: success=True push-and-pull progress and plan cleared (the box capture and the typed points kept)
[   1.33s] adjust: success=True start mark and land point moved by [0.099, -0.070] m (the box is measured and not moved); press Plan
[   2.38s] capture_box: success=True captured the box at [1.200, 0.250, 0.848] m, yaw -0.0 deg from /obj_0/mocap (125 samples, spread 1.7 mm); the EE offset is applied in this box frame -- press Plan
[   3.43s] offboard: success=True Offboard mode request sent
[   6.48s] arm: success=True Arm command sent
[   8.48s] climbing to 1.3 m
[  18.66s] planner: HOLD
[  18.66s] push_pull: NOT PLANNED: press Plan
[  18.71s] set_direct_mode(true): success=True Switched to DIRECT mode
[  18.71s] MARK direct
[  33.73s] push_pull: PLANNING
[  33.74s] push_pull: READY next=go_to_start
[  33.78s] plan: success=True planning the five steps from the current hold -- the status reads READY when done
[  33.78s] planned step durations [9.5, 3.0, 13.5, 6.0, 23.9] s
[  33.78s] MARK go_to_start:start
[  33.78s] planner: CALCULATING
[  33.78s] push_pull: FLYING go_to_start
[  33.78s] planner: EXECUTING T=9.5s
[  33.78s] push_pull: FLYING go_to_start T=9.5s
[  33.83s] go_to_start: success=True go_to_start: planning from the current hold; it executes as soon as it is planned
[  33.83s] go_to_start: executing, T = 9.5 s
[  43.31s] planner: HOLD
[  43.31s] push_pull: DONE go_to_start next=ready (the gripper opens first) -- claw 7 mm from the point above the handle (tolerance 50 mm)
[  43.34s] MARK go_to_start:end
[  43.34s] MARK ready:start
[  43.34s] MARK gripper_open:start
[  43.34s] gripper open: at -0.0 deg
[  43.34s] MARK gripper_open:end
[  43.37s] push_pull: DONE go_to_start next=ready (the gripper opens first) -- claw 6 mm from the point above the handle (tolerance 50 mm)
[  43.57s] push_pull: DONE go_to_start next=ready (the gripper opens first) -- claw 5 mm from the point above the handle (tolerance 50 mm)
[  43.67s] push_pull: DONE go_to_start next=ready (the gripper opens first) -- claw 4 mm from the point above the handle (tolerance 50 mm)
[  43.77s] push_pull: DONE go_to_start next=ready (the gripper opens first) -- claw 3 mm from the point above the handle (tolerance 50 mm)
[  43.87s] push_pull: DONE go_to_start next=ready (the gripper opens first) -- claw 4 mm from the point above the handle (tolerance 50 mm)
[  44.17s] push_pull: DONE go_to_start next=ready (the gripper opens first) -- claw 3 mm from the point above the handle (tolerance 50 mm)
[  44.47s] push_pull: DONE go_to_start next=ready (the gripper opens first) -- claw 2 mm from the point above the handle (tolerance 50 mm)
[  44.67s] push_pull: DONE go_to_start next=ready (the gripper opens first) -- claw 3 mm from the point above the handle (tolerance 50 mm)
[  44.77s] push_pull: DONE go_to_start next=ready (the gripper opens first) -- claw 1 mm from the point above the handle (tolerance 50 mm)
[  44.87s] push_pull: DONE go_to_start next=ready (the gripper opens first) -- claw 2 mm from the point above the handle (tolerance 50 mm)
[  45.07s] push_pull: DONE go_to_start next=ready (the gripper opens first) -- claw 3 mm from the point above the handle (tolerance 50 mm)
[  45.17s] push_pull: DONE go_to_start next=ready (the gripper opens first) -- claw 2 mm from the point above the handle (tolerance 50 mm)
[  45.35s] planner: CALCULATING
[  45.35s] push_pull: FLYING ready
[  45.35s] planner: EXECUTING T=3.0s
[  45.35s] push_pull: FLYING ready T=3.0s
[  45.40s] ready: success=True ready: planning from the current hold; it executes as soon as it is planned (goal trimmed by [0.6, -0.1, 0.1] mm, the hover error)
[  45.40s] ready: executing, T = 3.0 s
[  48.35s] planner: HOLD
[  48.35s] push_pull: DONE ready next=push (CONTACT on: the gripper closes first)
[  48.35s] MARK ready:end
[  48.35s] MARK close:start
[  48.65s] close: claw 4.8 mm from the grasp point, +0.3 mm across the fin after 0.3 s
[  48.65s] MARK gripper_close:start
[  50.16s] gripper close (action): stalled=True reached=False position -0.0010 m, at -34.5 deg
[  50.16s] MARK gripper_close:end
[  50.16s] MARK push:start
[  50.16s] planner: CALCULATING
[  50.16s] push_pull: FLYING push (CONTACT)
[  50.16s] planner: EXECUTING T=13.5s
[  50.16s] push_pull: FLYING push (CONTACT) T=13.5s
[  50.21s] push: success=True push: planning from the current hold; it executes as soon as it is planned -- CONTACT phase on, the push holds 1.5 s, then slides 0.5 m
[  50.21s] push: executing, T = 13.5 s
[  57.95s] planner: IDLE
[  57.95s] push_pull: NOT IN DIRECT
[  57.97s] ABORT: left DIRECT while push complete
[  63.98s] landing by reference
[  76.04s] disarm: success=True Disarm command sent
saved /home/shiqi/fsc_PegasusSimulator/docs/docs_aerial_manipulator/archive/push_pull_20261003/tools/../runs/pl_48.npz
ABORTED: left DIRECT while push complete
[11:14:53] done
