[10:51:30] waiting for the planner's push-and-pull block
[10:51:36] planner up, EE offset array('d', [0.0, 0.0, 0.1825])
[10:51:36] waiting for the box (Isaac)
[10:52:14] box up; letting PX4 / the arm stack settle
[10:52:59] flying
[   0.99s] planner: IDLE
[   0.99s] push_pull: NOT IN DIRECT
[   1.03s] box at rest [1.2, 0.25, 0.8475]
[   1.08s] reset: success=True push-and-pull progress and plan cleared (the box capture and the typed points kept)
[   1.13s] adjust: success=True start mark and land point moved by [0.097, -0.068] m (the box is measured and not moved); press Plan
[   2.18s] capture_box: success=True captured the box at [1.200, 0.250, 0.848] m, yaw -0.0 deg from /obj_0/mocap (125 samples, spread 1.7 mm); the EE offset is applied in this box frame -- press Plan
[   3.23s] offboard: success=True Offboard mode request sent
[   6.28s] arm: success=True Arm command sent
[   8.29s] climbing to 1.3 m
[  18.06s] planner: HOLD
[  18.06s] push_pull: NOT PLANNED: press Plan
[  18.11s] set_direct_mode(true): success=True Switched to DIRECT mode
[  18.11s] MARK direct
[  33.13s] push_pull: PLANNING
[  33.14s] push_pull: READY next=go_to_start
[  33.18s] plan: success=True planning the five steps from the current hold -- the status reads READY when done
[  33.18s] planned step durations [9.5, 3.0, 13.5, 6.0, 23.9] s
[  33.18s] MARK go_to_start:start
[  33.18s] planner: CALCULATING
[  33.18s] push_pull: FLYING go_to_start
[  33.18s] planner: EXECUTING T=9.5s
[  33.18s] push_pull: FLYING go_to_start T=9.5s
[  33.23s] go_to_start: success=True go_to_start: planning from the current hold; it executes as soon as it is planned
[  33.23s] go_to_start: executing, T = 9.5 s
[  42.72s] planner: HOLD
[  42.72s] push_pull: DONE go_to_start next=ready (the gripper opens first) -- claw 16 mm from the point above the handle (tolerance 50 mm)
[  42.75s] MARK go_to_start:end
[  42.75s] MARK ready:start
[  42.75s] MARK gripper_open:start
[  42.75s] gripper open: at -0.0 deg
[  42.75s] MARK gripper_open:end
[  42.81s] push_pull: DONE go_to_start next=ready (the gripper opens first) -- claw 13 mm from the point above the handle (tolerance 50 mm)
[  42.91s] push_pull: DONE go_to_start next=ready (the gripper opens first) -- claw 12 mm from the point above the handle (tolerance 50 mm)
[  43.01s] push_pull: DONE go_to_start next=ready (the gripper opens first) -- claw 11 mm from the point above the handle (tolerance 50 mm)
[  43.21s] push_pull: DONE go_to_start next=ready (the gripper opens first) -- claw 9 mm from the point above the handle (tolerance 50 mm)
[  43.41s] push_pull: DONE go_to_start next=ready (the gripper opens first) -- claw 8 mm from the point above the handle (tolerance 50 mm)
[  43.51s] push_pull: DONE go_to_start next=ready (the gripper opens first) -- claw 6 mm from the point above the handle (tolerance 50 mm)
[  43.61s] push_pull: DONE go_to_start next=ready (the gripper opens first) -- claw 5 mm from the point above the handle (tolerance 50 mm)
[  43.71s] push_pull: DONE go_to_start next=ready (the gripper opens first) -- claw 4 mm from the point above the handle (tolerance 50 mm)
[  43.81s] push_pull: DONE go_to_start next=ready (the gripper opens first) -- claw 2 mm from the point above the handle (tolerance 50 mm)
[  43.91s] push_pull: DONE go_to_start next=ready (the gripper opens first) -- claw 3 mm from the point above the handle (tolerance 50 mm)
[  44.11s] push_pull: DONE go_to_start next=ready (the gripper opens first) -- claw 4 mm from the point above the handle (tolerance 50 mm)
[  44.21s] push_pull: DONE go_to_start next=ready (the gripper opens first) -- claw 3 mm from the point above the handle (tolerance 50 mm)
[  44.31s] push_pull: DONE go_to_start next=ready (the gripper opens first) -- claw 1 mm from the point above the handle (tolerance 50 mm)
[  44.41s] push_pull: DONE go_to_start next=ready (the gripper opens first) -- claw 2 mm from the point above the handle (tolerance 50 mm)
[  44.51s] push_pull: DONE go_to_start next=ready (the gripper opens first) -- claw 3 mm from the point above the handle (tolerance 50 mm)
[  44.61s] push_pull: DONE go_to_start next=ready (the gripper opens first) -- claw 1 mm from the point above the handle (tolerance 50 mm)
[  44.71s] push_pull: DONE go_to_start next=ready (the gripper opens first) -- claw 4 mm from the point above the handle (tolerance 50 mm)
[  44.75s] planner: CALCULATING
[  44.75s] push_pull: FLYING ready
[  44.75s] planner: EXECUTING T=3.0s
[  44.75s] push_pull: FLYING ready T=3.0s
[  44.80s] ready: success=True ready: planning from the current hold; it executes as soon as it is planned (goal trimmed by [-0.0, 0.6, 1.5] mm, the hover error)
[  44.80s] ready: executing, T = 3.0 s
[  47.76s] planner: HOLD
[  47.76s] push_pull: DONE ready next=push (CONTACT on: the gripper closes first)
[  47.76s] ABORT: the box was disturbed 44.7 mm by the descent -- not closing
[  47.76s] planner: IDLE
[  47.76s] push_pull: NOT IN DIRECT
[  47.81s] set_direct_mode(false): success=True Switched to SAFETY mode
[  53.81s] landing by reference
[  69.51s] disarm: success=True Disarm command sent
saved /home/shiqi/fsc_PegasusSimulator/docs/docs_aerial_manipulator/archive/push_pull_20261003/tools/../runs/pl_40.npz
ABORTED: the box was disturbed 44.7 mm by the descent -- not closing
[10:54:10] done
