[23:54:53] waiting for the planner's push-and-pull block
[23:54:59] planner up, EE offset array('d', [0.0, 0.155, 0.065])
[23:54:59] waiting for the box (Isaac)
[23:55:35] box up; letting PX4 / the arm stack settle
[23:56:20] flying
[   0.03s] planner: IDLE
[   0.03s] push_pull: NOT IN DIRECT
[   0.43s] box at rest [1.2, 0.25, 0.83]
[   1.08s] reset: success=True push-and-pull progress and plan cleared (the box capture and the typed points kept)
[   1.13s] adjust: success=True start mark and land point moved by [0.101, -0.069] m (the box is measured and not moved); press Plan
[   2.18s] capture_box: success=True captured the box at [1.200, 0.250, 0.830] m, yaw -0.0 deg from /obj_0/mocap (125 samples, spread 1.7 mm); the EE offset is applied in this box frame -- press Plan
[   3.23s] offboard: success=True Offboard mode request sent
[   6.29s] arm: success=True Arm command sent
[   8.29s] climbing to 1.0 m
[  20.92s] planner: HOLD
[  20.92s] push_pull: NOT PLANNED: press Plan
[  20.97s] set_direct_mode(true): success=True Switched to DIRECT mode
[  20.97s] MARK direct
[  35.99s] push_pull: PLANNING
[  36.00s] push_pull: READY next=go_to_start
[  36.04s] plan: success=True planning the five steps from the current hold -- the status reads READY when done
[  36.04s] planned step durations [9.6, 3.2, 13.5, 9.5, 23.9] s
[  36.04s] MARK go_to_start:start
[  36.04s] planner: CALCULATING
[  36.04s] push_pull: FLYING go_to_start
[  36.04s] planner: EXECUTING T=9.6s
[  36.04s] push_pull: FLYING go_to_start T=9.6s
[  36.09s] go_to_start: success=True go_to_start: planning from the current hold; it executes as soon as it is planned
[  36.09s] go_to_start: executing, T = 9.6 s
[  45.64s] planner: HOLD
[  45.64s] push_pull: DONE go_to_start next=ready (the gripper opens first) -- claw 7 mm from the point above the handle (tolerance 50 mm)
[  45.66s] MARK go_to_start:end
[  45.66s] MARK ready:start
[  45.66s] MARK gripper_open:start
[  45.66s] gripper open: at -0.0 deg
[  45.66s] MARK gripper_open:end
[  46.01s] push_pull: DONE go_to_start next=ready (the gripper opens first) -- claw 4 mm from the point above the handle (tolerance 50 mm)
[  46.11s] push_pull: DONE go_to_start next=ready (the gripper opens first) -- claw 3 mm from the point above the handle (tolerance 50 mm)
[  46.21s] push_pull: DONE go_to_start next=ready (the gripper opens first) -- claw 1 mm from the point above the handle (tolerance 50 mm)
[  46.51s] push_pull: DONE go_to_start next=ready (the gripper opens first) -- claw 3 mm from the point above the handle (tolerance 50 mm)
[  46.71s] push_pull: DONE go_to_start next=ready (the gripper opens first) -- claw 4 mm from the point above the handle (tolerance 50 mm)
[  46.81s] push_pull: DONE go_to_start next=ready (the gripper opens first) -- claw 5 mm from the point above the handle (tolerance 50 mm)
[  46.91s] push_pull: DONE go_to_start next=ready (the gripper opens first) -- claw 8 mm from the point above the handle (tolerance 50 mm)
[  47.01s] push_pull: DONE go_to_start next=ready (the gripper opens first) -- claw 3 mm from the point above the handle (tolerance 50 mm)
[  47.11s] push_pull: DONE go_to_start next=ready (the gripper opens first) -- claw 4 mm from the point above the handle (tolerance 50 mm)
[  47.21s] push_pull: DONE go_to_start next=ready (the gripper opens first) -- claw 2 mm from the point above the handle (tolerance 50 mm)
[  47.31s] push_pull: DONE go_to_start next=ready (the gripper opens first) -- claw 4 mm from the point above the handle (tolerance 50 mm)
[  47.51s] push_pull: DONE go_to_start next=ready (the gripper opens first) -- claw 7 mm from the point above the handle (tolerance 50 mm)
[  47.61s] push_pull: DONE go_to_start next=ready (the gripper opens first) -- claw 4 mm from the point above the handle (tolerance 50 mm)
[  47.66s] planner: CALCULATING
[  47.66s] push_pull: FLYING ready
[  47.66s] planner: EXECUTING T=3.2s
[  47.66s] push_pull: FLYING ready T=3.2s
[  47.71s] ready: success=True ready: planning from the current hold; it executes as soon as it is planned (goal trimmed by [0.3, -0.7, 1.9] mm, the hover error)
[  47.71s] ready: executing, T = 3.2 s
[  50.88s] planner: HOLD
[  50.88s] push_pull: DONE ready next=push (CONTACT on: the gripper closes first)
[  50.91s] MARK ready:end
[  50.92s] MARK close:start
[  51.22s] close: claw 15.6 mm from the grasp point, -0.9 mm across the fin after 0.3 s
[  51.22s] MARK gripper_close:start
[  52.40s] gripper close (action): stalled=True reached=False position 0.0057 m, at -23.1 deg
[  52.40s] MARK gripper_close:end
[  52.40s] MARK push:start
[  52.40s] planner: CALCULATING
[  52.40s] push_pull: FLYING push (CONTACT)
[  52.40s] planner: EXECUTING T=13.5s
[  52.40s] push_pull: FLYING push (CONTACT) T=13.5s
[  52.45s] push: success=True push: planning from the current hold; it executes as soon as it is planned -- CONTACT phase on, the push holds 1.5 s, then slides 0.5 m
[  52.45s] push: executing, T = 13.5 s
[  65.90s] planner: HOLD
[  65.90s] push_pull: DONE push next=exit (the gripper opens first)
[  65.93s] MARK push:end
[  65.93s] push: the box moved [-13, -499, -0] mm
[  66.93s] MARK release:start
[  66.93s] MARK gripper_release:start
[  68.60s] gripper release: at -2.7 deg
[  68.60s] MARK gripper_release:end
[  69.60s] MARK exit:start
[  69.60s] planner: CALCULATING
[  69.60s] push_pull: FLYING exit
[  69.60s] planner: EXECUTING T=9.5s
[  69.60s] push_pull: FLYING exit T=9.5s
[  69.65s] exit: success=True exit: planning from the current hold; it executes as soon as it is planned
[  69.65s] exit: executing, T = 9.5 s
[  79.15s] planner: HOLD
[  79.15s] push_pull: DONE exit next=go_to_land
[  79.17s] MARK exit:end
[  81.17s] MARK go_to_land:start
[  81.17s] planner: CALCULATING
[  81.17s] push_pull: FLYING go_to_land
[  81.17s] planner: EXECUTING T=23.9s
[  81.17s] push_pull: FLYING go_to_land T=23.9s
[  81.22s] go_to_land: success=True go_to_land: planning from the current hold; it executes as soon as it is planned
[  81.22s] go_to_land: executing, T = 23.9 s
[ 105.11s] planner: HOLD
[ 105.11s] push_pull: COMPLETE -- touch down with SAFETY -> land
[ 105.12s] MARK go_to_land:end
[ 110.12s] mission complete
[ 110.12s] planner: IDLE
[ 110.12s] push_pull: NOT IN DIRECT
[ 110.17s] set_direct_mode(false): success=True Switched to SAFETY mode
[ 116.18s] landing by reference
[ 130.55s] disarm: success=True Disarm command sent
saved /home/shiqi/fsc_PegasusSimulator/docs/docs_aerial_manipulator/archive/push_pull_20261003/tools/../runs/pl_29.npz
completed
[23:58:32] done
