[23:21:39] waiting for the planner's push-and-pull block
[23:21:45] planner up, EE offset array('d', [0.0, 0.155, 0.065])
[23:21:45] waiting for the box (Isaac)
[23:22:21] box up; letting PX4 / the arm stack settle
[23:23:06] flying
[   0.03s] planner: IDLE
[   0.03s] push_pull: NOT IN DIRECT
[   1.08s] box at rest [1.2, 0.25, 0.83]
[   1.13s] reset: success=True push-and-pull progress and plan cleared (the box capture and the typed points kept)
[   1.18s] adjust: success=True start mark and land point moved by [0.101, -0.069] m (the box is measured and not moved); press Plan
[   2.23s] capture_box: success=True captured the box at [1.200, 0.250, 0.830] m, yaw -0.0 deg from /obj_0/mocap (125 samples, spread 1.9 mm); the EE offset is applied in this box frame -- press Plan
[   3.28s] offboard: success=True Offboard mode request sent
[   6.33s] arm: success=True Arm command sent
[   8.33s] climbing to 1.0 m
[  20.52s] planner: HOLD
[  20.52s] push_pull: NOT PLANNED: press Plan
[  20.57s] set_direct_mode(true): success=True Switched to DIRECT mode
[  20.57s] MARK direct
[  35.58s] push_pull: PLANNING
[  35.60s] push_pull: READY next=go_to_start
[  35.63s] plan: success=True planning the five steps from the current hold -- the status reads READY when done
[  35.63s] planned step durations [9.7, 3.2, 13.5, 9.5, 23.9] s
[  35.63s] MARK go_to_start:start
[  35.63s] planner: CALCULATING
[  35.63s] push_pull: FLYING go_to_start
[  35.64s] planner: EXECUTING T=9.7s
[  35.64s] push_pull: FLYING go_to_start T=9.7s
[  35.68s] go_to_start: success=True go_to_start: planning from the current hold; it executes as soon as it is planned
[  35.68s] go_to_start: executing, T = 9.7 s
[  45.39s] planner: HOLD
[  45.39s] push_pull: DONE go_to_start next=ready (the gripper opens first) -- claw 10 mm from the point above the handle (tolerance 50 mm)
[  45.40s] MARK go_to_start:end
[  45.40s] MARK ready:start
[  45.40s] MARK gripper_open:start
[  45.40s] gripper open: at -0.0 deg
[  45.40s] MARK gripper_open:end
[  45.48s] push_pull: DONE go_to_start next=ready (the gripper opens first) -- claw 9 mm from the point above the handle (tolerance 50 mm)
[  45.68s] push_pull: DONE go_to_start next=ready (the gripper opens first) -- claw 7 mm from the point above the handle (tolerance 50 mm)
[  45.78s] push_pull: DONE go_to_start next=ready (the gripper opens first) -- claw 3 mm from the point above the handle (tolerance 50 mm)
[  45.88s] push_pull: DONE go_to_start next=ready (the gripper opens first) -- claw 4 mm from the point above the handle (tolerance 50 mm)
[  45.98s] push_pull: DONE go_to_start next=ready (the gripper opens first) -- claw 3 mm from the point above the handle (tolerance 50 mm)
[  46.08s] push_pull: DONE go_to_start next=ready (the gripper opens first) -- claw 2 mm from the point above the handle (tolerance 50 mm)
[  46.28s] push_pull: DONE go_to_start next=ready (the gripper opens first) -- claw 1 mm from the point above the handle (tolerance 50 mm)
[  46.38s] push_pull: DONE go_to_start next=ready (the gripper opens first) -- claw 3 mm from the point above the handle (tolerance 50 mm)
[  46.48s] push_pull: DONE go_to_start next=ready (the gripper opens first) -- claw 1 mm from the point above the handle (tolerance 50 mm)
[  46.58s] push_pull: DONE go_to_start next=ready (the gripper opens first) -- claw 2 mm from the point above the handle (tolerance 50 mm)
[  46.78s] push_pull: DONE go_to_start next=ready (the gripper opens first) -- claw 3 mm from the point above the handle (tolerance 50 mm)
[  46.88s] push_pull: DONE go_to_start next=ready (the gripper opens first) -- claw 7 mm from the point above the handle (tolerance 50 mm)
[  46.98s] push_pull: DONE go_to_start next=ready (the gripper opens first) -- claw 4 mm from the point above the handle (tolerance 50 mm)
[  47.18s] push_pull: DONE go_to_start next=ready (the gripper opens first) -- claw 3 mm from the point above the handle (tolerance 50 mm)
[  47.28s] push_pull: DONE go_to_start next=ready (the gripper opens first) -- claw 2 mm from the point above the handle (tolerance 50 mm)
[  47.38s] push_pull: DONE go_to_start next=ready (the gripper opens first) -- claw 3 mm from the point above the handle (tolerance 50 mm)
[  47.40s] planner: CALCULATING
[  47.40s] push_pull: FLYING ready
[  47.41s] planner: EXECUTING T=3.2s
[  47.41s] push_pull: FLYING ready T=3.2s
[  47.45s] ready: success=True ready: planning from the current hold; it executes as soon as it is planned (goal trimmed by [0.7, -0.6, 0.7] mm, the hover error)
[  47.45s] ready: executing, T = 3.2 s
[  50.63s] planner: HOLD
[  50.63s] push_pull: DONE ready next=push (CONTACT on: the gripper closes first)
[  50.66s] MARK ready:end
[  50.66s] MARK close:start
[  50.96s] close: claw 2.7 mm from the grasp point, -0.6 mm across the fin after 0.3 s
[  50.96s] MARK gripper_close:start
[  52.44s] gripper close (action): stalled=True reached=False position -0.0007 m, at -33.9 deg
[  52.44s] MARK gripper_close:end
[  52.44s] MARK push:start
[  52.45s] planner: CALCULATING
[  52.45s] push_pull: FLYING push (CONTACT)
[  52.45s] planner: EXECUTING T=13.5s
[  52.45s] push_pull: FLYING push (CONTACT) T=13.5s
[  52.50s] push: success=True push: planning from the current hold; it executes as soon as it is planned -- CONTACT phase on, the push holds 1.5 s, then slides 0.5 m
[  52.50s] push: executing, T = 13.5 s
[  65.95s] planner: HOLD
[  65.95s] push_pull: DONE push next=exit (the gripper opens first)
[  65.97s] MARK push:end
[  65.97s] push: the box moved [+76, -484, +0] mm
[  66.97s] MARK release:start
[  66.97s] MARK gripper_release:start
[  68.72s] gripper release: at -2.9 deg
[  68.72s] MARK gripper_release:end
[  69.72s] MARK exit:start
[  69.72s] planner: CALCULATING
[  69.72s] push_pull: FLYING exit
[  69.73s] planner: EXECUTING T=9.5s
[  69.73s] push_pull: FLYING exit T=9.5s
[  69.77s] exit: success=True exit: planning from the current hold; it executes as soon as it is planned
[  69.77s] exit: executing, T = 9.5 s
[  79.28s] planner: HOLD
[  79.28s] push_pull: DONE exit next=go_to_land
[  79.29s] MARK exit:end
[  81.29s] MARK go_to_land:start
[  81.29s] planner: CALCULATING
[  81.29s] push_pull: FLYING go_to_land
[  81.30s] planner: EXECUTING T=23.9s
[  81.30s] push_pull: FLYING go_to_land T=23.9s
[  81.34s] go_to_land: success=True go_to_land: planning from the current hold; it executes as soon as it is planned
[  81.34s] go_to_land: executing, T = 23.9 s
[ 105.24s] planner: HOLD
[ 105.24s] push_pull: COMPLETE -- touch down with SAFETY -> land
[ 105.25s] MARK go_to_land:end
[ 110.25s] mission complete
[ 110.25s] planner: IDLE
[ 110.25s] push_pull: NOT IN DIRECT
[ 110.30s] set_direct_mode(false): success=True Switched to SAFETY mode
[ 116.31s] landing by reference
[ 130.68s] disarm: success=True Disarm command sent
saved /home/shiqi/fsc_PegasusSimulator/docs/docs_aerial_manipulator/archive/push_pull_20261003/tools/../runs/pl_22.npz
completed
[23:25:18] done
