[22:29:45] waiting for the planner's push-and-pull block
[22:29:51] planner up, EE offset array('d', [0.0, 0.155, 0.065])
[22:29:51] waiting for the box (Isaac)
[22:30:27] box up; letting PX4 / the arm stack settle
[22:31:12] flying
[   0.03s] planner: IDLE
[   0.03s] push_pull: NOT IN DIRECT
[   1.03s] box at rest [1.2, 0.25, 0.83]
[   1.08s] reset: success=True push-and-pull progress and plan cleared (the box capture and the typed points kept)
[   1.13s] adjust: success=True start mark and land point moved by [0.101, -0.073] m (the box is measured and not moved); press Plan
[   2.18s] capture_box: success=True captured the box at [1.200, 0.250, 0.830] m, yaw -0.0 deg from /obj_0/mocap (125 samples, spread 1.6 mm); the EE offset is applied in this box frame -- press Plan
[   3.23s] offboard: success=True Offboard mode request sent
[   6.28s] arm: success=True Arm command sent
[   8.28s] climbing to 1.0 m
[  19.76s] planner: HOLD
[  19.76s] push_pull: NOT PLANNED: press Plan
[  19.81s] set_direct_mode(true): success=True Switched to DIRECT mode
[  19.81s] MARK direct
[  34.83s] push_pull: PLANNING
[  34.84s] push_pull: READY next=go_to_start
[  34.88s] plan: success=True planning the five steps from the current hold -- the status reads READY when done
[  34.88s] planned step durations [9.6, 3.2, 13.5, 9.5, 23.9] s
[  34.88s] MARK go_to_start:start
[  34.88s] planner: CALCULATING
[  34.88s] push_pull: FLYING go_to_start
[  34.88s] planner: EXECUTING T=9.6s
[  34.88s] push_pull: FLYING go_to_start T=9.6s
[  34.93s] go_to_start: success=True go_to_start: planning from the current hold; it executes as soon as it is planned
[  34.93s] go_to_start: executing, T = 9.6 s
[  44.53s] planner: HOLD
[  44.53s] push_pull: DONE go_to_start next=ready (the gripper opens first) -- claw 11 mm from the point above the handle (tolerance 50 mm)
[  44.54s] MARK go_to_start:end
[  44.54s] MARK ready:start
[  44.54s] MARK gripper_open:start
[  44.54s] gripper open: at -0.0 deg
[  44.54s] MARK gripper_open:end
[  44.65s] push_pull: DONE go_to_start next=ready (the gripper opens first) -- claw 10 mm from the point above the handle (tolerance 50 mm)
[  45.55s] push_pull: DONE go_to_start next=ready (the gripper opens first) -- claw 8 mm from the point above the handle (tolerance 50 mm)
[  45.65s] push_pull: DONE go_to_start next=ready (the gripper opens first) -- claw 7 mm from the point above the handle (tolerance 50 mm)
[  45.75s] push_pull: DONE go_to_start next=ready (the gripper opens first) -- claw 6 mm from the point above the handle (tolerance 50 mm)
[  45.85s] push_pull: DONE go_to_start next=ready (the gripper opens first) -- claw 5 mm from the point above the handle (tolerance 50 mm)
[  45.95s] push_pull: DONE go_to_start next=ready (the gripper opens first) -- claw 3 mm from the point above the handle (tolerance 50 mm)
[  46.05s] push_pull: DONE go_to_start next=ready (the gripper opens first) -- claw 2 mm from the point above the handle (tolerance 50 mm)
[  46.25s] push_pull: DONE go_to_start next=ready (the gripper opens first) -- claw 3 mm from the point above the handle (tolerance 50 mm)
[  46.35s] push_pull: DONE go_to_start next=ready (the gripper opens first) -- claw 6 mm from the point above the handle (tolerance 50 mm)
[  46.45s] push_pull: DONE go_to_start next=ready (the gripper opens first) -- claw 4 mm from the point above the handle (tolerance 50 mm)
[  46.55s] planner: CALCULATING
[  46.55s] push_pull: FLYING ready
[  46.55s] planner: EXECUTING T=3.2s
[  46.55s] push_pull: FLYING ready T=3.2s
[  46.60s] ready: success=True ready: planning from the current hold; it executes as soon as it is planned (goal trimmed by [-0.4, -2.8, 1.6] mm, the hover error)
[  46.60s] ready: executing, T = 3.2 s
[  49.77s] planner: HOLD
[  49.77s] push_pull: DONE ready next=push (CONTACT on: the gripper closes first)
[  49.80s] MARK ready:end
[  49.80s] MARK close:start
[  50.10s] close: claw 3.4 mm from the grasp point, +0.3 mm across the fin after 0.3 s
[  50.10s] MARK gripper_close:start
[  51.44s] gripper close (action): stalled=True reached=False position 0.0016 m, at -30.0 deg
[  51.44s] MARK gripper_close:end
[  51.44s] MARK push:start
[  51.44s] planner: CALCULATING
[  51.44s] push_pull: FLYING push (CONTACT)
[  51.45s] planner: EXECUTING T=13.5s
[  51.45s] push_pull: FLYING push (CONTACT) T=13.5s
[  51.49s] push: success=True push: planning from the current hold; it executes as soon as it is planned -- CONTACT phase on, the push holds 1.5 s, then slides 0.5 m
[  51.49s] push: executing, T = 13.5 s
[  53.89s] planner: CALCULATING
[  53.89s] push_pull: ABORTING (SAFETY GUARD: push force 3573.2 N > 5.0 N) -- gripper open, contact off, climbing 0.30 m, then the arm home
[  53.89s] gripper OPEN (the planner is aborting)
[  53.89s] planner: EXECUTING T=11.0s
[  53.90s] ABORT: push-and-pull ABORTED while push complete: ABORTING (SAFETY GUARD: push force 3573.2 N > 5.0 N) -- gripper open, contact off, climbing 0.30 m, then the arm home
[  54.14s] planner: IDLE
[  54.14s] push_pull: NOT IN DIRECT
[  54.15s] planner abort finished: NOT IN DIRECT
[  62.16s] landing by reference
[  82.23s] disarm: success=True Disarm command sent
saved /home/shiqi/fsc_PegasusSimulator/docs/docs_aerial_manipulator/archive/push_pull_20261003/tools/../runs/pl_14.npz
ABORTED: push-and-pull ABORTED while push complete: ABORTING (SAFETY GUARD: push force 3573.2 N > 5.0 N) -- gripper open, contact off, climbing 0.30 m, then the arm home
[22:32:35] done
