[09:31:36] waiting for the planner's push-and-pull block
[09:31:43] planner up, EE offset array('d', [0.0, 0.155, 0.065])
[09:31:43] waiting for the box (Isaac)
[09:32:28] box up; letting PX4 / the arm stack settle
[09:33:13] flying
[   0.03s] planner: IDLE
[   0.03s] push_pull: NOT IN DIRECT
[   0.13s] box at rest [1.2, 0.25, 0.83]
[   1.08s] reset: success=True push-and-pull progress and plan cleared (the box capture and the typed points kept)
[   1.13s] adjust: success=True start mark and land point moved by [0.099, -0.070] m (the box is measured and not moved); press Plan
[   2.18s] capture_box: success=True captured the box at [1.200, 0.250, 0.830] m, yaw -0.0 deg from /obj_0/mocap (125 samples, spread 1.6 mm); the EE offset is applied in this box frame -- press Plan
[   3.23s] offboard: success=True Offboard mode request sent
[   6.28s] arm: success=True Arm command sent
[   8.29s] climbing to 1.0 m
[  20.17s] planner: HOLD
[  20.17s] push_pull: NOT PLANNED: press Plan
[  20.22s] set_direct_mode(true): success=True Switched to DIRECT mode
[  20.22s] MARK direct
[  35.23s] push_pull: PLANNING
[  35.25s] push_pull: READY next=go_to_start
[  35.28s] plan: success=True planning the five steps from the current hold -- the status reads READY when done
[  35.28s] planned step durations [9.8, 3.2, 13.5, 9.5, 23.9] s
[  35.28s] MARK go_to_start:start
[  35.28s] planner: CALCULATING
[  35.28s] push_pull: FLYING go_to_start
[  35.29s] planner: EXECUTING T=9.8s
[  35.29s] push_pull: FLYING go_to_start T=9.8s
[  35.33s] go_to_start: success=True go_to_start: planning from the current hold; it executes as soon as it is planned
[  35.33s] go_to_start: executing, T = 9.8 s
[  45.10s] planner: HOLD
[  45.10s] push_pull: DONE go_to_start next=ready (the gripper opens first) -- claw 10 mm from the point above the handle (tolerance 50 mm)
[  45.10s] MARK go_to_start:end
[  45.10s] MARK ready:start
[  45.10s] MARK gripper_open:start
[  45.10s] gripper open: at -0.0 deg
[  45.10s] MARK gripper_open:end
[  45.17s] push_pull: DONE go_to_start next=ready (the gripper opens first) -- claw 9 mm from the point above the handle (tolerance 50 mm)
[  45.27s] push_pull: DONE go_to_start next=ready (the gripper opens first) -- claw 7 mm from the point above the handle (tolerance 50 mm)
[  45.37s] push_pull: DONE go_to_start next=ready (the gripper opens first) -- claw 5 mm from the point above the handle (tolerance 50 mm)
[  45.47s] push_pull: DONE go_to_start next=ready (the gripper opens first) -- claw 4 mm from the point above the handle (tolerance 50 mm)
[  45.57s] push_pull: DONE go_to_start next=ready (the gripper opens first) -- claw 3 mm from the point above the handle (tolerance 50 mm)
[  45.77s] push_pull: DONE go_to_start next=ready (the gripper opens first) -- claw 2 mm from the point above the handle (tolerance 50 mm)
[  45.87s] push_pull: DONE go_to_start next=ready (the gripper opens first) -- claw 1 mm from the point above the handle (tolerance 50 mm)
[  46.17s] push_pull: DONE go_to_start next=ready (the gripper opens first) -- claw 2 mm from the point above the handle (tolerance 50 mm)
[  46.27s] push_pull: DONE go_to_start next=ready (the gripper opens first) -- claw 3 mm from the point above the handle (tolerance 50 mm)
[  46.37s] push_pull: DONE go_to_start next=ready (the gripper opens first) -- claw 1 mm from the point above the handle (tolerance 50 mm)
[  46.47s] push_pull: DONE go_to_start next=ready (the gripper opens first) -- claw 2 mm from the point above the handle (tolerance 50 mm)
[  46.67s] push_pull: DONE go_to_start next=ready (the gripper opens first) -- claw 6 mm from the point above the handle (tolerance 50 mm)
[  46.77s] push_pull: DONE go_to_start next=ready (the gripper opens first) -- claw 1 mm from the point above the handle (tolerance 50 mm)
[  46.87s] push_pull: DONE go_to_start next=ready (the gripper opens first) -- claw 4 mm from the point above the handle (tolerance 50 mm)
[  46.97s] push_pull: DONE go_to_start next=ready (the gripper opens first) -- claw 1 mm from the point above the handle (tolerance 50 mm)
[  47.07s] push_pull: DONE go_to_start next=ready (the gripper opens first) -- claw 2 mm from the point above the handle (tolerance 50 mm)
[  47.10s] planner: CALCULATING
[  47.10s] push_pull: FLYING ready
[  47.11s] planner: EXECUTING T=3.2s
[  47.11s] push_pull: FLYING ready T=3.2s
[  47.15s] ready: success=True ready: planning from the current hold; it executes as soon as it is planned (goal trimmed by [0.8, 0.1, 0.5] mm, the hover error)
[  47.15s] ready: executing, T = 3.2 s
[  50.34s] planner: HOLD
[  50.34s] push_pull: DONE ready next=push (CONTACT on: the gripper closes first)
[  50.36s] MARK ready:end
[  50.36s] MARK close:start
[  50.66s] close: claw 3.1 mm from the grasp point, -1.9 mm across the fin after 0.3 s
[  50.66s] MARK gripper_close:start
[  51.94s] gripper close (action): stalled=True reached=False position 0.0028 m, at -28.0 deg
[  51.94s] MARK gripper_close:end
[  51.94s] MARK push:start
[  51.94s] planner: CALCULATING
[  51.95s] push_pull: FLYING push (CONTACT)
[  51.95s] planner: EXECUTING T=13.5s
[  51.95s] push_pull: FLYING push (CONTACT) T=13.5s
[  51.99s] push: success=True push: planning from the current hold; it executes as soon as it is planned -- CONTACT phase on, the push holds 1.5 s, then slides 0.5 m
[  51.99s] push: executing, T = 13.5 s
[  65.46s] planner: HOLD
[  65.46s] push_pull: DONE push next=exit (the gripper opens first)
[  65.47s] MARK push:end
[  65.47s] push: the box moved [+24, -514, -0] mm
[  66.47s] MARK release:start
[  66.47s] MARK gripper_release:start
[  67.80s] planner: CALCULATING
[  67.80s] push_pull: ABORTING (SAFETY GUARD: push force 793.4 N > 5.0 N) -- gripper open, contact off, climbing 0.30 m, then the arm home
[  67.80s] gripper OPEN (the planner is aborting)
[  67.81s] planner: EXECUTING T=11.0s
[  67.99s] planner: IDLE
[  67.99s] push_pull: NOT IN DIRECT
[  68.26s] gripper release: at -2.8 deg
[  68.26s] MARK gripper_release:end
[  69.26s] MARK exit:start
[  69.26s] ABORT: left DIRECT while exit response
[  75.27s] landing by reference
[  87.33s] disarm: success=True Disarm command sent
saved /home/shiqi/fsc_PegasusSimulator/docs/docs_aerial_manipulator/archive/push_pull_20261003/tools/../runs/pl_35.npz
ABORTED: left DIRECT while exit response
[09:34:41] done
