[00:03:05] waiting for the planner's push-and-pull block
[00:03:11] planner up, EE offset array('d', [0.0, 0.155, 0.065])
[00:03:11] waiting for the box (Isaac)
[00:03:50] box up; letting PX4 / the arm stack settle
[00:04:35] flying
[   1.00s] planner: IDLE
[   1.00s] push_pull: NOT IN DIRECT
[   2.03s] box at rest [1.2, 0.25, 0.83]
[   2.08s] reset: success=True push-and-pull progress and plan cleared (the box capture and the typed points kept)
[   2.13s] adjust: success=True start mark and land point moved by [0.102, -0.070] m (the box is measured and not moved); press Plan
[   3.18s] capture_box: success=True captured the box at [1.200, 0.250, 0.830] m, yaw -0.0 deg from /obj_0/mocap (125 samples, spread 1.8 mm); the EE offset is applied in this box frame -- press Plan
[   4.23s] offboard: success=True Offboard mode request sent
[   7.28s] arm: success=True Arm command sent
[   9.28s] climbing to 1.0 m
[  22.12s] planner: HOLD
[  22.12s] push_pull: NOT PLANNED: press Plan
[  22.17s] set_direct_mode(true): success=True Switched to DIRECT mode
[  22.17s] MARK direct
[  37.18s] push_pull: PLANNING
[  37.20s] push_pull: READY next=go_to_start
[  37.23s] plan: success=True planning the five steps from the current hold -- the status reads READY when done
[  37.23s] planned step durations [9.5, 3.2, 13.5, 9.5, 23.9] s
[  37.23s] MARK go_to_start:start
[  37.23s] planner: CALCULATING
[  37.23s] push_pull: FLYING go_to_start
[  37.24s] planner: EXECUTING T=9.5s
[  37.24s] push_pull: FLYING go_to_start T=9.5s
[  37.28s] go_to_start: success=True go_to_start: planning from the current hold; it executes as soon as it is planned
[  37.28s] go_to_start: executing, T = 9.5 s
[  46.73s] planner: HOLD
[  46.73s] push_pull: DONE go_to_start next=ready (the gripper opens first) -- claw 9 mm from the point above the handle (tolerance 50 mm)
[  46.75s] MARK go_to_start:end
[  46.75s] MARK ready:start
[  46.75s] MARK gripper_open:start
[  46.75s] gripper open: at -0.0 deg
[  46.75s] MARK gripper_open:end
[  46.82s] push_pull: DONE go_to_start next=ready (the gripper opens first) -- claw 8 mm from the point above the handle (tolerance 50 mm)
[  46.92s] push_pull: DONE go_to_start next=ready (the gripper opens first) -- claw 7 mm from the point above the handle (tolerance 50 mm)
[  47.02s] push_pull: DONE go_to_start next=ready (the gripper opens first) -- claw 5 mm from the point above the handle (tolerance 50 mm)
[  47.12s] push_pull: DONE go_to_start next=ready (the gripper opens first) -- claw 3 mm from the point above the handle (tolerance 50 mm)
[  47.52s] push_pull: DONE go_to_start next=ready (the gripper opens first) -- claw 2 mm from the point above the handle (tolerance 50 mm)
[  47.82s] push_pull: DONE go_to_start next=ready (the gripper opens first) -- claw 4 mm from the point above the handle (tolerance 50 mm)
[  47.92s] push_pull: DONE go_to_start next=ready (the gripper opens first) -- claw 6 mm from the point above the handle (tolerance 50 mm)
[  48.12s] push_pull: DONE go_to_start next=ready (the gripper opens first) -- claw 4 mm from the point above the handle (tolerance 50 mm)
[  48.22s] push_pull: DONE go_to_start next=ready (the gripper opens first) -- claw 1 mm from the point above the handle (tolerance 50 mm)
[  48.32s] push_pull: DONE go_to_start next=ready (the gripper opens first) -- claw 4 mm from the point above the handle (tolerance 50 mm)
[  48.42s] push_pull: DONE go_to_start next=ready (the gripper opens first) -- claw 7 mm from the point above the handle (tolerance 50 mm)
[  48.52s] push_pull: DONE go_to_start next=ready (the gripper opens first) -- claw 4 mm from the point above the handle (tolerance 50 mm)
[  48.72s] push_pull: DONE go_to_start next=ready (the gripper opens first) -- claw 3 mm from the point above the handle (tolerance 50 mm)
[  48.75s] planner: CALCULATING
[  48.75s] push_pull: FLYING ready
[  48.76s] planner: EXECUTING T=3.2s
[  48.76s] push_pull: FLYING ready T=3.2s
[  48.80s] ready: success=True ready: planning from the current hold; it executes as soon as it is planned (goal trimmed by [-0.5, 0.4, 0.4] mm, the hover error)
[  48.80s] ready: executing, T = 3.2 s
[  51.99s] planner: HOLD
[  51.99s] push_pull: DONE ready next=push (CONTACT on: the gripper closes first)
[  52.01s] MARK ready:end
[  52.01s] MARK close:start
[  52.31s] close: claw 4.9 mm from the grasp point, -1.4 mm across the fin after 0.3 s
[  52.31s] MARK gripper_close:start
[  53.92s] gripper close (action): stalled=True reached=False position -0.0027 m, at -37.4 deg
[  53.92s] MARK gripper_close:end
[  53.92s] MARK push:start
[  53.92s] planner: CALCULATING
[  53.92s] push_pull: FLYING push (CONTACT)
[  53.92s] planner: EXECUTING T=13.5s
[  53.92s] push_pull: FLYING push (CONTACT) T=13.5s
[  53.97s] push: success=True push: planning from the current hold; it executes as soon as it is planned -- CONTACT phase on, the push holds 1.5 s, then slides 0.5 m
[  53.97s] push: executing, T = 13.5 s
[  64.43s] planner: IDLE
[  64.43s] push_pull: NOT IN DIRECT
[  64.44s] ABORT: left DIRECT while push complete
[  70.45s] landing by reference
[  83.31s] disarm: success=True Disarm command sent
saved /home/shiqi/fsc_PegasusSimulator/docs/docs_aerial_manipulator/archive/push_pull_20261003/tools/../runs/pl_31.npz
ABORTED: left DIRECT while push complete
[00:06:00] done
