[21:49:48] waiting for the planner's push-and-pull block
[21:49:54] planner up, EE offset array('d', [0.0, 0.155, 0.065])
[21:49:54] waiting for the box (Isaac)
[21:50:33] box up; letting PX4 / the arm stack settle
[21:51:18] flying
[   0.03s] planner: IDLE
[   0.03s] push_pull: NOT IN DIRECT
[   0.43s] box at rest [1.2, 0.25, 0.83]
[   0.48s] reset: success=True push-and-pull progress and plan cleared (the box capture and the typed points kept)
[   0.53s] adjust: success=True start mark and land point moved by [0.103, -0.069] m (the box is measured and not moved); press Plan
[   1.58s] capture_box: success=True captured the box at [1.200, 0.250, 0.830] m, yaw -0.0 deg from /obj_0/mocap (125 samples, spread 1.9 mm); the EE offset is applied in this box frame -- press Plan
[   2.63s] offboard: success=True Offboard mode request sent
[   5.68s] arm: success=True Arm command sent
[   7.68s] climbing to 1.0 m
[  19.96s] planner: HOLD
[  19.96s] push_pull: NOT PLANNED: press Plan
[  20.01s] set_direct_mode(true): success=True Switched to DIRECT mode
[  20.01s] MARK direct
[  35.03s] push_pull: PLANNING
[  35.04s] push_pull: READY next=go_to_start
[  35.08s] plan: success=True planning the five steps from the current hold -- the status reads READY when done
[  35.08s] planned step durations [9.8, 3.2, 13.5, 9.5, 23.9] s
[  35.08s] MARK go_to_start:start
[  35.08s] planner: CALCULATING
[  35.08s] push_pull: FLYING go_to_start
[  35.08s] planner: EXECUTING T=9.8s
[  35.08s] push_pull: FLYING go_to_start T=9.8s
[  35.13s] go_to_start: success=True go_to_start: planning from the current hold; it executes as soon as it is planned
[  35.13s] go_to_start: executing, T = 9.8 s
[  44.90s] planner: HOLD
[  44.90s] push_pull: DONE go_to_start next=ready (the gripper opens first) -- claw 9 mm from the point above the handle (tolerance 50 mm)
[  44.95s] MARK go_to_start:end
[  44.95s] MARK ready:start
[  44.95s] MARK gripper_open:start
[  44.95s] gripper open: at -0.0 deg
[  44.95s] MARK gripper_open:end
[  44.98s] push_pull: DONE go_to_start next=ready (the gripper opens first) -- claw 8 mm from the point above the handle (tolerance 50 mm)
[  45.08s] push_pull: DONE go_to_start next=ready (the gripper opens first) -- claw 9 mm from the point above the handle (tolerance 50 mm)
[  45.18s] push_pull: DONE go_to_start next=ready (the gripper opens first) -- claw 7 mm from the point above the handle (tolerance 50 mm)
[  45.38s] push_pull: DONE go_to_start next=ready (the gripper opens first) -- claw 6 mm from the point above the handle (tolerance 50 mm)
[  45.48s] push_pull: DONE go_to_start next=ready (the gripper opens first) -- claw 5 mm from the point above the handle (tolerance 50 mm)
[  45.58s] push_pull: DONE go_to_start next=ready (the gripper opens first) -- claw 4 mm from the point above the handle (tolerance 50 mm)
[  45.68s] push_pull: DONE go_to_start next=ready (the gripper opens first) -- claw 5 mm from the point above the handle (tolerance 50 mm)
[  45.78s] push_pull: DONE go_to_start next=ready (the gripper opens first) -- claw 7 mm from the point above the handle (tolerance 50 mm)
[  45.88s] push_pull: DONE go_to_start next=ready (the gripper opens first) -- claw 3 mm from the point above the handle (tolerance 50 mm)
[  45.98s] push_pull: DONE go_to_start next=ready (the gripper opens first) -- claw 2 mm from the point above the handle (tolerance 50 mm)
[  46.08s] push_pull: DONE go_to_start next=ready (the gripper opens first) -- claw 3 mm from the point above the handle (tolerance 50 mm)
[  46.18s] push_pull: DONE go_to_start next=ready (the gripper opens first) -- claw 5 mm from the point above the handle (tolerance 50 mm)
[  46.28s] push_pull: DONE go_to_start next=ready (the gripper opens first) -- claw 9 mm from the point above the handle (tolerance 50 mm)
[  46.38s] push_pull: DONE go_to_start next=ready (the gripper opens first) -- claw 3 mm from the point above the handle (tolerance 50 mm)
[  46.48s] push_pull: DONE go_to_start next=ready (the gripper opens first) -- claw 2 mm from the point above the handle (tolerance 50 mm)
[  46.58s] push_pull: DONE go_to_start next=ready (the gripper opens first) -- claw 6 mm from the point above the handle (tolerance 50 mm)
[  46.68s] push_pull: DONE go_to_start next=ready (the gripper opens first) -- claw 1 mm from the point above the handle (tolerance 50 mm)
[  46.78s] push_pull: DONE go_to_start next=ready (the gripper opens first) -- claw 2 mm from the point above the handle (tolerance 50 mm)
[  46.95s] planner: CALCULATING
[  46.95s] push_pull: FLYING ready
[  46.95s] planner: EXECUTING T=3.2s
[  46.95s] push_pull: FLYING ready T=3.2s
[  47.00s] ready: success=True ready: planning from the current hold; it executes as soon as it is planned (goal trimmed by [1.0, 0.6, 0.2] mm, the hover error)
[  47.00s] ready: executing, T = 3.2 s
[  50.18s] planner: HOLD
[  50.18s] push_pull: DONE ready next=push (CONTACT on: the gripper closes first)
[  50.21s] MARK ready:end
[  50.21s] MARK close:start
[  50.51s] close: claw 4.8 mm from the grasp point, -1.0 mm across the fin after 0.3 s
[  50.51s] MARK gripper_close:start
[  51.87s] gripper close (action): stalled=True reached=False position 0.0014 m, at -30.4 deg
[  51.87s] MARK gripper_close:end
[  51.87s] MARK push:start
[  51.87s] planner: CALCULATING
[  51.87s] push_pull: FLYING push (CONTACT)
[  51.87s] planner: EXECUTING T=13.5s
[  51.87s] push_pull: FLYING push (CONTACT) T=13.5s
[  51.92s] push: success=True push: planning from the current hold; it executes as soon as it is planned -- CONTACT phase on, the push holds 1.5 s, then slides 0.5 m
[  51.92s] push: executing, T = 13.5 s
[  61.86s] planner: CALCULATING
[  61.86s] push_pull: ABORTING (SAFETY GUARD: push force 9.0 N > 5.0 N) -- gripper open, contact off, climbing 0.30 m, then the arm home
[  61.86s] gripper OPEN (the planner is aborting)
[  61.86s] planner: EXECUTING T=11.0s
[  61.89s] ABORT: push-and-pull ABORTED while push complete: ABORTING (SAFETY GUARD: push force 9.0 N > 5.0 N) -- gripper open, contact off, climbing 0.30 m, then the arm home
[  62.38s] planner: IDLE
[  62.38s] push_pull: NOT IN DIRECT
[  62.39s] planner abort finished: NOT IN DIRECT
[  70.40s] landing by reference
[  82.46s] disarm: success=True Disarm command sent
saved /home/shiqi/fsc_PegasusSimulator/docs/docs_aerial_manipulator/archive/push_pull_20261003/tools/../runs/pl_10.npz
ABORTED: push-and-pull ABORTED while push complete: ABORTING (SAFETY GUARD: push force 9.0 N > 5.0 N) -- gripper open, contact off, climbing 0.30 m, then the arm home
[21:52:41] done
