[23:10:54] waiting for the planner's push-and-pull block
[23:11:00] planner up, EE offset array('d', [0.0, 0.155, 0.065])
[23:11:00] waiting for the box (Isaac)
[23:11:37] box up; letting PX4 / the arm stack settle
[23:12:22] flying
[   0.03s] planner: IDLE
[   0.03s] push_pull: NOT IN DIRECT
[   0.28s] box at rest [1.2, 0.25, 0.83]
[   0.33s] reset: success=True push-and-pull progress and plan cleared (the box capture and the typed points kept)
[   0.38s] adjust: success=True start mark and land point moved by [0.100, -0.070] m (the box is measured and not moved); press Plan
[   1.43s] capture_box: success=True captured the box at [1.200, 0.250, 0.830] m, yaw -0.0 deg from /obj_0/mocap (125 samples, spread 1.7 mm); the EE offset is applied in this box frame -- press Plan
[   2.48s] offboard: success=True Offboard mode request sent
[   5.53s] arm: success=True Arm command sent
[   7.53s] climbing to 1.0 m
[  19.11s] planner: HOLD
[  19.11s] push_pull: NOT PLANNED: press Plan
[  19.16s] set_direct_mode(true): success=True Switched to DIRECT mode
[  19.16s] MARK direct
[  34.18s] push_pull: PLANNING
[  34.19s] push_pull: READY next=go_to_start
[  34.23s] plan: success=True planning the five steps from the current hold -- the status reads READY when done
[  34.23s] planned step durations [9.8, 3.2, 13.5, 9.5, 23.9] s
[  34.23s] MARK go_to_start:start
[  34.23s] planner: CALCULATING
[  34.23s] push_pull: FLYING go_to_start
[  34.23s] planner: EXECUTING T=9.8s
[  34.23s] push_pull: FLYING go_to_start T=9.8s
[  34.28s] go_to_start: success=True go_to_start: planning from the current hold; it executes as soon as it is planned
[  34.28s] go_to_start: executing, T = 9.8 s
[  44.01s] planner: HOLD
[  44.01s] push_pull: DONE go_to_start next=ready (the gripper opens first) -- claw 18 mm from the point above the handle (tolerance 50 mm)
[  44.05s] MARK go_to_start:end
[  44.05s] MARK ready:start
[  44.05s] MARK gripper_open:start
[  44.05s] gripper open: at -0.0 deg
[  44.05s] MARK gripper_open:end
[  44.13s] push_pull: DONE go_to_start next=ready (the gripper opens first) -- claw 15 mm from the point above the handle (tolerance 50 mm)
[  44.23s] push_pull: DONE go_to_start next=ready (the gripper opens first) -- claw 12 mm from the point above the handle (tolerance 50 mm)
[  44.33s] push_pull: DONE go_to_start next=ready (the gripper opens first) -- claw 8 mm from the point above the handle (tolerance 50 mm)
[  44.43s] push_pull: DONE go_to_start next=ready (the gripper opens first) -- claw 7 mm from the point above the handle (tolerance 50 mm)
[  44.53s] push_pull: DONE go_to_start next=ready (the gripper opens first) -- claw 6 mm from the point above the handle (tolerance 50 mm)
[  44.73s] push_pull: DONE go_to_start next=ready (the gripper opens first) -- claw 5 mm from the point above the handle (tolerance 50 mm)
[  44.83s] push_pull: DONE go_to_start next=ready (the gripper opens first) -- claw 4 mm from the point above the handle (tolerance 50 mm)
[  44.93s] push_pull: DONE go_to_start next=ready (the gripper opens first) -- claw 3 mm from the point above the handle (tolerance 50 mm)
[  45.13s] push_pull: DONE go_to_start next=ready (the gripper opens first) -- claw 2 mm from the point above the handle (tolerance 50 mm)
[  45.23s] push_pull: DONE go_to_start next=ready (the gripper opens first) -- claw 4 mm from the point above the handle (tolerance 50 mm)
[  45.33s] push_pull: DONE go_to_start next=ready (the gripper opens first) -- claw 6 mm from the point above the handle (tolerance 50 mm)
[  45.43s] push_pull: DONE go_to_start next=ready (the gripper opens first) -- claw 2 mm from the point above the handle (tolerance 50 mm)
[  45.53s] push_pull: DONE go_to_start next=ready (the gripper opens first) -- claw 5 mm from the point above the handle (tolerance 50 mm)
[  45.63s] push_pull: DONE go_to_start next=ready (the gripper opens first) -- claw 2 mm from the point above the handle (tolerance 50 mm)
[  45.73s] push_pull: DONE go_to_start next=ready (the gripper opens first) -- claw 1 mm from the point above the handle (tolerance 50 mm)
[  45.83s] push_pull: DONE go_to_start next=ready (the gripper opens first) -- claw 2 mm from the point above the handle (tolerance 50 mm)
[  45.93s] push_pull: DONE go_to_start next=ready (the gripper opens first) -- claw 4 mm from the point above the handle (tolerance 50 mm)
[  46.03s] push_pull: DONE go_to_start next=ready (the gripper opens first) -- claw 2 mm from the point above the handle (tolerance 50 mm)
[  46.05s] planner: CALCULATING
[  46.05s] push_pull: FLYING ready
[  46.05s] planner: EXECUTING T=3.2s
[  46.05s] push_pull: FLYING ready T=3.2s
[  46.10s] ready: success=True ready: planning from the current hold; it executes as soon as it is planned (goal trimmed by [0.2, 0.4, 0.7] mm, the hover error)
[  46.10s] ready: executing, T = 3.2 s
[  49.28s] planner: HOLD
[  49.28s] push_pull: DONE ready next=push (CONTACT on: the gripper closes first)
[  49.31s] MARK ready:end
[  49.31s] MARK close:start
[  49.61s] close: claw 0.6 mm from the grasp point, -0.2 mm across the fin after 0.3 s
[  49.61s] MARK gripper_close:start
[  50.73s] gripper close (action): stalled=True reached=False position 0.0055 m, at -23.2 deg
[  50.73s] MARK gripper_close:end
[  50.73s] MARK push:start
[  50.73s] planner: CALCULATING
[  50.73s] push_pull: FLYING push (CONTACT)
[  50.73s] planner: EXECUTING T=13.5s
[  50.73s] push_pull: FLYING push (CONTACT) T=13.5s
[  50.78s] push: success=True push: planning from the current hold; it executes as soon as it is planned -- CONTACT phase on, the push holds 1.5 s, then slides 0.5 m
[  50.78s] push: executing, T = 13.5 s
[  53.57s] planner: IDLE
[  53.57s] push_pull: NOT IN DIRECT
[  53.58s] ABORT: left DIRECT while push complete
[  59.59s] landing by reference
[  71.65s] disarm: success=True Disarm command sent
saved /home/shiqi/fsc_PegasusSimulator/docs/docs_aerial_manipulator/archive/push_pull_20261003/tools/../runs/pl_19.npz
ABORTED: left DIRECT while push complete
[23:13:34] done
