[22:20:18] waiting for the planner's push-and-pull block
[22:20:24] planner up, EE offset array('d', [0.0, 0.155, 0.065])
[22:20:24] waiting for the box (Isaac)
[22:21:00] box up; letting PX4 / the arm stack settle
[22:21:45] flying
[   0.99s] planner: IDLE
[   0.99s] push_pull: NOT IN DIRECT
[   1.03s] box at rest [1.2, 0.25, 0.83]
[   1.08s] reset: success=True push-and-pull progress and plan cleared (the box capture and the typed points kept)
[   1.13s] adjust: success=True start mark and land point moved by [0.097, -0.070] m (the box is measured and not moved); press Plan
[   2.18s] capture_box: success=True captured the box at [1.200, 0.250, 0.830] m, yaw -0.0 deg from /obj_0/mocap (125 samples, spread 1.9 mm); the EE offset is applied in this box frame -- press Plan
[   3.23s] offboard: success=True Offboard mode request sent
[   6.28s] arm: success=True Arm command sent
[   8.28s] climbing to 1.0 m
[  20.67s] planner: HOLD
[  20.67s] push_pull: NOT PLANNED: press Plan
[  20.72s] set_direct_mode(true): success=True Switched to DIRECT mode
[  20.72s] MARK direct
[  35.73s] push_pull: PLANNING
[  35.74s] push_pull: READY next=go_to_start
[  35.78s] plan: success=True planning the five steps from the current hold -- the status reads READY when done
[  35.78s] planned step durations [9.8, 3.2, 13.5, 9.5, 23.9] s
[  35.78s] MARK go_to_start:start
[  35.78s] planner: CALCULATING
[  35.78s] push_pull: FLYING go_to_start
[  35.78s] planner: EXECUTING T=9.8s
[  35.78s] push_pull: FLYING go_to_start T=9.8s
[  35.83s] go_to_start: success=True go_to_start: planning from the current hold; it executes as soon as it is planned
[  35.83s] go_to_start: executing, T = 9.8 s
[  45.57s] planner: HOLD
[  45.57s] push_pull: DONE go_to_start next=ready (the gripper opens first) -- claw 8 mm from the point above the handle (tolerance 50 mm)
[  45.58s] push_pull: DONE go_to_start next=ready (the gripper opens first) -- claw 7 mm from the point above the handle (tolerance 50 mm)
[  45.60s] MARK go_to_start:end
[  45.60s] MARK ready:start
[  45.60s] MARK gripper_open:start
[  45.60s] gripper open: at -0.0 deg
[  45.60s] MARK gripper_open:end
[  45.68s] push_pull: DONE go_to_start next=ready (the gripper opens first) -- claw 6 mm from the point above the handle (tolerance 50 mm)
[  45.78s] push_pull: DONE go_to_start next=ready (the gripper opens first) -- claw 4 mm from the point above the handle (tolerance 50 mm)
[  45.88s] push_pull: DONE go_to_start next=ready (the gripper opens first) -- claw 3 mm from the point above the handle (tolerance 50 mm)
[  45.98s] push_pull: DONE go_to_start next=ready (the gripper opens first) -- claw 4 mm from the point above the handle (tolerance 50 mm)
[  46.18s] push_pull: DONE go_to_start next=ready (the gripper opens first) -- claw 3 mm from the point above the handle (tolerance 50 mm)
[  46.28s] push_pull: DONE go_to_start next=ready (the gripper opens first) -- claw 2 mm from the point above the handle (tolerance 50 mm)
[  46.58s] push_pull: DONE go_to_start next=ready (the gripper opens first) -- claw 3 mm from the point above the handle (tolerance 50 mm)
[  46.78s] push_pull: DONE go_to_start next=ready (the gripper opens first) -- claw 1 mm from the point above the handle (tolerance 50 mm)
[  46.88s] push_pull: DONE go_to_start next=ready (the gripper opens first) -- claw 4 mm from the point above the handle (tolerance 50 mm)
[  47.08s] push_pull: DONE go_to_start next=ready (the gripper opens first) -- claw 0 mm from the point above the handle (tolerance 50 mm)
[  47.18s] push_pull: DONE go_to_start next=ready (the gripper opens first) -- claw 7 mm from the point above the handle (tolerance 50 mm)
[  47.28s] push_pull: DONE go_to_start next=ready (the gripper opens first) -- claw 2 mm from the point above the handle (tolerance 50 mm)
[  47.38s] push_pull: DONE go_to_start next=ready (the gripper opens first) -- claw 9 mm from the point above the handle (tolerance 50 mm)
[  47.48s] push_pull: DONE go_to_start next=ready (the gripper opens first) -- claw 3 mm from the point above the handle (tolerance 50 mm)
[  47.58s] push_pull: DONE go_to_start next=ready (the gripper opens first) -- claw 6 mm from the point above the handle (tolerance 50 mm)
[  47.60s] planner: CALCULATING
[  47.60s] push_pull: FLYING ready
[  47.60s] planner: EXECUTING T=3.2s
[  47.60s] push_pull: FLYING ready T=3.2s
[  47.65s] ready: success=True ready: planning from the current hold; it executes as soon as it is planned (goal trimmed by [0.8, -0.6, 0.4] mm, the hover error)
[  47.65s] ready: executing, T = 3.2 s
[  50.83s] planner: HOLD
[  50.83s] push_pull: DONE ready next=push (CONTACT on: the gripper closes first)
[  50.86s] MARK ready:end
[  50.86s] MARK close:start
[  51.16s] close: claw 8.4 mm from the grasp point, -0.5 mm across the fin after 0.3 s
[  51.16s] MARK gripper_close:start
[  52.62s] gripper close (action): stalled=True reached=False position -0.0002 m, at -33.1 deg
[  52.62s] MARK gripper_close:end
[  52.62s] MARK push:start
[  52.62s] planner: CALCULATING
[  52.62s] push_pull: FLYING push (CONTACT)
[  52.62s] planner: EXECUTING T=13.5s
[  52.62s] push_pull: FLYING push (CONTACT) T=13.5s
[  52.67s] push: success=True push: planning from the current hold; it executes as soon as it is planned -- CONTACT phase on, the push holds 1.5 s, then slides 0.5 m
[  52.67s] push: executing, T = 13.5 s
[  56.04s] planner: CALCULATING
[  56.04s] push_pull: ABORTING (SAFETY GUARD: push force 126.8 N > 5.0 N) -- gripper open, contact off, climbing 0.30 m, then the arm home
[  56.04s] gripper OPEN (the planner is aborting)
[  56.04s] planner: EXECUTING T=11.0s
[  56.08s] ABORT: push-and-pull ABORTED while push complete: ABORTING (SAFETY GUARD: push force 126.8 N > 5.0 N) -- gripper open, contact off, climbing 0.30 m, then the arm home
[  56.36s] planner: IDLE
[  56.36s] push_pull: NOT IN DIRECT
[  56.38s] planner abort finished: NOT IN DIRECT
[  64.38s] landing by reference
[  77.39s] disarm: success=True Disarm command sent
saved /home/shiqi/fsc_PegasusSimulator/docs/docs_aerial_manipulator/archive/push_pull_20261003/tools/../runs/pl_12.npz
ABORTED: push-and-pull ABORTED while push complete: ABORTING (SAFETY GUARD: push force 126.8 N > 5.0 N) -- gripper open, contact off, climbing 0.30 m, then the arm home
[22:23:03] done
