[00:10:35] waiting for the planner's push-and-pull block
[00:10:41] planner up, EE offset array('d', [0.0, 0.155, 0.065])
[00:10:41] waiting for the box (Isaac)
[00:11:18] box up; letting PX4 / the arm stack settle
[00:12:03] flying
[   0.03s] planner: IDLE
[   0.03s] push_pull: NOT IN DIRECT
[   0.53s] box at rest [1.2, 0.25, 0.83]
[   1.08s] reset: success=True push-and-pull progress and plan cleared (the box capture and the typed points kept)
[   1.13s] adjust: success=True start mark and land point moved by [0.099, -0.071] m (the box is measured and not moved); press Plan
[   2.18s] capture_box: success=True captured the box at [1.200, 0.250, 0.830] m, yaw -0.0 deg from /obj_0/mocap (125 samples, spread 1.7 mm); the EE offset is applied in this box frame -- press Plan
[   3.23s] offboard: success=True Offboard mode request sent
[   6.29s] arm: success=True Arm command sent
[   8.29s] climbing to 1.0 m
[  20.37s] planner: HOLD
[  20.37s] push_pull: NOT PLANNED: press Plan
[  20.42s] set_direct_mode(true): success=True Switched to DIRECT mode
[  20.42s] MARK direct
[  35.44s] push_pull: PLANNING
[  35.45s] push_pull: READY next=go_to_start
[  35.49s] plan: success=True planning the five steps from the current hold -- the status reads READY when done
[  35.49s] planned step durations [9.8, 3.2, 13.5, 9.5, 23.9] s
[  35.49s] MARK go_to_start:start
[  35.49s] planner: CALCULATING
[  35.49s] push_pull: FLYING go_to_start
[  35.49s] planner: EXECUTING T=9.8s
[  35.49s] push_pull: FLYING go_to_start T=9.8s
[  35.54s] go_to_start: success=True go_to_start: planning from the current hold; it executes as soon as it is planned
[  35.54s] go_to_start: executing, T = 9.8 s
[  45.26s] planner: HOLD
[  45.26s] push_pull: DONE go_to_start next=ready (the gripper opens first) -- claw 5 mm from the point above the handle (tolerance 50 mm)
[  45.31s] MARK go_to_start:end
[  45.31s] MARK ready:start
[  45.31s] MARK gripper_open:start
[  45.31s] gripper open: at -0.0 deg
[  45.31s] MARK gripper_open:end
[  45.41s] push_pull: DONE go_to_start next=ready (the gripper opens first) -- claw 6 mm from the point above the handle (tolerance 50 mm)
[  45.51s] push_pull: DONE go_to_start next=ready (the gripper opens first) -- claw 4 mm from the point above the handle (tolerance 50 mm)
[  45.71s] push_pull: DONE go_to_start next=ready (the gripper opens first) -- claw 3 mm from the point above the handle (tolerance 50 mm)
[  45.81s] push_pull: DONE go_to_start next=ready (the gripper opens first) -- claw 4 mm from the point above the handle (tolerance 50 mm)
[  46.11s] push_pull: DONE go_to_start next=ready (the gripper opens first) -- claw 1 mm from the point above the handle (tolerance 50 mm)
[  46.21s] push_pull: DONE go_to_start next=ready (the gripper opens first) -- claw 2 mm from the point above the handle (tolerance 50 mm)
[  46.31s] push_pull: DONE go_to_start next=ready (the gripper opens first) -- claw 4 mm from the point above the handle (tolerance 50 mm)
[  46.41s] push_pull: DONE go_to_start next=ready (the gripper opens first) -- claw 3 mm from the point above the handle (tolerance 50 mm)
[  46.51s] push_pull: DONE go_to_start next=ready (the gripper opens first) -- claw 4 mm from the point above the handle (tolerance 50 mm)
[  46.61s] push_pull: DONE go_to_start next=ready (the gripper opens first) -- claw 1 mm from the point above the handle (tolerance 50 mm)
[  46.71s] push_pull: DONE go_to_start next=ready (the gripper opens first) -- claw 2 mm from the point above the handle (tolerance 50 mm)
[  46.81s] push_pull: DONE go_to_start next=ready (the gripper opens first) -- claw 3 mm from the point above the handle (tolerance 50 mm)
[  46.91s] push_pull: DONE go_to_start next=ready (the gripper opens first) -- claw 2 mm from the point above the handle (tolerance 50 mm)
[  47.01s] push_pull: DONE go_to_start next=ready (the gripper opens first) -- claw 6 mm from the point above the handle (tolerance 50 mm)
[  47.11s] push_pull: DONE go_to_start next=ready (the gripper opens first) -- claw 2 mm from the point above the handle (tolerance 50 mm)
[  47.21s] push_pull: DONE go_to_start next=ready (the gripper opens first) -- claw 1 mm from the point above the handle (tolerance 50 mm)
[  47.31s] push_pull: DONE go_to_start next=ready (the gripper opens first) -- claw 7 mm from the point above the handle (tolerance 50 mm)
[  47.31s] planner: CALCULATING
[  47.31s] push_pull: FLYING ready
[  47.31s] planner: EXECUTING T=3.2s
[  47.31s] push_pull: FLYING ready T=3.2s
[  47.36s] ready: success=True ready: planning from the current hold; it executes as soon as it is planned (goal trimmed by [0.1, -0.6, 1.0] mm, the hover error)
[  47.36s] ready: executing, T = 3.2 s
[  50.53s] planner: HOLD
[  50.53s] push_pull: DONE ready next=push (CONTACT on: the gripper closes first)
[  50.56s] MARK ready:end
[  50.56s] MARK close:start
[  51.23s] close: claw 4.4 mm from the grasp point, -2.9 mm across the fin after 0.7 s
[  51.23s] MARK gripper_close:start
[  52.63s] gripper close (action): stalled=True reached=False position 0.0004 m, at -32.0 deg
[  52.63s] MARK gripper_close:end
[  52.63s] MARK push:start
[  52.63s] planner: CALCULATING
[  52.63s] push_pull: FLYING push (CONTACT)
[  52.63s] planner: EXECUTING T=13.5s
[  52.63s] push_pull: FLYING push (CONTACT) T=13.5s
[  52.68s] push: success=True push: planning from the current hold; it executes as soon as it is planned -- CONTACT phase on, the push holds 1.5 s, then slides 0.5 m
[  52.68s] push: executing, T = 13.5 s
[  66.14s] planner: HOLD
[  66.14s] push_pull: DONE push next=exit (the gripper opens first)
[  66.16s] MARK push:end
[  66.16s] push: the box moved [+47, -494, +1] mm
[  67.16s] MARK release:start
[  67.16s] MARK gripper_release:start
[  68.93s] gripper release: at -2.5 deg
[  68.93s] MARK gripper_release:end
[  69.93s] MARK exit:start
[  69.93s] planner: CALCULATING
[  69.93s] push_pull: FLYING exit
[  69.93s] planner: EXECUTING T=9.5s
[  69.93s] push_pull: FLYING exit T=9.5s
[  69.98s] exit: success=True exit: planning from the current hold; it executes as soon as it is planned
[  69.98s] exit: executing, T = 9.5 s
[  79.48s] planner: HOLD
[  79.48s] push_pull: DONE exit next=go_to_land
[  79.50s] MARK exit:end
[  81.50s] MARK go_to_land:start
[  81.50s] planner: CALCULATING
[  81.50s] push_pull: FLYING go_to_land
[  81.50s] planner: EXECUTING T=23.9s
[  81.50s] push_pull: FLYING go_to_land T=23.9s
[  81.55s] go_to_land: success=True go_to_land: planning from the current hold; it executes as soon as it is planned
[  81.55s] go_to_land: executing, T = 23.9 s
[ 105.44s] planner: HOLD
[ 105.44s] push_pull: COMPLETE -- touch down with SAFETY -> land
[ 105.45s] MARK go_to_land:end
[ 110.45s] mission complete
[ 110.45s] planner: IDLE
[ 110.45s] push_pull: NOT IN DIRECT
[ 110.50s] set_direct_mode(false): success=True Switched to SAFETY mode
[ 116.51s] landing by reference
[ 130.90s] disarm: success=True Disarm command sent
saved /home/shiqi/fsc_PegasusSimulator/docs/docs_aerial_manipulator/archive/push_pull_20261003/tools/../runs/pl_33.npz
completed
[00:14:15] done
