[10:47:28] waiting for the planner's push-and-pull block
[10:47:34] planner up, EE offset array('d', [0.0, 0.0, 0.1825])
[10:47:34] waiting for the box (Isaac)
[10:48:12] box up; letting PX4 / the arm stack settle
[10:48:57] flying
[   0.03s] planner: IDLE
[   1.06s] push_pull: NOT IN DIRECT
[   1.08s] box at rest [1.2, 0.25, 0.8475]
[   1.13s] reset: success=True push-and-pull progress and plan cleared (the box capture and the typed points kept)
[   1.18s] adjust: success=True start mark and land point moved by [0.100, -0.070] m (the box is measured and not moved); press Plan
[   2.23s] capture_box: success=True captured the box at [1.200, 0.250, 0.848] m, yaw -0.0 deg from /obj_0/mocap (125 samples, spread 1.8 mm); the EE offset is applied in this box frame -- press Plan
[   3.28s] offboard: success=True Offboard mode request sent
[   6.34s] arm: success=True Arm command sent
[   8.34s] climbing to 1.3 m
[  18.32s] planner: HOLD
[  18.32s] push_pull: NOT PLANNED: press Plan
[  18.37s] set_direct_mode(true): success=True Switched to DIRECT mode
[  18.37s] MARK direct
[  33.38s] push_pull: PLANNING
[  33.40s] push_pull: READY next=go_to_start
[  33.43s] plan: success=True planning the five steps from the current hold -- the status reads READY when done
[  33.43s] planned step durations [9.5, 3.0, 13.5, 6.0, 23.9] s
[  33.43s] MARK go_to_start:start
[  33.43s] planner: CALCULATING
[  33.43s] push_pull: FLYING go_to_start
[  33.43s] planner: EXECUTING T=9.5s
[  33.43s] push_pull: FLYING go_to_start T=9.5s
[  33.48s] go_to_start: success=True go_to_start: planning from the current hold; it executes as soon as it is planned
[  33.48s] go_to_start: executing, T = 9.5 s
[  42.98s] planner: HOLD
[  42.98s] push_pull: DONE go_to_start next=ready (the gripper opens first) -- claw 5 mm from the point above the handle (tolerance 50 mm)
[  43.00s] MARK go_to_start:end
[  43.00s] MARK ready:start
[  43.00s] MARK gripper_open:start
[  43.00s] gripper open: at -0.0 deg
[  43.00s] MARK gripper_open:end
[  43.00s] push_pull: DONE go_to_start next=ready (the gripper opens first) -- claw 8 mm from the point above the handle (tolerance 50 mm)
[  43.10s] push_pull: DONE go_to_start next=ready (the gripper opens first) -- claw 9 mm from the point above the handle (tolerance 50 mm)
[  43.30s] push_pull: DONE go_to_start next=ready (the gripper opens first) -- claw 7 mm from the point above the handle (tolerance 50 mm)
[  43.40s] push_pull: DONE go_to_start next=ready (the gripper opens first) -- claw 3 mm from the point above the handle (tolerance 50 mm)
[  43.60s] push_pull: DONE go_to_start next=ready (the gripper opens first) -- claw 2 mm from the point above the handle (tolerance 50 mm)
[  43.70s] push_pull: DONE go_to_start next=ready (the gripper opens first) -- claw 1 mm from the point above the handle (tolerance 50 mm)
[  43.80s] push_pull: DONE go_to_start next=ready (the gripper opens first) -- claw 3 mm from the point above the handle (tolerance 50 mm)
[  43.90s] push_pull: DONE go_to_start next=ready (the gripper opens first) -- claw 2 mm from the point above the handle (tolerance 50 mm)
[  44.00s] push_pull: DONE go_to_start next=ready (the gripper opens first) -- claw 4 mm from the point above the handle (tolerance 50 mm)
[  44.20s] push_pull: DONE go_to_start next=ready (the gripper opens first) -- claw 5 mm from the point above the handle (tolerance 50 mm)
[  44.50s] push_pull: DONE go_to_start next=ready (the gripper opens first) -- claw 1 mm from the point above the handle (tolerance 50 mm)
[  44.60s] push_pull: DONE go_to_start next=ready (the gripper opens first) -- claw 3 mm from the point above the handle (tolerance 50 mm)
[  44.70s] push_pull: DONE go_to_start next=ready (the gripper opens first) -- claw 4 mm from the point above the handle (tolerance 50 mm)
[  44.90s] push_pull: DONE go_to_start next=ready (the gripper opens first) -- claw 6 mm from the point above the handle (tolerance 50 mm)
[  45.00s] push_pull: DONE go_to_start next=ready (the gripper opens first) -- claw 2 mm from the point above the handle (tolerance 50 mm)
[  45.00s] planner: CALCULATING
[  45.00s] push_pull: FLYING ready
[  45.01s] planner: EXECUTING T=3.0s
[  45.01s] push_pull: FLYING ready T=3.0s
[  45.05s] ready: success=True ready: planning from the current hold; it executes as soon as it is planned (goal trimmed by [0.6, -0.0, 0.8] mm, the hover error)
[  45.05s] ready: executing, T = 3.0 s
[  48.01s] planner: HOLD
[  48.01s] push_pull: DONE ready next=push (CONTACT on: the gripper closes first)
[  48.01s] MARK ready:end
[  48.01s] MARK close:start
[  48.31s] close: claw 9.1 mm from the grasp point, +0.5 mm across the fin after 0.3 s
[  48.31s] MARK gripper_close:start
[  49.57s] gripper close (action): stalled=True reached=False position 0.0030 m, at -27.6 deg
[  49.57s] MARK gripper_close:end
[  49.57s] MARK push:start
[  49.57s] planner: CALCULATING
[  49.57s] push_pull: FLYING push (CONTACT)
[  49.58s] planner: EXECUTING T=13.5s
[  49.58s] push_pull: FLYING push (CONTACT) T=13.5s
[  49.62s] push: success=True push: planning from the current hold; it executes as soon as it is planned -- CONTACT phase on, the push holds 1.5 s, then slides 0.5 m
[  49.62s] push: executing, T = 13.5 s
[  63.08s] planner: HOLD
[  63.08s] push_pull: DONE push next=exit (the gripper opens first)
[  63.11s] MARK push:end
[  63.11s] push: the box moved [+3, -501, +0] mm
[  64.11s] MARK release:start
[  64.11s] MARK gripper_release:start
[  65.78s] gripper release: at -2.6 deg
[  65.78s] MARK gripper_release:end
[  66.78s] MARK exit:start
[  66.78s] planner: CALCULATING
[  66.78s] push_pull: FLYING exit
[  66.78s] planner: EXECUTING T=6.0s
[  66.78s] push_pull: FLYING exit T=6.0s
[  66.83s] exit: success=True exit: planning from the current hold; it executes as soon as it is planned
[  66.83s] exit: executing, T = 6.0 s
[  72.79s] planner: HOLD
[  72.79s] push_pull: DONE exit next=go_to_land
[  72.79s] MARK exit:end
[  74.79s] MARK go_to_land:start
[  74.79s] planner: CALCULATING
[  74.79s] push_pull: FLYING go_to_land
[  74.79s] planner: EXECUTING T=23.9s
[  74.79s] push_pull: FLYING go_to_land T=23.9s
[  74.84s] go_to_land: success=True go_to_land: planning from the current hold; it executes as soon as it is planned
[  74.84s] go_to_land: executing, T = 23.9 s
[  98.74s] planner: HOLD
[  98.74s] push_pull: COMPLETE -- touch down with SAFETY -> land
[  98.74s] MARK go_to_land:end
[ 103.75s] mission complete
[ 103.75s] planner: IDLE
[ 103.75s] push_pull: NOT IN DIRECT
[ 103.80s] set_direct_mode(false): success=True Switched to SAFETY mode
[ 109.80s] landing by reference
[ 124.17s] disarm: success=True Disarm command sent
saved /home/shiqi/fsc_PegasusSimulator/docs/docs_aerial_manipulator/archive/push_pull_20261003/tools/../runs/pl_39.npz
completed
[10:51:02] done
