[10:57:43] waiting for the planner's push-and-pull block
[10:57:49] planner up, EE offset array('d', [0.0, 0.0, 0.1825])
[10:57:49] waiting for the box (Isaac)
[10:58:25] box up; letting PX4 / the arm stack settle
[10:59:10] flying
[   0.03s] planner: IDLE
[   0.03s] push_pull: NOT IN DIRECT
[   0.48s] box at rest [1.2, 0.25, 0.8475]
[   0.53s] reset: success=True push-and-pull progress and plan cleared (the box capture and the typed points kept)
[   0.58s] adjust: success=True start mark and land point moved by [0.100, -0.070] m (the box is measured and not moved); press Plan
[   1.63s] capture_box: success=True captured the box at [1.200, 0.250, 0.848] m, yaw -0.0 deg from /obj_0/mocap (125 samples, spread 1.7 mm); the EE offset is applied in this box frame -- press Plan
[   2.68s] offboard: success=True Offboard mode request sent
[   5.73s] arm: success=True Arm command sent
[   7.73s] climbing to 1.3 m
[  17.66s] planner: HOLD
[  17.66s] push_pull: NOT PLANNED: press Plan
[  17.71s] set_direct_mode(true): success=True Switched to DIRECT mode
[  17.71s] MARK direct
[  32.72s] push_pull: PLANNING
[  32.74s] push_pull: READY next=go_to_start
[  32.77s] plan: success=True planning the five steps from the current hold -- the status reads READY when done
[  32.77s] planned step durations [9.5, 3.0, 13.5, 6.0, 23.9] s
[  32.77s] MARK go_to_start:start
[  32.78s] planner: CALCULATING
[  32.78s] push_pull: FLYING go_to_start
[  32.78s] planner: EXECUTING T=9.5s
[  32.78s] push_pull: FLYING go_to_start T=9.5s
[  32.82s] go_to_start: success=True go_to_start: planning from the current hold; it executes as soon as it is planned
[  32.82s] go_to_start: executing, T = 9.5 s
[  42.33s] planner: HOLD
[  42.33s] push_pull: DONE go_to_start next=ready (the gripper opens first) -- claw 8 mm from the point above the handle (tolerance 50 mm)
[  42.34s] MARK go_to_start:end
[  42.34s] MARK ready:start
[  42.34s] MARK gripper_open:start
[  42.34s] gripper open: at -0.0 deg
[  42.34s] MARK gripper_open:end
[  42.36s] push_pull: DONE go_to_start next=ready (the gripper opens first) -- claw 5 mm from the point above the handle (tolerance 50 mm)
[  42.46s] push_pull: DONE go_to_start next=ready (the gripper opens first) -- claw 4 mm from the point above the handle (tolerance 50 mm)
[  42.66s] push_pull: DONE go_to_start next=ready (the gripper opens first) -- claw 2 mm from the point above the handle (tolerance 50 mm)
[  42.76s] push_pull: DONE go_to_start next=ready (the gripper opens first) -- claw 1 mm from the point above the handle (tolerance 50 mm)
[  42.86s] push_pull: DONE go_to_start next=ready (the gripper opens first) -- claw 2 mm from the point above the handle (tolerance 50 mm)
[  42.96s] push_pull: DONE go_to_start next=ready (the gripper opens first) -- claw 3 mm from the point above the handle (tolerance 50 mm)
[  43.06s] push_pull: DONE go_to_start next=ready (the gripper opens first) -- claw 2 mm from the point above the handle (tolerance 50 mm)
[  43.36s] push_pull: DONE go_to_start next=ready (the gripper opens first) -- claw 4 mm from the point above the handle (tolerance 50 mm)
[  43.46s] push_pull: DONE go_to_start next=ready (the gripper opens first) -- claw 2 mm from the point above the handle (tolerance 50 mm)
[  43.86s] push_pull: DONE go_to_start next=ready (the gripper opens first) -- claw 1 mm from the point above the handle (tolerance 50 mm)
[  43.96s] push_pull: DONE go_to_start next=ready (the gripper opens first) -- claw 4 mm from the point above the handle (tolerance 50 mm)
[  44.06s] push_pull: DONE go_to_start next=ready (the gripper opens first) -- claw 1 mm from the point above the handle (tolerance 50 mm)
[  44.16s] push_pull: DONE go_to_start next=ready (the gripper opens first) -- claw 3 mm from the point above the handle (tolerance 50 mm)
[  44.35s] planner: CALCULATING
[  44.35s] push_pull: FLYING ready
[  44.35s] planner: EXECUTING T=3.0s
[  44.35s] push_pull: FLYING ready T=3.0s
[  44.40s] ready: success=True ready: planning from the current hold; it executes as soon as it is planned (goal trimmed by [0.8, -0.2, 0.5] mm, the hover error)
[  44.40s] ready: executing, T = 3.0 s
[  47.36s] planner: HOLD
[  47.36s] push_pull: DONE ready next=push (CONTACT on: the gripper closes first)
[  47.40s] MARK ready:end
[  47.40s] MARK close:start
[  47.86s] close: claw 4.0 mm from the grasp point, -2.0 mm across the fin after 0.5 s
[  47.86s] MARK gripper_close:start
[  49.19s] gripper close (action): stalled=True reached=False position 0.0019 m, at -29.5 deg
[  49.19s] MARK gripper_close:end
[  49.19s] MARK push:start
[  49.19s] planner: CALCULATING
[  49.19s] push_pull: FLYING push (CONTACT)
[  49.19s] planner: EXECUTING T=13.5s
[  49.19s] push_pull: FLYING push (CONTACT) T=13.5s
[  49.24s] push: success=True push: planning from the current hold; it executes as soon as it is planned -- CONTACT phase on, the push holds 1.5 s, then slides 0.5 m
[  49.24s] push: executing, T = 13.5 s
[  62.70s] planner: HOLD
[  62.70s] push_pull: DONE push next=exit (the gripper opens first)
[  62.72s] MARK push:end
[  62.72s] push: the box moved [+1, -506, +0] mm
[  63.72s] MARK release:start
[  63.72s] MARK gripper_release:start
[  65.45s] gripper release: at -2.8 deg
[  65.45s] MARK gripper_release:end
[  66.45s] MARK exit:start
[  66.45s] planner: CALCULATING
[  66.45s] push_pull: FLYING exit
[  66.45s] planner: EXECUTING T=6.0s
[  66.45s] push_pull: FLYING exit T=6.0s
[  66.50s] exit: success=True exit: planning from the current hold; it executes as soon as it is planned
[  66.50s] exit: executing, T = 6.0 s
[  72.46s] planner: HOLD
[  72.46s] push_pull: DONE exit next=go_to_land
[  72.46s] MARK exit:end
[  74.46s] MARK go_to_land:start
[  74.46s] planner: CALCULATING
[  74.46s] push_pull: FLYING go_to_land
[  74.46s] planner: EXECUTING T=23.9s
[  74.46s] push_pull: FLYING go_to_land T=23.9s
[  74.51s] go_to_land: success=True go_to_land: planning from the current hold; it executes as soon as it is planned
[  74.51s] go_to_land: executing, T = 23.9 s
[  98.41s] planner: HOLD
[  98.41s] push_pull: COMPLETE -- touch down with SAFETY -> land
[  98.41s] MARK go_to_land:end
[ 103.41s] mission complete
[ 103.42s] planner: IDLE
[ 103.42s] push_pull: NOT IN DIRECT
[ 103.47s] set_direct_mode(false): success=True Switched to SAFETY mode
[ 109.47s] landing by reference
[ 123.86s] disarm: success=True Disarm command sent
saved /home/shiqi/fsc_PegasusSimulator/docs/docs_aerial_manipulator/archive/push_pull_20261003/tools/../runs/pl_42.npz
completed
[11:01:15] done
