[23:17:32] waiting for the planner's push-and-pull block
[23:17:39] planner up, EE offset array('d', [0.0, 0.155, 0.065])
[23:17:39] waiting for the box (Isaac)
[23:18:14] box up; letting PX4 / the arm stack settle
[23:18:59] flying
[   0.03s] planner: IDLE
[   0.03s] push_pull: NOT IN DIRECT
[   0.48s] box at rest [1.2, 0.25, 0.83]
[   1.08s] reset: success=True push-and-pull progress and plan cleared (the box capture and the typed points kept)
[   1.13s] adjust: success=True start mark and land point moved by [0.099, -0.070] m (the box is measured and not moved); press Plan
[   2.18s] capture_box: success=True captured the box at [1.200, 0.250, 0.830] m, yaw -0.0 deg from /obj_0/mocap (125 samples, spread 2.0 mm); the EE offset is applied in this box frame -- press Plan
[   3.23s] offboard: success=True Offboard mode request sent
[   6.28s] arm: success=True Arm command sent
[   8.28s] climbing to 1.0 m
[  20.77s] planner: HOLD
[  20.77s] push_pull: NOT PLANNED: press Plan
[  20.82s] set_direct_mode(true): success=True Switched to DIRECT mode
[  20.82s] MARK direct
[  35.83s] push_pull: PLANNING
[  35.85s] push_pull: READY next=go_to_start
[  35.88s] plan: success=True planning the five steps from the current hold -- the status reads READY when done
[  35.88s] planned step durations [9.7, 3.2, 13.5, 9.5, 23.9] s
[  35.88s] MARK go_to_start:start
[  35.88s] planner: CALCULATING
[  35.89s] push_pull: FLYING go_to_start
[  35.89s] planner: EXECUTING T=9.7s
[  35.89s] push_pull: FLYING go_to_start T=9.7s
[  35.94s] go_to_start: success=True go_to_start: planning from the current hold; it executes as soon as it is planned
[  35.94s] go_to_start: executing, T = 9.7 s
[  45.64s] planner: HOLD
[  45.64s] push_pull: DONE go_to_start next=ready (the gripper opens first) -- claw 5 mm from the point above the handle (tolerance 50 mm)
[  45.65s] MARK go_to_start:end
[  45.65s] MARK ready:start
[  45.65s] MARK gripper_open:start
[  45.65s] gripper open: at -0.0 deg
[  45.65s] MARK gripper_open:end
[  45.66s] push_pull: DONE go_to_start next=ready (the gripper opens first) -- claw 4 mm from the point above the handle (tolerance 50 mm)
[  45.86s] push_pull: DONE go_to_start next=ready (the gripper opens first) -- claw 5 mm from the point above the handle (tolerance 50 mm)
[  46.06s] push_pull: DONE go_to_start next=ready (the gripper opens first) -- claw 4 mm from the point above the handle (tolerance 50 mm)
[  46.16s] push_pull: DONE go_to_start next=ready (the gripper opens first) -- claw 3 mm from the point above the handle (tolerance 50 mm)
[  46.36s] push_pull: DONE go_to_start next=ready (the gripper opens first) -- claw 1 mm from the point above the handle (tolerance 50 mm)
[  46.56s] push_pull: DONE go_to_start next=ready (the gripper opens first) -- claw 3 mm from the point above the handle (tolerance 50 mm)
[  46.66s] push_pull: DONE go_to_start next=ready (the gripper opens first) -- claw 2 mm from the point above the handle (tolerance 50 mm)
[  46.76s] push_pull: DONE go_to_start next=ready (the gripper opens first) -- claw 1 mm from the point above the handle (tolerance 50 mm)
[  46.86s] push_pull: DONE go_to_start next=ready (the gripper opens first) -- claw 2 mm from the point above the handle (tolerance 50 mm)
[  47.06s] push_pull: DONE go_to_start next=ready (the gripper opens first) -- claw 1 mm from the point above the handle (tolerance 50 mm)
[  47.26s] push_pull: DONE go_to_start next=ready (the gripper opens first) -- claw 3 mm from the point above the handle (tolerance 50 mm)
[  47.36s] push_pull: DONE go_to_start next=ready (the gripper opens first) -- claw 1 mm from the point above the handle (tolerance 50 mm)
[  47.46s] push_pull: DONE go_to_start next=ready (the gripper opens first) -- claw 2 mm from the point above the handle (tolerance 50 mm)
[  47.56s] push_pull: DONE go_to_start next=ready (the gripper opens first) -- claw 1 mm from the point above the handle (tolerance 50 mm)
[  47.66s] planner: CALCULATING
[  47.66s] push_pull: FLYING ready
[  47.66s] planner: EXECUTING T=3.2s
[  47.66s] push_pull: FLYING ready T=3.2s
[  47.71s] ready: success=True ready: planning from the current hold; it executes as soon as it is planned (goal trimmed by [0.8, 0.0, 0.5] mm, the hover error)
[  47.71s] ready: executing, T = 3.2 s
[  50.89s] planner: HOLD
[  50.89s] push_pull: DONE ready next=push (CONTACT on: the gripper closes first)
[  50.91s] MARK ready:end
[  50.91s] MARK close:start
[  51.21s] close: claw 2.1 mm from the grasp point, -2.1 mm across the fin after 0.3 s
[  51.21s] MARK gripper_close:start
[  52.66s] gripper close (action): stalled=True reached=False position -0.0001 m, at -32.9 deg
[  52.66s] MARK gripper_close:end
[  52.66s] MARK push:start
[  52.66s] planner: CALCULATING
[  52.66s] push_pull: FLYING push (CONTACT)
[  52.66s] planner: EXECUTING T=13.5s
[  52.66s] push_pull: FLYING push (CONTACT) T=13.5s
[  52.71s] push: success=True push: planning from the current hold; it executes as soon as it is planned -- CONTACT phase on, the push holds 1.5 s, then slides 0.5 m
[  52.71s] push: executing, T = 13.5 s
[  66.17s] planner: HOLD
[  66.17s] push_pull: DONE push next=exit (the gripper opens first)
[  66.19s] MARK push:end
[  66.19s] push: the box moved [+81, -481, -0] mm
[  67.19s] MARK release:start
[  67.19s] MARK gripper_release:start
[  68.94s] gripper release: at -2.8 deg
[  68.94s] MARK gripper_release:end
[  69.94s] MARK exit:start
[  69.94s] planner: CALCULATING
[  69.94s] push_pull: FLYING exit
[  69.95s] planner: EXECUTING T=9.5s
[  69.95s] push_pull: FLYING exit T=9.5s
[  69.99s] exit: success=True exit: planning from the current hold; it executes as soon as it is planned
[  69.99s] exit: executing, T = 9.5 s
[  79.49s] planner: HOLD
[  79.49s] push_pull: DONE exit next=go_to_land
[  79.51s] MARK exit:end
[  81.51s] MARK go_to_land:start
[  81.51s] planner: CALCULATING
[  81.51s] push_pull: FLYING go_to_land
[  81.52s] planner: EXECUTING T=23.9s
[  81.52s] push_pull: FLYING go_to_land T=23.9s
[  81.56s] go_to_land: success=True go_to_land: planning from the current hold; it executes as soon as it is planned
[  81.56s] go_to_land: executing, T = 23.9 s
[ 105.46s] planner: HOLD
[ 105.46s] push_pull: COMPLETE -- touch down with SAFETY -> land
[ 105.46s] MARK go_to_land:end
[ 110.47s] mission complete
[ 110.47s] planner: IDLE
[ 110.47s] push_pull: NOT IN DIRECT
[ 110.52s] set_direct_mode(false): success=True Switched to SAFETY mode
[ 116.52s] landing by reference
[ 130.90s] disarm: success=True Disarm command sent
saved /home/shiqi/fsc_PegasusSimulator/docs/docs_aerial_manipulator/archive/push_pull_20261003/tools/../runs/pl_21.npz
completed
[23:21:11] done
