[15:56:05] waiting for the planner's push-and-pull block
[15:56:11] planner up, EE offset array('d', [0.0, 0.0, 0.2255])
[15:56:11] waiting for the box (Isaac)
[15:56:49] box up; letting PX4 / the arm stack settle
[15:57:34] flying
[   0.03s] planner: IDLE
[   0.03s] push_pull: NOT IN DIRECT
[   0.48s] box at rest [1.2, 0.25, 0.8475]
[   0.53s] reset: success=True push-and-pull progress and plan cleared (the box capture and the typed points kept)
[   0.58s] adjust: success=True start mark and land point moved by [0.100, -0.069] m (the box is measured and not moved); press Plan
[   1.63s] capture_box: success=True captured the box at [1.200, 0.250, 0.848] m, yaw 0.0 deg from /obj_0/mocap (125 samples, spread 1.6 mm); the EE offset is applied in this box frame -- press Plan
[   2.68s] offboard: success=True Offboard mode request sent
[   5.73s] arm: success=True Arm command sent
[   7.73s] climbing to 1.3 m
[  19.47s] planner: HOLD
[  19.47s] push_pull: NOT PLANNED: press Plan
[  19.52s] set_direct_mode(true): success=True Switched to DIRECT mode
[  19.52s] MARK direct
[  34.53s] push_pull: PLANNING
[  34.55s] push_pull: READY next=go_to_start
[  34.58s] plan: success=True planning the five steps from the current hold -- the status reads READY when done
[  34.58s] planned step durations [9.7, 3.0, 13.5, 6.0, 23.9] s
[  34.58s] MARK go_to_start:start
[  34.58s] planner: CALCULATING
[  34.58s] push_pull: FLYING go_to_start
[  34.59s] planner: EXECUTING T=9.7s
[  34.59s] push_pull: FLYING go_to_start T=9.7s
[  34.63s] go_to_start: success=True go_to_start: planning from the current hold; it executes as soon as it is planned
[  34.63s] go_to_start: executing, T = 9.7 s
[  44.29s] planner: HOLD
[  44.29s] push_pull: DONE go_to_start next=ready (the gripper opens first) -- claw 18 mm from the point above the handle (tolerance 50 mm)
[  44.30s] MARK go_to_start:end
[  44.30s] MARK ready:start
[  44.30s] MARK gripper_open:start
[  44.30s] gripper open: at -0.0 deg
[  44.30s] MARK gripper_open:end
[  44.36s] push_pull: DONE go_to_start next=ready (the gripper opens first) -- claw 20 mm from the point above the handle (tolerance 50 mm)
[  44.56s] push_pull: DONE go_to_start next=ready (the gripper opens first) -- claw 16 mm from the point above the handle (tolerance 50 mm)
[  44.66s] push_pull: DONE go_to_start next=ready (the gripper opens first) -- claw 9 mm from the point above the handle (tolerance 50 mm)
[  44.76s] push_pull: DONE go_to_start next=ready (the gripper opens first) -- claw 8 mm from the point above the handle (tolerance 50 mm)
[  44.86s] push_pull: DONE go_to_start next=ready (the gripper opens first) -- claw 5 mm from the point above the handle (tolerance 50 mm)
[  44.96s] push_pull: DONE go_to_start next=ready (the gripper opens first) -- claw 7 mm from the point above the handle (tolerance 50 mm)
[  45.06s] push_pull: DONE go_to_start next=ready (the gripper opens first) -- claw 6 mm from the point above the handle (tolerance 50 mm)
[  45.16s] push_pull: DONE go_to_start next=ready (the gripper opens first) -- claw 4 mm from the point above the handle (tolerance 50 mm)
[  45.26s] push_pull: DONE go_to_start next=ready (the gripper opens first) -- claw 3 mm from the point above the handle (tolerance 50 mm)
[  45.36s] push_pull: DONE go_to_start next=ready (the gripper opens first) -- claw 1 mm from the point above the handle (tolerance 50 mm)
[  45.46s] push_pull: DONE go_to_start next=ready (the gripper opens first) -- claw 5 mm from the point above the handle (tolerance 50 mm)
[  45.56s] push_pull: DONE go_to_start next=ready (the gripper opens first) -- claw 4 mm from the point above the handle (tolerance 50 mm)
[  45.76s] push_pull: DONE go_to_start next=ready (the gripper opens first) -- claw 8 mm from the point above the handle (tolerance 50 mm)
[  45.86s] push_pull: DONE go_to_start next=ready (the gripper opens first) -- claw 2 mm from the point above the handle (tolerance 50 mm)
[  45.96s] push_pull: DONE go_to_start next=ready (the gripper opens first) -- claw 8 mm from the point above the handle (tolerance 50 mm)
[  46.06s] push_pull: DONE go_to_start next=ready (the gripper opens first) -- claw 4 mm from the point above the handle (tolerance 50 mm)
[  46.16s] push_pull: DONE go_to_start next=ready (the gripper opens first) -- claw 11 mm from the point above the handle (tolerance 50 mm)
[  46.26s] push_pull: DONE go_to_start next=ready (the gripper opens first) -- claw 7 mm from the point above the handle (tolerance 50 mm)
[  46.30s] planner: CALCULATING
[  46.30s] push_pull: FLYING ready
[  46.31s] planner: EXECUTING T=3.0s
[  46.31s] push_pull: FLYING ready T=3.0s
[  46.35s] ready: success=True ready: planning from the current hold; it executes as soon as it is planned (goal trimmed by [1.1, -0.4, 1.0] mm, the hover error)
[  46.35s] ready: executing, T = 3.0 s
[  49.31s] planner: HOLD
[  49.31s] push_pull: DONE ready next=push (CONTACT on: the gripper closes first)
[  49.36s] MARK ready:end
[  49.36s] MARK close:start
[  49.66s] close: claw 2.7 mm from the grasp point, -1.7 mm across the fin after 0.3 s
[  49.66s] MARK gripper_close:start
[  50.88s] gripper close (action): stalled=True reached=False position 0.0038 m, at -26.2 deg
[  50.88s] MARK gripper_close:end
[  50.88s] MARK push:start
[  50.89s] planner: CALCULATING
[  50.89s] push_pull: FLYING push (CONTACT)
[  50.89s] planner: EXECUTING T=13.5s
[  50.89s] push_pull: FLYING push (CONTACT) T=13.5s
[  50.93s] push: success=True push: planning from the current hold; it executes as soon as it is planned -- CONTACT phase on, the push holds 1.5 s, then slides 0.5 m
[  50.93s] push: executing, T = 13.5 s
[  64.39s] planner: HOLD
[  64.39s] push_pull: DONE push next=exit (the gripper opens first)
[  64.41s] MARK push:end
[  64.41s] push: the box moved [-2, -498, +0] mm
[  65.42s] MARK release:start
[  65.42s] MARK gripper_release:start
[  67.08s] gripper release: at -2.8 deg
[  67.08s] MARK gripper_release:end
[  68.08s] MARK exit:start
[  68.09s] planner: CALCULATING
[  68.09s] push_pull: FLYING exit
[  68.09s] planner: EXECUTING T=6.0s
[  68.09s] push_pull: FLYING exit T=6.0s
[  68.13s] exit: success=True exit: planning from the current hold; it executes as soon as it is planned
[  68.13s] exit: executing, T = 6.0 s
[  74.09s] planner: HOLD
[  74.09s] push_pull: DONE exit next=go_to_land
[  74.10s] MARK exit:end
[  76.10s] MARK go_to_land:start
[  76.10s] planner: CALCULATING
[  76.10s] push_pull: FLYING go_to_land
[  76.10s] planner: EXECUTING T=23.9s
[  76.10s] push_pull: FLYING go_to_land T=23.9s
[  76.15s] go_to_land: success=True go_to_land: planning from the current hold; it executes as soon as it is planned
[  76.15s] go_to_land: executing, T = 23.9 s
[ 100.05s] planner: HOLD
[ 100.05s] push_pull: COMPLETE -- touch down with SAFETY -> land
[ 100.10s] MARK go_to_land:end
[ 105.10s] mission complete
[ 105.10s] planner: IDLE
[ 105.10s] push_pull: NOT IN DIRECT
[ 105.15s] set_direct_mode(false): success=True Switched to SAFETY mode
[ 111.16s] landing by reference
[ 125.83s] disarm: success=True Disarm command sent
saved /home/shiqi/fsc_PegasusSimulator/docs/docs_aerial_manipulator/archive/push_pull_20261003/tools/../runs/pl_71.npz
completed
[15:59:41] done
