[   0.91s] mode -> SAFETY
[   0.92s] stack up. home=[-0.0, 0.0, 0.305] mode='SAFETY'
[   0.92s] PHASE OFFBOARD  ref=[-0.0, 0.0, 0.305] mode='SAFETY'
[   1.94s] service rc/offboard requested
[   1.94s] PHASE ARM  ref=[-0.0, 0.0, 0.305] mode='SAFETY'
[   1.96s] service rc/offboard -> std_srvs.srv.Trigger_Response(success=True, message='Offboard mode request sent')
[   4.96s] service rc/arm requested
[   4.96s] PHASE TAKEOFF  ref=[-0.0, 0.0, 1.2] mode='SAFETY'
[   4.98s] service rc/arm -> std_srvs.srv.Trigger_Response(success=True, message='Arm command sent')
[  22.44s] settled: err=101 mm speed=0.021 m/s
[  22.44s] PHASE ENTER_DIRECT  ref=[-0.0, 0.0, 1.2] mode='SAFETY'
[  22.94s] service set_direct_mode(true) requested
[  22.94s] PHASE CONFIRM  ref=[-0.0, 0.0, 1.2] mode='SAFETY'
[  22.96s] service set_direct_mode(true) -> std_srvs.srv.SetBool_Response(success=True, message='Switched to DIRECT mode')
[  23.25s] mode -> DIRECT
[  23.26s] DIRECT confirmed via mode topic: 'DIRECT'
[  23.26s] PHASE SOAK  ref=[-0.0, 0.0, 1.2] mode='DIRECT'
[  68.28s] PHASE STEPX  ref=[0.5, 0.0, 1.2] mode='DIRECT'
[  83.30s] PHASE STEPX_RET  ref=[-0.0, 0.0, 1.2] mode='DIRECT'
[  98.30s] PHASE STEPZ  ref=[-0.0, 0.0, 1.45] mode='DIRECT'
[ 113.32s] PHASE STEPZ_RET  ref=[-0.0, 0.0, 1.2] mode='DIRECT'
[ 128.34s] PHASE SOAK2  ref=[-0.0, 0.0, 1.2] mode='DIRECT'
[ 138.34s] service set_direct_mode(false) requested
[ 138.34s] PHASE SAFETY_SETTLE  ref=[-0.0, 0.0, 1.2] mode='DIRECT'
[ 138.36s] service set_direct_mode(false) -> std_srvs.srv.SetBool_Response(success=True, message='Switched to SAFETY mode')
[ 138.75s] mode -> SAFETY
[ 150.36s] PHASE LAND_WAIT  ref=[-0.0, 0.0, 1.2] mode='SAFETY'
[ 151.38s] PHASE LAND  ref=[-0.0, 0.0, 1.2] mode='SAFETY'
[ 163.38s] PHASE DISARM  ref=[-0.0, 0.0, 0.35] mode='SAFETY'
[ 166.40s] service rc/disarm (try 1) requested
[ 166.42s] service rc/disarm (try 1) -> std_srvs.srv.Trigger_Response(success=True, message='Disarm command sent')
[ 169.40s] service rc/disarm (try 2) requested
[ 169.42s] service rc/disarm (try 2) -> std_srvs.srv.Trigger_Response(success=True, message='Disarm command sent')
[ 172.40s] service rc/disarm (try 3) requested
[ 172.42s] service rc/disarm (try 3) -> std_srvs.srv.Trigger_Response(success=True, message='Disarm command sent')
[ 175.38s] service rc/disarm (try 4) requested
[ 175.40s] service rc/disarm (try 4) -> std_srvs.srv.Trigger_Response(success=True, message='Disarm command sent')
[ 178.40s] service rc/disarm (try 5) requested
[ 178.42s] service rc/disarm (try 5) -> std_srvs.srv.Trigger_Response(success=True, message='Disarm command sent')
[ 181.40s] service rc/disarm (try 6) requested
[ 181.42s] service rc/disarm (try 6) -> std_srvs.srv.Trigger_Response(success=True, message='Disarm command sent')
[ 181.42s] !! STILL ARMED after 6 disarm attempts -- relaunch the sim before the next run
[ 181.42s] PHASE END  ref=[-0.0, 0.0, 0.35] mode='SAFETY'
saved ../am_l1_robustness_20260824/runA_am_l1.npz: log (8924, 11), dbg (28847, 45)
