
############ wb/wb_f67_y135  --shape figure8 --fig8-a 0.75 --fig8-b 0.375 --lap-time 67 --q2-period 134 --yaw-deg 135 ############
=== [wb/wb_f67_y135] 0. clean slate ===
=== [wb/wb_f67_y135] 1. controller stack ===
=== [wb/wb_f67_y135] 2. Pegasus / PX4 / arm ===
=== [wb/wb_f67_y135] 3. waiting for odometry ===
=== [wb/wb_f67_y135] 3b. waiting for EKF yaw/EV alignment ===
=== [wb/wb_f67_y135] 3c. waiting for the arm stack + planner ===
=== [wb/wb_f67_y135] 4. flying (--laps 2 --time-scale 1.0 --hover-z 1.2 --shape figure8 --fig8-a 0.75 --fig8-b 0.375 --lap-time 67 --q2-period 134 --yaw-deg 135) ===
=== [wb/wb_f67_y135] done (driver rc=0) ===
[ 232.41s] service set_direct_mode(false) -> std_srvs.srv.SetBool_Response(success=True, message='Switched to SAFETY mode')
[ 244.43s] PHASE LAND  mode=SAFETY plan=IDLE ee=NONE
[ 264.45s] PHASE DONE  mode=SAFETY plan=IDLE ee=NONE
[ 264.45s] service rc/disarm -> std_srvs.srv.Trigger_Response(success=True, message='Disarm command sent')
EE tracking during the run: 2070 samples, mean 91.6 mm, p95 142.4 mm, max 158.4 mm
saved /home/shiqi/fsc_PegasusSimulator/docs/docs_aerial_manipulator/wb_vs_decoupled_20260918/wb_wb_f67_y135.npz aborted=False 
############ wb_f67_y135 rc=0 ############

############ wb/wb_f67_y45  --shape figure8 --fig8-a 0.75 --fig8-b 0.375 --lap-time 67 --q2-period 134 --yaw-deg 45 ############
=== [wb/wb_f67_y45] 0. clean slate ===
=== [wb/wb_f67_y45] 1. controller stack ===
=== [wb/wb_f67_y45] 2. Pegasus / PX4 / arm ===
=== [wb/wb_f67_y45] 3. waiting for odometry ===
=== [wb/wb_f67_y45] 3b. waiting for EKF yaw/EV alignment ===
=== [wb/wb_f67_y45] 3c. waiting for the arm stack + planner ===
=== [wb/wb_f67_y45] 4. flying (--laps 2 --time-scale 1.0 --hover-z 1.2 --shape figure8 --fig8-a 0.75 --fig8-b 0.375 --lap-time 67 --q2-period 134 --yaw-deg 45) ===
=== [wb/wb_f67_y45] done (driver rc=0) ===
[ 275.47s] PHASE LAND  mode=SAFETY plan=IDLE ee=NONE
[ 275.47s] service set_direct_mode(false) -> std_srvs.srv.SetBool_Response(success=True, message='Already in SAFETY mode')
[ 295.49s] PHASE DONE  mode=SAFETY plan=IDLE ee=NONE
[ 295.49s] service rc/disarm -> std_srvs.srv.Trigger_Response(success=True, message='Disarm command sent')
EE tracking during the run: 2970 samples, mean 483.6 mm, p95 1008.4 mm, max 1111.6 mm
saved /home/shiqi/fsc_PegasusSimulator/docs/docs_aerial_manipulator/wb_vs_decoupled_20260918/wb_wb_f67_y45.npz aborted=True run overran
############ wb_f67_y45 rc=0 ############

############ decoupled/dec_f67_y135  --shape figure8 --fig8-a 0.75 --fig8-b 0.375 --lap-time 67 --q2-period 134 --yaw-deg 135 ############
=== [decoupled/dec_f67_y135] 0. clean slate ===
=== [decoupled/dec_f67_y135] 1. controller stack ===
=== [decoupled/dec_f67_y135] 2. Pegasus / PX4 / arm ===
=== [decoupled/dec_f67_y135] 3. waiting for odometry ===
=== [decoupled/dec_f67_y135] 3b. waiting for EKF yaw/EV alignment ===
=== [decoupled/dec_f67_y135] 3c. waiting for the arm stack + planner ===
=== [decoupled/dec_f67_y135] 4. flying (--laps 2 --time-scale 1.0 --hover-z 1.2 --shape figure8 --fig8-a 0.75 --fig8-b 0.375 --lap-time 67 --q2-period 134 --yaw-deg 135) ===
=== [decoupled/dec_f67_y135] done (driver rc=0) ===
[ 208.20s] mode -> SAFETY
[ 219.75s] PHASE LAND  mode=SAFETY plan=IDLE ee=NONE
[ 239.77s] PHASE DONE  mode=SAFETY plan=IDLE ee=NONE
[ 239.77s] service rc/disarm -> std_srvs.srv.Trigger_Response(success=True, message='Disarm command sent')
EE tracking during the run: 2070 samples, mean 97.0 mm, p95 155.3 mm, max 171.1 mm
saved /home/shiqi/fsc_PegasusSimulator/docs/docs_aerial_manipulator/wb_vs_decoupled_20260918/decoupled_dec_f67_y135.npz aborted=False 
############ dec_f67_y135 rc=0 ############
