
############ wb/wb_c24  --shape circle --radius 0.75 --lap-time 24 --yaw-deg 0 ############
=== [wb/wb_c24] 0. clean slate ===
=== [wb/wb_c24] 1. controller stack ===
=== [wb/wb_c24] 2. Pegasus / PX4 / arm ===
=== [wb/wb_c24] 3. waiting for odometry ===
=== [wb/wb_c24] 3b. waiting for EKF yaw/EV alignment ===
=== [wb/wb_c24] 3c. waiting for the arm stack + planner ===
=== [wb/wb_c24] 4. flying (--laps 2 --time-scale 1.0 --hover-z 1.2 --shape circle --radius 0.75 --lap-time 24 --yaw-deg 0) ===
=== [wb/wb_c24] done (driver rc=0) ===
[ 147.55s] service set_direct_mode(false) -> std_srvs.srv.SetBool_Response(success=True, message='Switched to SAFETY mode')
[ 159.57s] PHASE LAND  mode=SAFETY plan=IDLE ee=NONE
[ 179.59s] PHASE DONE  mode=SAFETY plan=IDLE ee=NONE
[ 179.59s] service rc/disarm -> std_srvs.srv.Trigger_Response(success=True, message='Disarm command sent')
EE tracking during the run: 780 samples, mean 202.0 mm, p95 255.7 mm, max 276.6 mm
saved /home/shiqi/fsc_PegasusSimulator/docs/docs_aerial_manipulator/wb_vs_decoupled_20260918/wb_wb_c24.npz aborted=False 
############ wb_c24 rc=0 ############

############ wb/wb_c32  --shape circle --radius 0.75 --lap-time 32 --yaw-deg 0 ############
=== [wb/wb_c32] 0. clean slate ===
=== [wb/wb_c32] 1. controller stack ===
=== [wb/wb_c32] 2. Pegasus / PX4 / arm ===
=== [wb/wb_c32] 3. waiting for odometry ===
=== [wb/wb_c32] 3b. waiting for EKF yaw/EV alignment ===
=== [wb/wb_c32] 3c. waiting for the arm stack + planner ===
=== [wb/wb_c32] 4. flying (--laps 2 --time-scale 1.0 --hover-z 1.2 --shape circle --radius 0.75 --lap-time 32 --yaw-deg 0) ===
=== [wb/wb_c32] done (driver rc=0) ===
[  58.97s] PHASE LAND  mode=DIRECT plan=HOLD ee=INFEASIBLE: run does not start/end at rest (17.062 mm)
[  58.97s] mode -> SAFETY
[  58.97s] service set_direct_mode(false) -> std_srvs.srv.SetBool_Response(success=True, message='Switched to SAFETY mode')
[  78.99s] PHASE DONE  mode=SAFETY plan=IDLE ee=NONE
[  78.99s] service rc/disarm -> std_srvs.srv.Trigger_Response(success=True, message='Disarm command sent')
saved /home/shiqi/fsc_PegasusSimulator/docs/docs_aerial_manipulator/wb_vs_decoupled_20260918/wb_wb_c32.npz aborted=True trajectory not READY: INFEASIBLE: run does not start/end at rest (17.062 mm)
############ wb_c32 rc=0 ############

############ wb/wb_c48  --shape circle --radius 0.75 --lap-time 48 --yaw-deg 0 ############
=== [wb/wb_c48] 0. clean slate ===
=== [wb/wb_c48] 1. controller stack ===
=== [wb/wb_c48] 2. Pegasus / PX4 / arm ===
=== [wb/wb_c48] 3. waiting for odometry ===
=== [wb/wb_c48] 3b. waiting for EKF yaw/EV alignment ===
=== [wb/wb_c48] 3c. waiting for the arm stack + planner ===
=== [wb/wb_c48] 4. flying (--laps 2 --time-scale 1.0 --hover-z 1.2 --shape circle --radius 0.75 --lap-time 48 --yaw-deg 0) ===
=== [wb/wb_c48] done (driver rc=0) ===
[ 196.41s] service set_direct_mode(false) -> std_srvs.srv.SetBool_Response(success=True, message='Switched to SAFETY mode')
[ 208.43s] PHASE LAND  mode=SAFETY plan=IDLE ee=NONE
[ 228.45s] PHASE DONE  mode=SAFETY plan=IDLE ee=NONE
[ 228.46s] service rc/disarm -> std_srvs.srv.Trigger_Response(success=True, message='Disarm command sent')
EE tracking during the run: 1500 samples, mean 120.6 mm, p95 143.1 mm, max 149.0 mm
saved /home/shiqi/fsc_PegasusSimulator/docs/docs_aerial_manipulator/wb_vs_decoupled_20260918/wb_wb_c48.npz aborted=False 
############ wb_c48 rc=0 ############

############ wb/wb_f67  --shape figure8 --fig8-a 0.75 --fig8-b 0.375 --lap-time 67 --q2-period 134 --yaw-deg 0 ############
=== [wb/wb_f67] 0. clean slate ===
=== [wb/wb_f67] 1. controller stack ===
=== [wb/wb_f67] 2. Pegasus / PX4 / arm ===
=== [wb/wb_f67] 3. waiting for odometry ===
=== [wb/wb_f67] 3b. waiting for EKF yaw/EV alignment ===
=== [wb/wb_f67] 3c. waiting for the arm stack + planner ===
=== [wb/wb_f67] 4. flying (--laps 2 --time-scale 1.0 --hover-z 1.2 --shape figure8 --fig8-a 0.75 --fig8-b 0.375 --lap-time 67 --q2-period 134 --yaw-deg 0) ===
=== [wb/wb_f67] done (driver rc=0) ===
[ 232.53s] service set_direct_mode(false) -> std_srvs.srv.SetBool_Response(success=True, message='Switched to SAFETY mode')
[ 244.55s] PHASE LAND  mode=SAFETY plan=IDLE ee=NONE
[ 264.57s] PHASE DONE  mode=SAFETY plan=IDLE ee=NONE
[ 264.57s] service rc/disarm -> std_srvs.srv.Trigger_Response(success=True, message='Disarm command sent')
EE tracking during the run: 2070 samples, mean 90.8 mm, p95 142.0 mm, max 162.2 mm
saved /home/shiqi/fsc_PegasusSimulator/docs/docs_aerial_manipulator/wb_vs_decoupled_20260918/wb_wb_f67.npz aborted=False 
############ wb_f67 rc=0 ############

############ wb/wb_f67_y90  --shape figure8 --fig8-a 0.75 --fig8-b 0.375 --lap-time 67 --q2-period 134 --yaw-deg 90 ############
=== [wb/wb_f67_y90] 0. clean slate ===
=== [wb/wb_f67_y90] 1. controller stack ===
=== [wb/wb_f67_y90] 2. Pegasus / PX4 / arm ===
=== [wb/wb_f67_y90] 3. waiting for odometry ===
=== [wb/wb_f67_y90] 3b. waiting for EKF yaw/EV alignment ===
=== [wb/wb_f67_y90] 3c. waiting for the arm stack + planner ===
=== [wb/wb_f67_y90] 4. flying (--laps 2 --time-scale 1.0 --hover-z 1.2 --shape figure8 --fig8-a 0.75 --fig8-b 0.375 --lap-time 67 --q2-period 134 --yaw-deg 90) ===
=== [wb/wb_f67_y90] done (driver rc=0) ===
[ 233.01s] service set_direct_mode(false) -> std_srvs.srv.SetBool_Response(success=True, message='Switched to SAFETY mode')
[ 245.03s] PHASE LAND  mode=SAFETY plan=IDLE ee=NONE
[ 265.05s] PHASE DONE  mode=SAFETY plan=IDLE ee=NONE
[ 265.05s] service rc/disarm -> std_srvs.srv.Trigger_Response(success=True, message='Disarm command sent')
EE tracking during the run: 2070 samples, mean 88.0 mm, p95 141.5 mm, max 158.8 mm
saved /home/shiqi/fsc_PegasusSimulator/docs/docs_aerial_manipulator/wb_vs_decoupled_20260918/wb_wb_f67_y90.npz aborted=False 
############ wb_f67_y90 rc=0 ############
