
############ decoupled/dec_c48  --shape circle --radius 0.75 --lap-time 48 --yaw-deg 0 ############
=== [decoupled/dec_c48] 0. clean slate ===
=== [decoupled/dec_c48] 1. controller stack ===
=== [decoupled/dec_c48] 2. Pegasus / PX4 / arm ===
=== [decoupled/dec_c48] 3. waiting for odometry ===
=== [decoupled/dec_c48] 3b. waiting for EKF yaw/EV alignment ===
=== [decoupled/dec_c48] 3c. waiting for the arm stack + planner ===
=== [decoupled/dec_c48] 4. flying (--laps 2 --time-scale 1.0 --hover-z 1.2 --shape circle --radius 0.75 --lap-time 48 --yaw-deg 0) ===
=== [decoupled/dec_c48] done (driver rc=0) ===
[ 177.99s] mode -> SAFETY
[ 189.95s] PHASE LAND  mode=SAFETY plan=IDLE ee=NONE
[ 209.97s] PHASE DONE  mode=SAFETY plan=IDLE ee=NONE
[ 209.97s] service rc/disarm -> std_srvs.srv.Trigger_Response(success=True, message='Disarm command sent')
EE tracking during the run: 1500 samples, mean 138.2 mm, p95 158.5 mm, max 166.5 mm
saved /home/shiqi/fsc_PegasusSimulator/docs/docs_aerial_manipulator/wb_vs_decoupled_20260918/decoupled_dec_c48.npz aborted=False 
############ dec_c48 rc=0 ############

############ decoupled/dec_f67_y90  --shape figure8 --fig8-a 0.75 --fig8-b 0.375 --lap-time 67 --q2-period 134 --yaw-deg 90 ############
=== [decoupled/dec_f67_y90] 0. clean slate ===
=== [decoupled/dec_f67_y90] 1. controller stack ===
=== [decoupled/dec_f67_y90] 2. Pegasus / PX4 / arm ===
=== [decoupled/dec_f67_y90] 3. waiting for odometry ===
=== [decoupled/dec_f67_y90] 3b. waiting for EKF yaw/EV alignment ===
=== [decoupled/dec_f67_y90] 3c. waiting for the arm stack + planner ===
=== [decoupled/dec_f67_y90] 4. flying (--laps 2 --time-scale 1.0 --hover-z 1.2 --shape figure8 --fig8-a 0.75 --fig8-b 0.375 --lap-time 67 --q2-period 134 --yaw-deg 90) ===
=== [decoupled/dec_f67_y90] done (driver rc=0) ===
[ 202.62s] mode -> SAFETY
[ 214.53s] PHASE LAND  mode=SAFETY plan=IDLE ee=NONE
[ 234.55s] PHASE DONE  mode=SAFETY plan=IDLE ee=NONE
[ 234.55s] service rc/disarm -> std_srvs.srv.Trigger_Response(success=True, message='Disarm command sent')
EE tracking during the run: 2070 samples, mean 97.6 mm, p95 162.2 mm, max 179.3 mm
saved /home/shiqi/fsc_PegasusSimulator/docs/docs_aerial_manipulator/wb_vs_decoupled_20260918/decoupled_dec_f67_y90.npz aborted=False 
############ dec_f67_y90 rc=0 ############

############ decoupled/dec_c24  --shape circle --radius 0.75 --lap-time 24 --yaw-deg 0 ############
=== [decoupled/dec_c24] 0. clean slate ===
=== [decoupled/dec_c24] 1. controller stack ===
=== [decoupled/dec_c24] 2. Pegasus / PX4 / arm ===
=== [decoupled/dec_c24] 3. waiting for odometry ===
=== [decoupled/dec_c24] 3b. waiting for EKF yaw/EV alignment ===
=== [decoupled/dec_c24] 3c. waiting for the arm stack + planner ===
=== [decoupled/dec_c24] 4. flying (--laps 2 --time-scale 1.0 --hover-z 1.2 --shape circle --radius 0.75 --lap-time 24 --yaw-deg 0) ===
=== [decoupled/dec_c24] done (driver rc=0) ===
[ 122.11s] mode -> SAFETY
[ 133.95s] PHASE LAND  mode=SAFETY plan=IDLE ee=NONE
[ 153.97s] PHASE DONE  mode=SAFETY plan=IDLE ee=NONE
[ 153.97s] service rc/disarm -> std_srvs.srv.Trigger_Response(success=True, message='Disarm command sent')
EE tracking during the run: 780 samples, mean 248.5 mm, p95 301.9 mm, max 308.6 mm
saved /home/shiqi/fsc_PegasusSimulator/docs/docs_aerial_manipulator/wb_vs_decoupled_20260918/decoupled_dec_c24.npz aborted=False 
############ dec_c24 rc=0 ############

############ wb/wb_c32  --shape circle --radius 0.75 --lap-time 32 --yaw-deg 0 ############
=== [wb/wb_c32] 0. clean slate ===
=== [wb/wb_c32] 1. controller stack ===
=== [wb/wb_c32] 2. Pegasus / PX4 / arm ===
=== [wb/wb_c32] 3. waiting for odometry ===
=== [wb/wb_c32] 3b. waiting for EKF yaw/EV alignment ===
=== [wb/wb_c32] 3c. waiting for the arm stack + planner ===
=== [wb/wb_c32] 4. flying (--laps 2 --time-scale 1.0 --hover-z 1.2 --shape circle --radius 0.75 --lap-time 32 --yaw-deg 0) ===
=== [wb/wb_c32] done (driver rc=0) ===
[ 166.68s] service set_direct_mode(false) -> std_srvs.srv.SetBool_Response(success=True, message='Switched to SAFETY mode')
[ 178.69s] PHASE LAND  mode=SAFETY plan=IDLE ee=NONE
[ 198.71s] PHASE DONE  mode=SAFETY plan=IDLE ee=NONE
[ 198.72s] service rc/disarm -> std_srvs.srv.Trigger_Response(success=True, message='Disarm command sent')
EE tracking during the run: 1020 samples, mean 170.7 mm, p95 205.9 mm, max 214.9 mm
saved /home/shiqi/fsc_PegasusSimulator/docs/docs_aerial_manipulator/wb_vs_decoupled_20260918/wb_wb_c32.npz aborted=False 
############ wb_c32 rc=0 ############
