[   1.06s] planner: IDLE
[   1.06s] pick_place: NOT IN DIRECT
[   1.07s] payload at rest [1.0, 1.0, 1.0405]
[   1.12s] reset: success=True pick-and-place progress and plan cleared (captures and the Adjust offset kept)
[   1.17s] adjust: success=True drone points moved by [0.102, -0.071, 0.000] m, yaw 0.0 deg (written into Start, Place Start, Land Start, Land; Place not moved); press Plan
[   2.22s] capture_pick: success=True captured pick at [1.000, 1.000, 1.040] m, yaw -0.0 deg from /obj_0/mocap (125 samples, spread 2.0 mm); the EE offset is applied in this object frame
[   3.27s] offboard: success=True Offboard mode request sent
[   6.32s] arm: success=True Arm command sent
[   8.33s] climbing to 1.0 m
[  21.01s] planner: HOLD
[  21.01s] pick_place: NOT PLANNED: press Plan
[  21.06s] set_direct_mode(true): success=True Switched to DIRECT mode
[  21.06s] MARK direct
[  23.81s] planner: IDLE
[  23.81s] pick_place: NOT IN DIRECT
[  36.07s] ABORT: left DIRECT while planner HOLD
[  42.08s] landing by reference
[  57.61s] disarm: success=True Disarm command sent
saved /home/shiqi/fsc_PegasusSimulator/docs/docs_aerial_manipulator/archive/pick_place_top_hat_20261008/tools/../runs/cmp_mod_r2_a3.npz
ABORTED: left DIRECT while planner HOLD
