Starting indoor AM-T650-WB-L1-4D-PNP PX4 SITL with persistent OptiTrack parameters...  
[AM-T650-PNP] payload 'box': /home/shiqi/fsc_PegasusSimulator/extensions/fsc_aerial_manipulation/fsc_aerial_manipulation/rotorcraft/assets/Box_Payload.usda referenced on /World/pick_place/payload, 37 colliders, 200 g, CoM [-0.5, 0.1, -3.4] mm from the basket centre (the CAD solid's)       
[AM-T650-WB] spawned PX4-PRIMARY AM at /World/quadrotor_0: MN4010 k_f=4.1908e-05 (x1.0370 PLANT-SIDE) k_m=5.7722e-07 (x0.2333 PLANT-SIDE) lambda=10.0265 omega=[0.0, 730.0507] map u->omega: x665.9904 +64.0603 | lockstep=OFF                  
[AM-T650-WB] BATTERY SAG: k_f falls 3.60 %/min from lift-off (the 0918/0924 packs measured -2.6..-4.5 %/min).           
[AM-T650-WB] STANDING WRENCH BIAS on the body (FLU): force [0.55, -0.5, 0.0] N, torque [0.0, 0.0, -0.095] N.m -- the airframe asymmetry the flights' observer found.      
[AM-T650-WB] ARM VELOCITY FEEDBACK emulates Present Velocity: lag 48 ms, quantum 0.024 rad/s (reported only; the physics and the friction model use the true rate).       
[AM-T650-WB] self-collision disabled on /World/quadrotor_0  
[AM-T650-WB] disabled 4 rotor collider(s).        
[AM-T650-WB] INJECTION body CoM [-3.300e-04 -1.000e-05  4.042e-02] -> [-1.818e-02 -1.000e-05  4.042e-02] m (shift [-0.01785  0.       0.     ])                 
[AM-T650-WB] body inertia diag [0.063342 0.063012 0.098681] -> [0.077    0.064082 0.065005] kg·m² (T650), Ixy +0.008900; authored as principal moments [0.059544 0.065005 0.081538] + principalAxes (w,x,y,z) [ 0.603   0.603  -0.3694 -0.3694] 
[AM-T650-WB] inertia round-trip off the stage: max err 2.88e-09 kg·m²           
[AM-T650-WB] T650 MASS OVERRIDE: /World/quadrotor_0/body 2.476079 -> 2.950000 kg (delta +0.473921); other bodies 0.796170 kg; TOTAL 3.272249 -> 3.746170 kg (weight 36.75 N). vehicle_mass in params_..._t650_aerial_manipulator.yaml MUST equal this total. The .usda is untouched.    
[AM-T650-WB] gripper drive stiffened on /World/quadrotor_0/hub/gripper_joint    
[AM-T650-PNP] gripper drive torque capped at 0.3 N.m (06: 1000) -- a closed gripper squeezes the handle with a bounded force      
[AM-T650-WB] core Articulation API active; arm dof indices [6, 3, 1, 0], gripper dof 2    
[AM-T650-WB] control model mirrored: m0=3.109550 kg, m_total=3.746174 kg (hover thrust 36.75 N)     
[AM-T650-WB] arm spawned at HOME q = [ 0. 40. 40.  0.] deg (body re-seated: teleport moved it 0.189 m)                  
[AM-T650-WB] ground-seated: body z 0.613 -> 0.305 m (dz=-0.308)                 
[AM-T650-WB] arm armature (joint-diagonal, default) = [0.0200, 0.0200, 0.0200, 0.0200] kg·m²        
[AM-T650-WB] arm servo model 'current' (noise from the controller yaml): current-loop residual [9.6, 6.2, 9.6, 9.6] mA rms @ [5.0, 5.0, 5.0, 5.0] Hz = [22.0, 15.0, 23.7, 23.3] mN·m rms, seed 0, ceiling [3.0, 3.0, 3.0, 3.0] N·m              
[AM-T650-WB] count↔torque path OFF: the arm command stays a continuous torque (perfect calibration, no register)        
[AM-T650-WB] GEARBOX FRICTION ACTIVE x[1.0, 0.7, 0.65, 1.5] per joint: [fc + mu|tau|] tanh(qd/0.015) with fc [17.1, 31.4, 57.5, 52.4] mN·m, mu [0.0, 0.246, 0.161, 0.0] -- at the home hold load that is [17.1, 142.5, 62.5, 78.6] mN·m per joint, of which the arm controller's feed-forward pays 1.00x the report's model. Momentum-clamped at I_min 0.0200 kg·m².    
[AM-T650-WB] arm dofs in effort mode; EXTERNAL TORQUE (clip ±3.0 N·m, fresh < 0.3s) with PD+gravity fallback KP=3.0 KD=0.25 on a stale stream                   
[AM-T650-WB] GRIPPER bus: /uav_0/isaacsim_manipulator/gripper_command -> gripper_joint drive (slew 0.5 rad/s, +-50 deg), state on /uav_0/isaacsim_manipulator/gripper_state         
[AM-T650-WB] arm ROS2 bridge up: states -> /uav_0/isaacsim_manipulator/joint_states, efforts <- /uav_0/isaacsim_manipulator/effort_commands (names ['joint1', 'joint2', 'joint3', 'joint4'])            
[AM-T650-PNP] waypoint view on: blue = '<point> drone' body goal (yaw in the label), orange = '<point> EE' claw target, grey = 'Pick/Place drone' body once planned       
[AM-T650-PNP] PICK-AND-PLACE SCENE: vehicle at (0.10, -0.07) m, yaw 0 deg; pillars 1.0 m tall under the HAT (platform 200.6 mm, its top at 1.008 m; pillars 97.66 mm = the hat's ribs 97.86 mm less 0.2 mm), PICK at (1.0, 1.0) (basket centre -> mocap obj_0), PLACE at (-1.0, -1.0); payload = the CAD BOX (200 g, yaw 0.0 deg): basket centre [1.0, 1.0, 1.041] m, hanger plane at x = -27.5 mm (2.5 mm thick, normal = the payload's x: the claw comes in along it, the jaws close along its y), hanger top 200.9 mm above the basket centre. HOOK GRASP: the fingers go in under the arch on either side of the stem and lift it. Friction 1.2/1.0 (combine max).    
[AM-T650-WB] REAL-TIME PACER on (headless): simulated time is held to the wall clock (RTF <= 1).    
[AM-T650-WB] arm gravity: fast path == dynamics() to 1.1e-16 N.m                
[AM-T650-WB] t=    0.0s  z= 0.305 m  |v|= 0.00 m/s  arm=PD-HOLD  q=[-0.  39.9 40.   0. ] deg  |tau|max cmd/app=0.77/0.93 N·m  cmds: none yet (PD hold at spawn pose)  omega=[0.,0.,0.,0.] rad/s         
[AM-T650-PNP] WAYPOINTS:                
[AM-T650-PNP] WAYPOINTS:                
[AM-T650-PNP] GRIPPER PROBE (gripper at 0.0 deg): pad CoM separation 57.6 mm, inner-face gap 43.3 mm (rays 21.6 / 21.6 mm, bodies right_grip / left_grip); closing axis world [0.002, 1.0, 0.004] = body(FLU) [0.002, 1.0, 0.004]; pad midpoint in the wrist frame [0.0001, 0.0119, -0.0688] m    
[AM-T650-PNP] PAD EXTENT along the claw axis (from the pad midpoint, + = out): [-12, +54] mm, i.e. the pad faces span -15..51 mm ABOVE the claw point; first body above the pad midpoint: 23 mm (manip_base) = 62 mm above the claw point       
[AM-T650-PNP] JAW GAP vs height above the claw point [mm] (l = -25 / 0 / +25 mm): -16: -/39/-  -12: -/38/-  -8: -/38/-  -4: -/38/-  +0: -/38/-  +4: -/38/-  +8: -/37/-  +12: -/37/-  +16: -/37/-  +20: -/37/-  +24: -/37/-  +28: -/43/-  +32: -/44/-  +36: -/43/-  +40: -/43/-  +44: 34/43/34  +48: 17/15/17  +52: 23/-/23  +56: 31/47/30  +60: 39/6/39  +64: 12/0/50   
[AM-T650-PNP] HANDLE CEILING: the lowest gripper surface over a 30 x 60 mm handle footprint is 44.3 mm above the claw point (at c -15, l -20 mm, left_grip); per row min l -30: 63, l -20: 44, l -10: 44, l +0: 44, l +10: 44, l +20: 44 mm     
[AM-T650-PNP] FOOTPRINT PROBE (body frame, x = nose, y = left; body origin 0.305 m above the floor): underside below -0.20 m at 45 of 235 grid points, x [-0.16, +0.16] m, y [-0.16, +0.16] m, lowest -0.302 m; bodies ['body']                 
[AM-T650-PNP]   x -0.24 m: lowest underside +0.004 m (0 gear points)            
[AM-T650-PNP]   x -0.20 m: lowest underside +0.007 m (0 gear points)            
[AM-T650-PNP]   x -0.16 m: lowest underside -0.302 m (2 gear points, y -0.16 +0.16)       
[AM-T650-PNP]   x -0.12 m: lowest underside -0.302 m (2 gear points, y -0.16 +0.16)       
[AM-T650-PNP]   x -0.08 m: lowest underside -0.302 m (3 gear points, y -0.16 -0.14 +0.16) 
[AM-T650-PNP]   x -0.04 m: lowest underside -0.302 m (3 gear points, y -0.16 -0.14 +0.16) 
[AM-T650-PNP]   x -0.00 m: lowest underside -0.302 m (6 gear points, y -0.16 -0.14 -0.12 +0.12 +0.14 +0.16)             
[AM-T650-PNP]   x +0.04 m: lowest underside -0.302 m (3 gear points, y -0.16 -0.14 +0.16) 
[AM-T650-PNP]   x +0.08 m: lowest underside -0.302 m (2 gear points, y -0.16 +0.16)       
[AM-T650-PNP]   x +0.12 m: lowest underside -0.302 m (2 gear points, y -0.16 +0.16)       
[AM-T650-PNP]   x +0.16 m: lowest underside -0.302 m (2 gear points, y -0.16 +0.16)       
[AM-T650-PNP]   x +0.20 m: lowest underside -0.083 m (0 gear points)            
[AM-T650-PNP]   x +0.24 m: lowest underside -0.076 m (0 gear points)            
[AM-T650-PNP] HOOK PROFILE (claw frame, mm; a = claw axis [0.983, -0.001, -0.181], w = up [0.181, -0.005, 0.983], gripper at 0.0 deg): s -60: top +30.1 (u -28) bottom -30.1, across u [-40,+40] | s -55: top +30.0 (u -28) bottom -30.0, across u [-40,+40] | s -50: top +29.9 (u -30) bottom -29.9, across u [-40,+40] | s -45: top +29.2 (u -24) bottom -29.2, across u [-40,+40] | s -40: top +18.6 (u -26) bottom -18.7, across u [-40,+40] | s -35: top +18.4 (u -26) bottom -18.4, across u [-40,+40] | s -30: top +18.2 (u -28) bottom -18.1, across u [-40,+40] | s -25: top +17.7 (u -28) bottom -17.7, across u [-38,+38] | s -20: top +17.2 (u -28) bottom -17.3, across u [-36,+36] | s -15: top +16.6 (u -28) bottom -16.8, across u [-34,+34] | s -10: top +16.1 (u -28) bottom -16.2, across u [-32,+32] | s -5: top +15.6 (u -26) bottom -15.1, across u [-32,+30] | s -0: top +15.0 (u -28) bottom -15.1, across u [-30,+30] | s +5: top +14.5 (u -28) bottom -14.4, across u [-30,+30] | s +10: top +13.9 (u -28) bottom -13.9, across u [-28,+28] | s +15: top +12.0 (u -28) bottom -12.1, across u [-28,+28] | s +20: - | s +25: - | s +30: -        
[AM-T650-WB] external torque stream LIVE at t=2.4s — applying commanded efforts 
[AM-T650-WB] t=    5.0s  z= 0.305 m  |v|= 0.00 m/s  arm=EXT-TORQUE  q=[ -5.1 -14.2  33.1   0. ] deg  |tau|max cmd/app=0.00/0.04 N·m  cmds: n=658, age  0.0s  omega=[0.,0.,0.,0.] rad/s                  
[AM-T650-WB] RTF 0.985 over the last 10.0 s (worst lag 51.5 ms, 3 re-anchor(s), slept 0.41 s)       
[AM-T650-WB] t=   10.0s  z= 0.305 m  |v|= 0.00 m/s  arm=EXT-TORQUE  q=[-0.1 40.3 39.5 -0. ] deg  |tau|max cmd/app=0.69/0.70 N·m  cmds: n=1902, age  0.0s  omega=[0.,0.,0.,0.] rad/s 
[AM-T650-WB] t=   15.0s  z= 0.305 m  |v|= 0.00 m/s  arm=EXT-TORQUE  q=[-0.3 40.  40.1  0. ] deg  |tau|max cmd/app=0.70/0.70 N·m  cmds: n=3148, age  0.0s  omega=[0.,0.,0.,0.] rad/s 
[AM-T650-WB] RTF 1.000 over the last 10.0 s (worst lag 1.4 ms, 0 re-anchor(s), slept 0.60 s)        
[AM-T650-WB] t=   20.0s  z= 0.305 m  |v|= 0.00 m/s  arm=EXT-TORQUE  q=[-0.  40.  39.5 -0. ] deg  |tau|max cmd/app=0.71/0.72 N·m  cmds: n=4392, age  0.0s  omega=[0.,0.,0.,0.] rad/s 
[AM-T650-WB] t=   25.0s  z= 0.305 m  |v|= 0.00 m/s  arm=EXT-TORQUE  q=[-0.2 40.  39.9  0. ] deg  |tau|max cmd/app=0.70/0.70 N·m  cmds: n=5638, age  0.0s  omega=[0.,0.,0.,0.] rad/s 
[AM-T650-WB] RTF 1.000 over the last 10.0 s (worst lag 8.0 ms, 0 re-anchor(s), slept 0.61 s)        
[AM-T650-WB] t=   30.0s  z= 0.305 m  |v|= 0.00 m/s  arm=EXT-TORQUE  q=[-0.3 39.9 40.   0. ] deg  |tau|max cmd/app=0.71/0.72 N·m  cmds: n=6882, age  0.0s  omega=[0.,0.,0.,0.] rad/s 
[AM-T650-WB] t=   35.0s  z= 0.305 m  |v|= 0.00 m/s  arm=EXT-TORQUE  q=[ 0.3 39.9 40.2  0. ] deg  |tau|max cmd/app=0.71/0.71 N·m  cmds: n=8128, age  0.0s  omega=[0.,0.,0.,0.] rad/s 
[AM-T650-WB] RTF 1.000 over the last 10.0 s (worst lag 2.3 ms, 0 re-anchor(s), slept 0.61 s)        
[AM-T650-WB] t=   40.0s  z= 0.305 m  |v|= 0.00 m/s  arm=EXT-TORQUE  q=[-0.4 39.9 40.  -0.1] deg  |tau|max cmd/app=0.71/0.70 N·m  cmds: n=9372, age  0.0s  omega=[0.,0.,0.,0.] rad/s 
[AM-T650-WB] t=   45.0s  z= 0.305 m  |v|= 0.00 m/s  arm=EXT-TORQUE  q=[-0.6 39.9 40.1 -0.1] deg  |tau|max cmd/app=0.71/0.70 N·m  cmds: n=10618, age  0.0s  omega=[0.,0.,0.,0.] rad/s                    
[AM-T650-PNP] WAYPOINTS:                
[AM-T650-PNP] WAYPOINTS:                
[AM-T650-WB] RTF 1.000 over the last 10.0 s (worst lag 18.4 ms, 0 re-anchor(s), slept 0.50 s)       
[AM-T650-WB] t=   50.0s  z= 0.305 m  |v|= 0.00 m/s  arm=EXT-TORQUE  q=[ 0.6 39.9 40.1  0. ] deg  |tau|max cmd/app=0.71/0.71 N·m  cmds: n=11709, age  0.0s  omega=[0.,0.,0.,0.] rad/s                    
[AM-T650-WB] t=   55.0s  z= 0.439 m  |v|= 0.16 m/s  arm=EXT-TORQUE  q=[ 0.3 39.9 39.9  0. ] deg  |tau|max cmd/app=0.71/0.71 N·m  cmds: n=12707, age  0.0s  omega=[435.,417.,514.,504.] rad/s            
[AM-T650-WB] RTF 1.000 over the last 10.0 s (worst lag 8.2 ms, 0 re-anchor(s), slept 0.44 s)        
[AM-T650-WB] t=   60.0s  z= 0.936 m  |v|= 0.04 m/s  arm=EXT-TORQUE  q=[ 0.  40.  39.9  0. ] deg  |tau|max cmd/app=0.70/0.70 N·m  cmds: n=13701, age  0.0s  omega=[427.,419.,516.,505.] rad/s            
[AM-T650-WB] t=   65.0s  z= 0.984 m  |v|= 0.02 m/s  arm=EXT-TORQUE  q=[ 0.4 40.  40.1  0.1] deg  |tau|max cmd/app=0.71/0.71 N·m  cmds: n=14698, age  0.0s  omega=[432.,422.,515.,504.] rad/s            
[AM-T650-WB] RTF 1.000 over the last 10.0 s (worst lag 4.2 ms, 0 re-anchor(s), slept 0.49 s)        
[AM-T650-WB] t=   70.0s  z= 0.987 m  |v|= 0.02 m/s  arm=EXT-TORQUE  q=[ 1.4 37.6 41.5 -0.3] deg  |tau|max cmd/app=0.78/0.64 N·m  cmds: n=15692, age  0.0s  omega=[434.,425.,512.,502.] rad/s            
[AM-T650-WB] t=   75.0s  z= 0.987 m  |v|= 0.02 m/s  arm=EXT-TORQUE  q=[-0.1 39.  40.8 -0.3] deg  |tau|max cmd/app=0.89/0.72 N·m  cmds: n=16688, age  0.0s  omega=[435.,425.,517.,505.] rad/s            
[AM-T650-WB] RTF 1.000 over the last 10.0 s (worst lag 4.2 ms, 0 re-anchor(s), slept 0.41 s)        
[AM-T650-WB] t=   80.0s  z= 0.988 m  |v|= 0.01 m/s  arm=EXT-TORQUE  q=[ 0.  39.1 40.5 -0.3] deg  |tau|max cmd/app=0.63/0.69 N·m  cmds: n=17685, age  0.0s  omega=[438.,422.,514.,507.] rad/s            
[AM-T650-PNP] WAYPOINTS:                
[AM-T650-WB] t=   85.0s  z= 0.998 m  |v|= 0.02 m/s  arm=EXT-TORQUE  q=[-0.  38.7 41.  -0.2] deg  |tau|max cmd/app=0.68/0.56 N·m  cmds: n=18676, age  0.0s  omega=[434.,423.,518.,513.] rad/s            
[AM-T650-WB] RTF 1.000 over the last 10.0 s (worst lag 5.1 ms, 0 re-anchor(s), slept 0.47 s)        
[AM-T650-WB] t=   90.0s  z= 1.074 m  |v|= 0.26 m/s  arm=EXT-TORQUE  q=[ 0.4 37.1 39.7 -0.4] deg  |tau|max cmd/app=0.77/0.72 N·m  cmds: n=19672, age  0.0s  omega=[438.,430.,518.,507.] rad/s            
[AM-T650-WB] t=   95.0s  z= 1.303 m  |v|= 0.03 m/s  arm=EXT-TORQUE  q=[ 0.6 30.8 38.3 -0.5] deg  |tau|max cmd/app=0.49/0.59 N·m  cmds: n=20667, age  0.0s  omega=[436.,429.,515.,509.] rad/s            
[AM-T650-WB] RTF 1.000 over the last 10.0 s (worst lag 20.7 ms, 0 re-anchor(s), slept 0.42 s)       
[AM-T650-WB] t=  100.0s  z= 1.303 m  |v|= 0.02 m/s  arm=EXT-TORQUE  q=[ 0.3 29.8 39.5 -0.3] deg  |tau|max cmd/app=0.79/0.70 N·m  cmds: n=21661, age  0.0s  omega=[441.,426.,518.,513.] rad/s            
[AM-T650-WB] t=  105.0s  z= 1.303 m  |v|= 0.02 m/s  arm=EXT-TORQUE  q=[ 0.1 29.7 39.7 -0.7] deg  |tau|max cmd/app=0.60/0.67 N·m  cmds: n=22653, age  0.0s  omega=[442.,431.,515.,509.] rad/s            
[AM-T650-WB] RTF 1.000 over the last 10.0 s (worst lag 22.0 ms, 0 re-anchor(s), slept 0.28 s)       
[AM-T650-WB] t=  110.0s  z= 1.507 m  |v|= 0.07 m/s  arm=EXT-TORQUE  q=[ 1.  28.2 38.4 -1.5] deg  |tau|max cmd/app=1.42/1.16 N·m  cmds: n=23649, age  0.0s  omega=[487.,452.,523.,484.] rad/s            
[AM-T650-WB] t=  115.0s  z= 1.340 m  |v|= 0.28 m/s  arm=EXT-TORQUE  q=[ 5.1 34.1 37.4 -3.9] deg  |tau|max cmd/app=0.97/1.17 N·m  cmds: n=24643, age  0.0s  omega=[498.,475.,519.,471.] rad/s            
[AM-T650-WB] RTF 1.000 over the last 10.0 s (worst lag 11.5 ms, 0 re-anchor(s), slept 0.24 s)       
[AM-T650-WB] t=  120.0s  z= 1.046 m  |v|= 0.17 m/s  arm=EXT-TORQUE  q=[10.4 32.8 48.  -4.6] deg  |tau|max cmd/app=0.46/0.33 N·m  cmds: n=25639, age  0.0s  omega=[447.,459.,503.,510.] rad/s            
[AM-T650-WB] t=  125.0s  z= 0.997 m  |v|= 0.01 m/s  arm=EXT-TORQUE  q=[12.3 38.6 42.6 -3. ] deg  |tau|max cmd/app=0.80/0.69 N·m  cmds: n=26634, age  0.0s  omega=[449.,433.,521.,509.] rad/s            
[AM-T650-WB] RTF 1.000 over the last 10.0 s (worst lag 3.5 ms, 0 re-anchor(s), slept 0.46 s)        
[AM-T650-WB] t=  130.0s  z= 1.086 m  |v|= 0.23 m/s  arm=EXT-TORQUE  q=[10.2 36.7 42.2 -2.2] deg  |tau|max cmd/app=0.46/0.57 N·m  cmds: n=27629, age  0.0s  omega=[435.,438.,530.,515.] rad/s            
[AM-T650-WB] t=  135.0s  z= 1.480 m  |v|= 0.02 m/s  arm=EXT-TORQUE  q=[-0.  29.5 38.6 -1.8] deg  |tau|max cmd/app=0.61/0.75 N·m  cmds: n=28625, age  0.0s  omega=[446.,436.,524.,516.] rad/s            
[AM-T650-WB] RTF 1.000 over the last 10.0 s (worst lag 9.4 ms, 0 re-anchor(s), slept 0.38 s)        
[AM-T650-WB] t=  140.0s  z= 1.481 m  |v|= 0.01 m/s  arm=EXT-TORQUE  q=[ 0.2 31.1 38.6 -1. ] deg  |tau|max cmd/app=0.67/0.70 N·m  cmds: n=29619, age  0.0s  omega=[443.,435.,525.,515.] rad/s            
[AM-T650-WB] t=  145.0s  z= 1.282 m  |v|= 0.01 m/s  arm=EXT-TORQUE  q=[ 0.8 31.1 38.3 -0.1] deg  |tau|max cmd/app=0.86/0.71 N·m  cmds: n=30613, age  0.0s  omega=[455.,438.,525.,513.] rad/s            
[AM-T650-WB] RTF 1.000 over the last 10.0 s (worst lag 2.4 ms, 0 re-anchor(s), slept 0.44 s)        
[AM-T650-WB] t=  150.0s  z= 1.377 m  |v|= 0.14 m/s  arm=EXT-TORQUE  q=[ 0.6 29.6 38.4  0.3] deg  |tau|max cmd/app=0.70/0.84 N·m  cmds: n=31608, age  0.0s  omega=[442.,435.,527.,515.] rad/s            
[AM-T650-WB] t=  155.0s  z= 1.472 m  |v|= 0.03 m/s  arm=EXT-TORQUE  q=[-0.6 29.3 39.7  0.9] deg  |tau|max cmd/app=0.75/0.68 N·m  cmds: n=32584, age  0.0s  omega=[455.,447.,516.,508.] rad/s            
[AM-T650-WB] RTF 1.000 over the last 10.0 s (worst lag 2.1 ms, 0 re-anchor(s), slept 0.41 s)        
[AM-T650-WB] t=  160.0s  z= 1.248 m  |v|= 0.16 m/s  arm=EXT-TORQUE  q=[-0.2 35.3 39.4  1.2] deg  |tau|max cmd/app=0.51/0.62 N·m  cmds: n=33581, age  0.0s  omega=[467.,455.,507.,506.] rad/s            
[AM-T650-WB] t=  165.0s  z= 1.013 m  |v|= 0.05 m/s  arm=EXT-TORQUE  q=[ 0.2 37.6 41.2  1.3] deg  |tau|max cmd/app=0.65/0.71 N·m  cmds: n=34576, age  0.0s  omega=[457.,447.,524.,513.] rad/s            
[AM-T650-WB] RTF 1.000 over the last 10.0 s (worst lag 2.5 ms, 0 re-anchor(s), slept 0.44 s)        
[AM-T650-WB] t=  170.0s  z= 1.001 m  |v|= 0.01 m/s  arm=EXT-TORQUE  q=[ 0.1 39.  40.5  1.3] deg  |tau|max cmd/app=0.63/0.68 N·m  cmds: n=35571, age  0.0s  omega=[443.,440.,532.,522.] rad/s            
[AM-T650-WB] t=  175.0s  z= 0.802 m  |v|= 0.02 m/s  arm=EXT-TORQUE  q=[-0.2 38.2 41.2  1.3] deg  |tau|max cmd/app=0.64/0.69 N·m  cmds: n=36564, age  0.0s  omega=[449.,440.,529.,522.] rad/s            
[AM-T650-PNP] WAYPOINTS:                
[AM-T650-WB] RTF 1.000 over the last 10.0 s (worst lag 18.6 ms, 0 re-anchor(s), slept 0.38 s)       
[AM-T650-WB] t=  180.0s  z= 0.687 m  |v|= 0.19 m/s  arm=EXT-TORQUE  q=[ 1.3 36.5 41.   1. ] deg  |tau|max cmd/app=0.72/0.69 N·m  cmds: n=37560, age  0.0s  omega=[453.,441.,531.,525.] rad/s            
[AM-T650-WB] t=  185.0s  z= 0.758 m  |v|= 0.02 m/s  arm=EXT-TORQUE  q=[ 0.  40.  39.9 -0.1] deg  |tau|max cmd/app=0.70/0.69 N·m  cmds: n=38554, age  0.0s  omega=[449.,438.,529.,519.] rad/s            
[AM-T650-WB] RTF 1.000 over the last 10.0 s (worst lag 3.5 ms, 0 re-anchor(s), slept 0.44 s)        
[AM-T650-WB] t=  190.0s  z= 0.313 m  |v|= 0.15 m/s  arm=EXT-TORQUE  q=[ 0.  39.6 39.2  0. ] deg  |tau|max cmd/app=0.73/0.72 N·m  cmds: n=39551, age  0.0s  omega=[462.,435.,521.,518.] rad/s            
[AM-T650-WB] t=  195.0s  z= 0.308 m  |v|= 0.27 m/s  arm=EXT-TORQUE  q=[ 0.2 39.9 39.7  0. ] deg  |tau|max cmd/app=0.71/0.69 N·m  cmds: n=40545, age  0.0s  omega=[448.,423.,536.,535.] rad/s            
[AM-T650-WB] RTF 1.000 over the last 10.0 s (worst lag 12.2 ms, 0 re-anchor(s), slept 0.41 s)       
[AM-T650-WB] t=  200.0s  z= 0.314 m  |v|= 0.26 m/s  arm=EXT-TORQUE  q=[ 0.2 40.  39.9 -0. ] deg  |tau|max cmd/app=0.71/0.69 N·m  cmds: n=41552, age  0.0s  omega=[452.,433.,524.,527.] rad/s            
